Component: ARM Compiler 5.06 update 7 (build 960) Tool: armlink [4d3601]

==============================================================================

Section Cross References

    main.o(i.L610_Init) refers to _printf_percent.o(.ARM.Collect$$_printf_percent$$00000000) for _printf_percent
    main.o(i.L610_Init) refers to _printf_c.o(.ARM.Collect$$_printf_percent$$00000013) for _printf_c
    main.o(i.L610_Init) refers to _printf_str.o(.text) for _printf_str
    main.o(i.L610_Init) refers to noretval__2printf.o(.text) for __2printf
    main.o(i.L610_Init) refers to delay.o(i.delay_ms) for delay_ms
    main.o(i.L610_Init) refers to main.o(.data) for ch
    main.o(i.L610_Init) refers to main.o(.conststring) for .conststring
    main.o(i.main) refers to _printf_percent.o(.ARM.Collect$$_printf_percent$$00000000) for _printf_percent
    main.o(i.main) refers to _printf_d.o(.ARM.Collect$$_printf_percent$$00000009) for _printf_d
    main.o(i.main) refers to _printf_u.o(.ARM.Collect$$_printf_percent$$0000000A) for _printf_u
    main.o(i.main) refers to _printf_c.o(.ARM.Collect$$_printf_percent$$00000013) for _printf_c
    main.o(i.main) refers to _printf_dec.o(.text) for _printf_int_dec
    main.o(i.main) refers to _printf_str.o(.text) for _printf_str
    main.o(i.main) refers to misc.o(i.NVIC_PriorityGroupConfig) for NVIC_PriorityGroupConfig
    main.o(i.main) refers to delay.o(i.delay_init) for delay_init
    main.o(i.main) refers to usart1.o(i.uart1_init) for uart1_init
    main.o(i.main) refers to usart2.o(i.uart2_init) for uart2_init
    main.o(i.main) refers to hc_sr04.o(i.TIM2_init) for TIM2_init
    main.o(i.main) refers to tftlcd.o(i.LCD_Init) for LCD_Init
    main.o(i.main) refers to tcs34725_iic.o(i.TCS34725_Init) for TCS34725_Init
    main.o(i.main) refers to vl6180x_iic.o(i.VL6180X_Init) for VL6180X_Init
    main.o(i.main) refers to fpga_signals.o(i.FPGA_GPIO_Init) for FPGA_GPIO_Init
    main.o(i.main) refers to hx711.o(i.HX711_All_Init) for HX711_All_Init
    main.o(i.main) refers to tftlcd.o(i.LCD_Clear) for LCD_Clear
    main.o(i.main) refers to tftlcd.o(i.Display_TongFei_LOGO) for Display_TongFei_LOGO
    main.o(i.main) refers to main.o(i.L610_Init) for L610_Init
    main.o(i.main) refers to vl6180x_iic.o(i.VL6180X_Read_Range) for VL6180X_Read_Range
    main.o(i.main) refers to hx711.o(i.HX711_TrashBin1_GetWeight) for HX711_TrashBin1_GetWeight
    main.o(i.main) refers to hx711.o(i.HX711_TrashBin2_GetWeight) for HX711_TrashBin2_GetWeight
    main.o(i.main) refers to hx711.o(i.HX711_TrashBin3_GetWeight) for HX711_TrashBin3_GetWeight
    main.o(i.main) refers to hx711.o(i.HX711_TrashBin4_GetWeight) for HX711_TrashBin4_GetWeight
    main.o(i.main) refers to noretval__2printf.o(.text) for __2printf
    main.o(i.main) refers to strstr.o(.text) for strstr
    main.o(i.main) refers to noretval__2sprintf.o(.text) for __2sprintf
    main.o(i.main) refers to strlen.o(.text) for strlen
    main.o(i.main) refers to usart2.o(i.USART2_SendData) for USART2_SendData
    main.o(i.main) refers to fpga_signals.o(i.FPGA_Cover_Open) for FPGA_Cover_Open
    main.o(i.main) refers to fpga_signals.o(i.FPGA_Recongize_Wait) for FPGA_Recongize_Wait
    main.o(i.main) refers to delay.o(i.delay_ms) for delay_ms
    main.o(i.main) refers to fpga_signals.o(i.FPGA_Recongize_Watch) for FPGA_Recongize_Watch
    main.o(i.main) refers to tcs34725_iic.o(i.TCS34725_GetRGB565Data) for TCS34725_GetRGB565Data
    main.o(i.main) refers to fpga_signals.o(i.FPGA_Bottom_TrashBin4) for FPGA_Bottom_TrashBin4
    main.o(i.main) refers to fpga_signals.o(i.FPGA_Recongize_Throw) for FPGA_Recongize_Throw
    main.o(i.main) refers to fpga_signals.o(i.FPGA_Bottom_TrashBin2) for FPGA_Bottom_TrashBin2
    main.o(i.main) refers to fpga_signals.o(i.FPGA_Bottom_TrashBin3) for FPGA_Bottom_TrashBin3
    main.o(i.main) refers to fpga_signals.o(i.FPGA_Bottom_TrashBin1) for FPGA_Bottom_TrashBin1
    main.o(i.main) refers to fpga_signals.o(i.FPGA_Cover_Close) for FPGA_Cover_Close
    main.o(i.main) refers to usart2.o(.bss) for CMD
    main.o(i.main) refers to main.o(.data) for ay
    main.o(i.main) refers to main.o(.conststring) for .conststring
    main.o(i.main) refers to strncpy.o(.text) for strncpy
    main.o(i.main) refers to rt_memclr_w.o(.text) for __aeabi_memclr4
    main.o(i.main) refers to tftlcd.o(i.LCD_ShowString) for LCD_ShowString
    main.o(i.main) refers to tftlcd.o(i.LCD_ShowNum) for LCD_ShowNum
    main.o(i.main) refers to tftlcd.o(i.LCD_Fill) for LCD_Fill
    main.o(i.main) refers to usart1.o(.bss) for USART1_RX_BUF
    system_stm32f4xx.o(i.SystemCoreClockUpdate) refers to system_stm32f4xx.o(.data) for SystemCoreClock
    system_stm32f4xx.o(i.SystemInit) refers to system_stm32f4xx.o(i.SetSysClock) for SetSysClock
    delay.o(i.delay_init) refers to misc.o(i.SysTick_CLKSourceConfig) for SysTick_CLKSourceConfig
    delay.o(i.delay_init) refers to delay.o(.data) for fac_us
    delay.o(i.delay_ms) refers to delay.o(i.delay_xms) for delay_xms
[...]
    .ARM.Collect$$libinit$$0000000E          0x08000218   Section        0  libinit2.o(.ARM.Collect$$libinit$$0000000E)
    .ARM.Collect$$libinit$$00000011          0x08000218   Section        0  libinit2.o(.ARM.Collect$$libinit$$00000011)
    .ARM.Collect$$libinit$$00000013          0x08000218   Section        0  libinit2.o(.ARM.Collect$$libinit$$00000013)
    .ARM.Collect$$libinit$$00000015          0x08000218   Section        0  libinit2.o(.ARM.Collect$$libinit$$00000015)
    .ARM.Collect$$libinit$$00000017          0x08000218   Section        0  libinit2.o(.ARM.Collect$$libinit$$00000017)
    .ARM.Collect$$libinit$$00000019          0x08000218   Section        0  libinit2.o(.ARM.Collect$$libinit$$00000019)
    .ARM.Collect$$libinit$$0000001B          0x08000218   Section        0  libinit2.o(.ARM.Collect$$libinit$$0000001B)
    .ARM.Collect$$libinit$$0000001D          0x08000218   Section        0  libinit2.o(.ARM.Collect$$libinit$$0000001D)
    .ARM.Collect$$libinit$$0000001F          0x08000218   Section        0  libinit2.o(.ARM.Collect$$libinit$$0000001F)
    .ARM.Collect$$libinit$$00000021          0x08000218   Section        0  libinit2.o(.ARM.Collect$$libinit$$00000021)
    .ARM.Collect$$libinit$$00000023          0x08000218   Section        0  libinit2.o(.ARM.Collect$$libinit$$00000023)
    .ARM.Collect$$libinit$$00000025          0x08000218   Section        0  libinit2.o(.ARM.Collect$$libinit$$00000025)
    .ARM.Collect$$libinit$$0000002C          0x08000218   Section        0  libinit2.o(.ARM.Collect$$libinit$$0000002C)
    .ARM.Collect$$libinit$$0000002E          0x08000218   Section        0  libinit2.o(.ARM.Collect$$libinit$$0000002E)
    .ARM.Collect$$libinit$$00000030          0x08000218   Section        0  libinit2.o(.ARM.Collect$$libinit$$00000030)
    .ARM.Collect$$libinit$$00000032          0x08000218   Section        0  libinit2.o(.ARM.Collect$$libinit$$00000032)
    .ARM.Collect$$libinit$$00000033          0x08000218   Section        2  libinit2.o(.ARM.Collect$$libinit$$00000033)
    .ARM.Collect$$libshutdown$$00000000      0x0800021a   Section        2  libshutdown.o(.ARM.Collect$$libshutdown$$00000000)
    .ARM.Collect$$libshutdown$$00000002      0x0800021c   Section        0  libshutdown2.o(.ARM.Collect$$libshutdown$$00000002)
    .ARM.Collect$$libshutdown$$00000004      0x0800021c   Section        0  libshutdown2.o(.ARM.Collect$$libshutdown$$00000004)
    .ARM.Collect$$libshutdown$$00000006      0x0800021c   Section        0  libshutdown2.o(.ARM.Collect$$libshutdown$$00000006)
    .ARM.Collect$$libshutdown$$00000009      0x0800021c   Section        0  libshutdown2.o(.ARM.Collect$$libshutdown$$00000009)
    .ARM.Collect$$libshutdown$$0000000C      0x0800021c   Section        0  libshutdown2.o(.ARM.Collect$$libshutdown$$0000000C)
    .ARM.Collect$$libshutdown$$0000000E      0x0800021c   Section        0  libshutdown2.o(.ARM.Collect$$libshutdown$$0000000E)
    .ARM.Collect$$libshutdown$$00000011      0x0800021c   Section        0  libshutdown2.o(.ARM.Collect$$libshutdown$$00000011)
    .ARM.Collect$$libshutdown$$00000012      0x0800021c   Section        2  libshutdown2.o(.ARM.Collect$$libshutdown$$00000012)
    .ARM.Collect$$rtentry$$00000000          0x0800021e   Section        0  __rtentry.o(.ARM.Collect$$rtentry$$00000000)
    .ARM.Collect$$rtentry$$00000002          0x0800021e   Section        0  __rtentry2.o(.ARM.Collect$$rtentry$$00000002)
    .ARM.Collect$$rtentry$$00000004          0x0800021e   Section        6  __rtentry4.o(.ARM.Collect$$rtentry$$00000004)
    .ARM.Collect$$rtentry$$00000009          0x08000224   Section        0  __rtentry2.o(.ARM.Collect$$rtentry$$00000009)
    .ARM.Collect$$rtentry$$0000000A          0x08000224   Section        4  __rtentry2.o(.ARM.Collect$$rtentry$$0000000A)
    .ARM.Collect$$rtentry$$0000000C          0x08000228   Section        0  __rtentry2.o(.ARM.Collect$$rtentry$$0000000C)
    .ARM.Collect$$rtentry$$0000000D          0x08000228   Section        8  __rtentry2.o(.ARM.Collect$$rtentry$$0000000D)
    .ARM.Collect$$rtexit$$00000000           0x08000230   Section        2  rtexit.o(.ARM.Collect$$rtexit$$00000000)
    .ARM.Collect$$rtexit$$00000002           0x08000232   Section        0  rtexit2.o(.ARM.Collect$$rtexit$$00000002)
    .ARM.Collect$$rtexit$$00000003           0x08000232   Section        4  rtexit2.o(.ARM.Collect$$rtexit$$00000003)
    .ARM.Collect$$rtexit$$00000004           0x08000236   Section        6  rtexit2.o(.ARM.Collect$$rtexit$$00000004)
    .text                                    0x0800023c   Section       64  startup_stm32f40_41xxx.o(.text)
    $v0                                      0x0800023c   Number         0  startup_stm32f40_41xxx.o(.text)
    .text                                    0x0800027c   Section        2  use_no_semi_2.o(.text)
    .text                                    0x08000280   Section        0  noretval__2printf.o(.text)
    .text                                    0x08000298   Section        0  noretval__2sprintf.o(.text)
    .text                                    0x080002c0   Section        0  __printf.o(.text)
    .text                                    0x08000328   Section        0  _printf_str.o(.text)
    .text                                    0x0800037c   Section        0  _printf_dec.o(.text)
    .text                                    0x080003f4   Section        0  strstr.o(.text)
    .text                                    0x08000418   Section        0  strcpy.o(.text)
    .text                                    0x08000460   Section        0  strlen.o(.text)
    .text                                    0x0800049e   Section       68  rt_memclr.o(.text)
    .text                                    0x080004e2   Section       78  rt_memclr_w.o(.text)
    .text                                    0x08000530   Section       86  strncpy.o(.text)
    .text                                    0x08000586   Section        0  heapauxi.o(.text)
    .text                                    0x0800058c   Section        2  use_no_semi.o(.text)
    .text                                    0x0800058e   Section        0  _printf_intcommon.o(.text)
    .text                                    0x08000640   Section        0  _printf_char_common.o(.text)
    _printf_input_char                       0x08000641   Thumb Code    10  _printf_char_common.o(.text)
    .text                                    0x08000670   Section        0  _sputc.o(.text)
    .text                                    0x0800067a   Section        0  _printf_char.o(.text)
    .text                                    0x080006a8   Section        0  _printf_char_file.o(.text)
    .text                                    0x080006cc   Section        0  ferror.o(.text)
    .text                                    0x080006d4   Section       74  sys_stackheap_outer.o(.text)
    .text                                    0x0800071e   Section        0  exit.o(.text)
    .text                                    0x08000730   Section        8  libspace.o(.text)
    i.BusFault_Handler                       0x08000738   Section        0  stm32f4xx_it.o(i.BusFault_Handler)
    i.DebugMon_Handler                       0x0800073c   Section        0  stm32f4xx_it.o(i.DebugMon_Handler)
    i.Display_TongFei_LOGO                   0x08000740   Section        0  tftlcd.o(i.Display_TongFei_LOGO)
    i.FPGA_Bottom_TrashBin1                  0x0800075c   Section        0  fpga_signals.o(i.FPGA_Bottom_TrashBin1)
    i.FPGA_Bottom_TrashBin2                  0x0800077c   Section        0  fpga_signals.o(i.FPGA_Bottom_TrashBin2)
    i.FPGA_Bottom_TrashBin3                  0x0800079c   Section        0  fpga_signals.o(i.FPGA_Bottom_TrashBin3)
    i.FPGA_Bottom_TrashBin4                  0x080007c0   Section        0  fpga_signals.o(i.FPGA_Bottom_TrashBin4)
    i.FPGA_Cover_Close                       0x080007e0   Section        0  fpga_signals.o(i.FPGA_Cover_Close)
    i.FPGA_Cover_Open                        0x080007ec   Section        0  fpga_signals.o(i.FPGA_Cover_Open)
    i.FPGA_GPIO_Init                         0x080007f8   Section        0  fpga_signals.o(i.FPGA_GPIO_Init)
    i.FPGA_Recongize_Throw                   0x08000894   Section        0  fpga_signals.o(i.FPGA_Recongize_Throw)
    i.FPGA_Recongize_Wait                    0x080008ac   Section        0  fpga_signals.o(i.FPGA_Recongize_Wait)
    i.FPGA_Recongize_Watch                   0x080008c4   Section        0  fpga_signals.o(i.FPGA_Recongize_Watch)
    i.GPIO_Init                              0x080008dc   Section        0  stm32f4xx_gpio.o(i.GPIO_Init)
    i.GPIO_PinAFConfig                       0x0800096c   Section        0  stm32f4xx_gpio.o(i.GPIO_PinAFConfig)
    i.GPIO_ReadInputDataBit                  0x080009b2   Section        0  stm32f4xx_gpio.o(i.GPIO_ReadInputDataBit)
    i.GPIO_ResetBits                         0x080009c4   Section        0  stm32f4xx_gpio.o(i.GPIO_ResetBits)
    i.GPIO_SetBits                           0x080009c8   Section        0  stm32f4xx_gpio.o(i.GPIO_SetBits)
    i.HX711_All_Init                         0x080009cc   Section        0  hx711.o(i.HX711_All_Init)
    i.HX711_TrashBin1_GetWeight              0x08000b34   Section        0  hx711.o(i.HX711_TrashBin1_GetWeight)
    i.HX711_TrashBin1_Read                   0x08000b80   Section        0  hx711.o(i.HX711_TrashBin1_Read)
    i.HX711_TrashBin2_GetWeight              0x08000c24   Section        0  hx711.o(i.HX711_TrashBin2_GetWeight)
    i.HX711_TrashBin2_Read                   0x08000c70   Section        0  hx711.o(i.HX711_TrashBin2_Read)
    i.HX711_TrashBin3_GetWeight              0x08000d04   Section        0  hx711.o(i.HX711_TrashBin3_GetWeight)
    i.HX711_TrashBin3_Read                   0x08000d50   Section        0  hx711.o(i.HX711_TrashBin3_Read)
    i.HX711_TrashBin4_GetWeight              0x08000de4   Section        0  hx711.o(i.HX711_TrashBin4_GetWeight)
    i.HX711_TrashBin4_Read                   0x08000e30   Section        0  hx711.o(i.HX711_TrashBin4_Read)
    i.HardFault_Handler                      0x08000ed4   Section        0  stm32f4xx_it.o(i.HardFault_Handler)
    i.L610_Init                              0x08000ed8   Section        0  main.o(i.L610_Init)
    i.LCD_Address_Set                        0x08000fd4   Section        0  tftlcd.o(i.LCD_Address_Set)
    i.LCD_Clear                              0x08001028   Section        0  tftlcd.o(i.LCD_Clear)
    i.LCD_Fill                               0x08001094   Section        0  tftlcd.o(i.LCD_Fill)
    i.LCD_Gpio_Init                          0x08001128   Section        0  tftlcd.o(i.LCD_Gpio_Init)
    LCD_Gpio_Init                            0x08001129   Thumb Code    96  tftlcd.o(i.LCD_Gpio_Init)
    i.LCD_Init                               0x08001194   Section        0  tftlcd.o(i.LCD_Init)
    i.LCD_Pow                                0x08001330   Section        0  tftlcd.o(i.LCD_Pow)
    LCD_Pow                                  0x08001331   Thumb Code    22  tftlcd.o(i.LCD_Pow)
    i.LCD_SPI_Send                           0x08001346   Section        0  tftlcd.o(i.LCD_SPI_Send)
    LCD_SPI_Send                             0x08001347   Thumb Code    74  tftlcd.o(i.LCD_SPI_Send)
    i.LCD_ShowChar                           0x08001390   Section        0  tftlcd.o(i.LCD_ShowChar)
    i.LCD_ShowNum                            0x080015a0   Section        0  tftlcd.o(i.LCD_ShowNum)
    i.LCD_ShowString                         0x08001628   Section        0  tftlcd.o(i.LCD_ShowString)
    i.LCD_Show_Image                         0x0800168c   Section        0  tftlcd.o(i.LCD_Show_Image)
    i.LCD_Write_Cmd                          0x080016dc   Section        0  tftlcd.o(i.LCD_Write_Cmd)
    LCD_Write_Cmd                            0x080016dd   Thumb Code    18  tftlcd.o(i.LCD_Write_Cmd)
    i.LCD_Write_Data                         0x080016f4   Section        0  tftlcd.o(i.LCD_Write_Data)
    LCD_Write_Data                           0x080016f5   Thumb Code    18  tftlcd.o(i.LCD_Write_Data)
    i.LCD_Write_HalfWord                     0x0800170c   Section        0  tftlcd.o(i.LCD_Write_HalfWord)
    i.MemManage_Handler                      0x08001734   Section        0  stm32f4xx_it.o(i.MemManage_Handler)
    i.NMI_Handler                            0x08001738   Section        0  stm32f4xx_it.o(i.NMI_Handler)
    i.NVIC_Init                              0x0800173c   Section        0  misc.o(i.NVIC_Init)
    i.NVIC_PriorityGroupConfig               0x080017b4   Section        0  misc.o(i.NVIC_PriorityGroupConfig)
    i.PendSV_Handler                         0x080017c8   Section        0  stm32f4xx_it.o(i.PendSV_Handler)
    i.RCC_AHB1PeriphClockCmd                 0x080017cc   Section        0  stm32f4xx_rcc.o(i.RCC_AHB1PeriphClockCmd)
    i.RCC_APB1PeriphClockCmd                 0x080017ec   Section        0  stm32f4xx_rcc.o(i.RCC_APB1PeriphClockCmd)
    i.RCC_APB1PeriphResetCmd                 0x0800180c   Section        0  stm32f4xx_rcc.o(i.RCC_APB1PeriphResetCmd)
    i.RCC_APB2PeriphClockCmd                 0x0800182c   Section        0  stm32f4xx_rcc.o(i.RCC_APB2PeriphClockCmd)
    i.RCC_APB2PeriphResetCmd                 0x0800184c   Section        0  stm32f4xx_rcc.o(i.RCC_APB2PeriphResetCmd)
    i.RCC_GetClocksFreq                      0x0800186c   Section        0  stm32f4xx_rcc.o(i.RCC_GetClocksFreq)
    i.SPI1_Init                              0x08001954   Section        0  spi.o(i.SPI1_Init)
    i.SPI1_ReadWriteByte                     0x08001a0c   Section        0  spi.o(i.SPI1_ReadWriteByte)
    i.SPI1_WriteData                         0x08001a44   Section        0  spi.o(i.SPI1_WriteData)
    i.SPI_Cmd                                0x08001a88   Section        0  stm32f4xx_spi.o(i.SPI_Cmd)
    i.SPI_I2S_GetFlagStatus                  0x08001aa0   Section        0  stm32f4xx_spi.o(i.SPI_I2S_GetFlagStatus)
    i.SPI_I2S_ReceiveData                    0x08001ab2   Section        0  stm32f4xx_spi.o(i.SPI_I2S_ReceiveData)
    i.SPI_I2S_SendData                       0x08001ab8   Section        0  stm32f4xx_spi.o(i.SPI_I2S_SendData)
    i.SPI_Init                               0x08001abc   Section        0  stm32f4xx_spi.o(i.SPI_Init)
    i.SVC_Handler                            0x08001af8   Section        0  stm32f4xx_it.o(i.SVC_Handler)
    i.SetSysClock                            0x08001afc   Section        0  system_stm32f4xx.o(i.SetSysClock)
    SetSysClock                              0x08001afd   Thumb Code   138  system_stm32f4xx.o(i.SetSysClock)
    i.SysTick_CLKSourceConfig                0x08001b98   Section        0  misc.o(i.SysTick_CLKSourceConfig)
    i.SysTick_Handler                        0x08001bc0   Section        0  stm32f4xx_it.o(i.SysTick_Handler)
    i.SystemInit                             0x08001bc4   Section        0  system_stm32f4xx.o(i.SystemInit)
    i.TCS34725_Enable                        0x08001c2c   Section        0  tcs34725_iic.o(i.TCS34725_Enable)
    i.TCS34725_GetChannelData                0x08001c52   Section        0  tcs34725_iic.o(i.TCS34725_GetChannelData)
    i.TCS34725_GetRGB565Data                 0x08001c74   Section        0  tcs34725_iic.o(i.TCS34725_GetRGB565Data)
    i.TCS34725_I2C_ACK                       0x08001cd0   Section        0  tcs34725_iic.o(i.TCS34725_I2C_ACK)
    i.TCS34725_I2C_Init                      0x08001d1c   Section        0  tcs34725_iic.o(i.TCS34725_I2C_Init)
    i.TCS34725_I2C_NACK                      0x08001d6c   Section        0  tcs34725_iic.o(i.TCS34725_I2C_NACK)
    i.TCS34725_I2C_Read                      0x08001db8   Section        0  tcs34725_iic.o(i.TCS34725_I2C_Read)
    i.TCS34725_I2C_Read_Byte                 0x08001e0c   Section        0  tcs34725_iic.o(i.TCS34725_I2C_Read_Byte)
    i.TCS34725_I2C_Send_Byte                 0x08001e74   Section        0  tcs34725_iic.o(i.TCS34725_I2C_Send_Byte)
    i.TCS34725_I2C_Start                     0x08001eec   Section        0  tcs34725_iic.o(i.TCS34725_I2C_Start)
    i.TCS34725_I2C_Stop                      0x08001f38   Section        0  tcs34725_iic.o(i.TCS34725_I2C_Stop)
    i.TCS34725_I2C_Wait_ACK                  0x08001f84   Section        0  tcs34725_iic.o(i.TCS34725_I2C_Wait_ACK)
    i.TCS34725_I2C_Write                     0x08001fe4   Section        0  tcs34725_iic.o(i.TCS34725_I2C_Write)
    i.TCS34725_Init                          0x0800202a   Section        0  tcs34725_iic.o(i.TCS34725_Init)
    i.TCS34725_Read                          0x0800205e   Section        0  tcs34725_iic.o(i.TCS34725_Read)
    i.TCS34725_SetGain                       0x08002088   Section        0  tcs34725_iic.o(i.TCS34725_SetGain)
    i.TCS34725_SetIntegrationTime            0x0800209a   Section        0  tcs34725_iic.o(i.TCS34725_SetIntegrationTime)
    i.TCS34725_Write                         0x080020ac   Section        0  tcs34725_iic.o(i.TCS34725_Write)
    i.TIM2_IRQHandler                        0x080020ec   Section        0  hc_sr04.o(i.TIM2_IRQHandler)
    i.TIM2_init                              0x0800210c   Section        0  hc_sr04.o(i.TIM2_init)
    i.TIM_ClearITPendingBit                  0x0800216e   Section        0  stm32f4xx_tim.o(i.TIM_ClearITPendingBit)
    i.TIM_Cmd                                0x08002174   Section        0  stm32f4xx_tim.o(i.TIM_Cmd)
    i.TIM_DeInit                             0x0800218c   Section        0  stm32f4xx_tim.o(i.TIM_DeInit)
    i.TIM_GetITStatus                        0x0800231c   Section        0  stm32f4xx_tim.o(i.TIM_GetITStatus)
    i.TIM_ITConfig                           0x0800233e   Section        0  stm32f4xx_tim.o(i.TIM_ITConfig)
    i.TIM_TimeBaseInit                       0x08002350   Section        0  stm32f4xx_tim.o(i.TIM_TimeBaseInit)
    i.USART1_IRQHandler                      0x080023d4   Section        0  usart1.o(i.USART1_IRQHandler)
    i.USART2_IRQHandler                      0x08002430   Section        0  usart2.o(i.USART2_IRQHandler)
    i.USART2_SendData                        0x080024a0   Section        0  usart2.o(i.USART2_SendData)
    i.USART_Cmd                              0x080024dc   Section        0  stm32f4xx_usart.o(i.USART_Cmd)
    i.USART_GetFlagStatus                    0x080024f4   Section        0  stm32f4xx_usart.o(i.USART_GetFlagStatus)
    i.USART_GetITStatus                      0x0800250e   Section        0  stm32f4xx_usart.o(i.USART_GetITStatus)
    i.USART_ITConfig                         0x08002562   Section        0  stm32f4xx_usart.o(i.USART_ITConfig)
    i.USART_Init                             0x080025ac   Section        0  stm32f4xx_usart.o(i.USART_Init)
    i.USART_ReceiveData                      0x08002680   Section        0  stm32f4xx_usart.o(i.USART_ReceiveData)
    i.USART_SendData                         0x0800268a   Section        0  stm32f4xx_usart.o(i.USART_SendData)
    i.UsageFault_Handler                     0x08002692   Section        0  stm32f4xx_it.o(i.UsageFault_Handler)
    i.VL6180X_IIC_Ack                        0x08002698   Section        0  vl6180x_iic.o(i.VL6180X_IIC_Ack)
    i.VL6180X_IIC_Init                       0x080026e8   Section        0  vl6180x_iic.o(i.VL6180X_IIC_Init)
    i.VL6180X_IIC_NAck                       0x08002730   Section        0  vl6180x_iic.o(i.VL6180X_IIC_NAck)
    i.VL6180X_IIC_Read_Byte                  0x08002780   Section        0  vl6180x_iic.o(i.VL6180X_IIC_Read_Byte)
    i.VL6180X_IIC_Send_Byte                  0x080027ec   Section        0  vl6180x_iic.o(i.VL6180X_IIC_Send_Byte)
    i.VL6180X_IIC_Start                      0x08002854   Section        0  vl6180x_iic.o(i.VL6180X_IIC_Start)
    i.VL6180X_IIC_Stop                       0x080028a0   Section        0  vl6180x_iic.o(i.VL6180X_IIC_Stop)
    i.VL6180X_IIC_Wait_Ack                   0x080028ec   Section        0  vl6180x_iic.o(i.VL6180X_IIC_Wait_Ack)
    i.VL6180X_Init                           0x0800294c   Section        0  vl6180x_iic.o(i.VL6180X_Init)
    i.VL6180X_ReadByte                       0x08002aba   Section        0  vl6180x_iic.o(i.VL6180X_ReadByte)
    i.VL6180X_Read_ID                        0x08002b06   Section        0  vl6180x_iic.o(i.VL6180X_Read_ID)
    i.VL6180X_Read_Range                     0x08002b10   Section        0  vl6180x_iic.o(i.VL6180X_Read_Range)
    i.VL6180X_WriteByte                      0x08002b50   Section        0  vl6180x_iic.o(i.VL6180X_WriteByte)
    i._sys_exit                              0x08002ba6   Section        0  usart1.o(i._sys_exit)
    i.delay_init                             0x08002bac   Section        0  delay.o(i.delay_init)
    i.delay_ms                               0x08002be8   Section        0  delay.o(i.delay_ms)
    i.delay_us                               0x08002c20   Section        0  delay.o(i.delay_us)
    i.delay_xms                              0x08002c6c   Section        0  delay.o(i.delay_xms)
    i.fputc                                  0x08002cb8   Section        0  usart1.o(i.fputc)
    i.main                                   0x08002cd4   Section        0  main.o(i.main)
    i.uart1_init                             0x0800354c   Section        0  usart1.o(i.uart1_init)
    i.uart2_init                             0x080035f8   Section        0  usart2.o(i.uart2_init)
    x$fpl$fpinit                             0x080036a4   Section       10  fpinit.o(x$fpl$fpinit)
    $v0                                      0x080036a4   Number         0  fpinit.o(x$fpl$fpinit)
    .constdata                               0x080036ae   Section    134580  tftlcd.o(.constdata)
    .conststring                             0x08024464   Section      327  main.o(.conststring)
    .data                                    0x20000000   Section       16  main.o(.data)
    .data                                    0x20000010   Section        4  delay.o(.data)
    fac_us                                   0x20000010   Data           1  delay.o(.data)
    fac_ms                                   0x20000012   Data           2  delay.o(.data)
    .data                                    0x20000014   Section        6  usart1.o(.data)
    .data                                    0x2000001a   Section        2  usart2.o(.data)
    .data                                    0x2000001c   Section        4  tftlcd.o(.data)
    .data                                    0x20000020   Section        2  hc_sr04.o(.data)
    .data                                    0x20000024   Section       36  hx711.o(.data)
    .data                                    0x20000048   Section       16  stm32f4xx_rcc.o(.data)
    APBAHBPrescTable                         0x20000048   Data          16  stm32f4xx_rcc.o(.data)
    .bss                                     0x20000058   Section      200  usart1.o(.bss)
    .bss                                     0x20000120   Section      400  usart2.o(.bss)
    .bss                                     0x200002b0   Section     1152  tftlcd.o(.bss)
    lcd_buf                                  0x200002b0   Data        1152  tftlcd.o(.bss)
    .bss                                     0x20000730   Section       96  libspace.o(.bss)
    HEAP                                     0x20000790   Section      512  startup_stm32f40_41xxx.o(HEAP)
    Heap_Mem                                 0x20000790   Data         512  startup_stm32f40_41xxx.o(HEAP)
    STACK                                    0x20000990   Section     1024  startup_stm32f40_41xxx.o(STACK)
    Stack_Mem                                0x20000990   Data        1024  startup_stm32f40_41xxx.o(STACK)
    __initial_sp                             0x20000d90   Data           0  startup_stm32f40_41xxx.o(STACK)

    Global Symbols

    Symbol Name                              Value     Ov Type        Size  Object(Section)

    BuildAttributes$$THM_ISAv4$E$P$D$K$B$S$7EM$VFPi3$EXTD16$VFPS$VFMA$PE$A:L22UL41UL21$X:L11$S22US41US21$IEEE1$IW$USESV6$~STKCKD$USESV7$~SHL$OSPACE$ROPI$EBA8$UX$STANDARDLIB$REQ8$PRES8$EABIv2 0x00000000   Number         0  anon$$obj.o ABSOLUTE
    __ARM_use_no_argv                        0x00000000   Number         0  main.o ABSOLUTE
    __ARM_exceptions_init                     - Undefined Weak Reference
    __alloca_initialize                       - Undefined Weak Reference
    __arm_fini_                               - Undefined Weak Reference
    __arm_preinit_                            - Undefined Weak Reference
    __cpp_initialize__aeabi_                  - Undefined Weak Reference
    __cxa_finalize                            - Undefined Weak Reference
    __rt_locale                               - Undefined Weak Reference
    __sigvec_lookup                           - Undefined Weak Reference
    _atexit_init                              - Undefined Weak Reference
    _call_atexit_fns                          - Undefined Weak Reference
    _clock_init                               - Undefined Weak Reference
    _fp_trap_init                             - Undefined Weak Reference
    _fp_trap_shutdown                         - Undefined Weak Reference
    _get_lc_collate                           - Undefined Weak Reference
    _get_lc_ctype                             - Undefined Weak Reference
    _get_lc_monetary                          - Undefined Weak Reference
    _get_lc_numeric                           - Undefined Weak Reference
    _get_lc_time                              - Undefined Weak Reference
    _getenv_init                              - Undefined Weak Reference
    _handle_redirection                       - Undefined Weak Reference
    _init_alloc                               - Undefined Weak Reference
    _init_user_alloc                          - Undefined Weak Reference
    _initio                                   - Undefined Weak Reference
    _mutex_acquire                            - Undefined Weak Reference
    _mutex_release                            - Undefined Weak Reference
    _printf_mbtowc                            - Undefined Weak Reference
    _printf_post_padding                      - Undefined Weak Reference
    _printf_pre_padding                       - Undefined Weak Reference
    _printf_truncate_signed                   - Undefined Weak Reference
    _printf_truncate_unsigned                 - Undefined Weak Reference
    _rand_init                                - Undefined Weak Reference
    _signal_finish                            - Undefined Weak Reference
    _signal_init                              - Undefined Weak Reference
    _terminate_alloc                          - Undefined Weak Reference
    _terminate_user_alloc                     - Undefined Weak Reference
    _terminateio                              - Undefined Weak Reference
    __Vectors_Size                           0x00000188   Number         0  startup_stm32f40_41xxx.o ABSOLUTE
    __Vectors                                0x08000000   Data           4  startup_stm32f40_41xxx.o(RESET)
    __Vectors_End                            0x08000188   Data           0  startup_stm32f40_41xxx.o(RESET)
    __main                                   0x08000189   Thumb Code     8  __main.o(!!!main)
    __scatterload                            0x08000191   Thumb Code     0  __scatter.o(!!!scatter)
    __scatterload_rt2                        0x08000191   Thumb Code    44  __scatter.o(!!!scatter)
    __scatterload_rt2_thumb_only             0x08000191   Thumb Code     0  __scatter.o(!!!scatter)
    __scatterload_null                       0x0800019f   Thumb Code     0  __scatter.o(!!!scatter)
    __scatterload_copy                       0x080001c5   Thumb Code    26  __scatter_copy.o(!!handler_copy)
    __scatterload_zeroinit                   0x080001e1   Thumb Code    28  __scatter_zi.o(!!handler_zi)
    _printf_d                                0x080001fd   Thumb Code     0  _printf_d.o(.ARM.Collect$$_printf_percent$$00000009)
    _printf_percent                          0x080001fd   Thumb Code     0  _printf_percent.o(.ARM.Collect$$_printf_percent$$00000000)
    _printf_u                                0x08000203   Thumb Code     0  _printf_u.o(.ARM.Collect$$_printf_percent$$0000000A)
    _printf_c                                0x08000209   Thumb Code     0  _printf_c.o(.ARM.Collect$$_printf_percent$$00000013)
    _printf_percent_end                      0x0800020f   Thumb Code     0  _printf_percent_end.o(.ARM.Collect$$_printf_percent$$00000017)
    __rt_lib_init                            0x08000213   Thumb Code     0  libinit.o(.ARM.Collect$$libinit$$00000000)
    __rt_lib_init_fp_1                       0x08000215   Thumb Code     0  libinit2.o(.ARM.Collect$$libinit$$00000001)
    __rt_lib_init_alloca_1                   0x08000219   Thumb Code     0  libinit2.o(.ARM.Collect$$libinit$$0000002E)
    __rt_lib_init_argv_1                     0x08000219   Thumb Code     0  libinit2.o(.ARM.Collect$$libinit$$0000002C)
    __rt_lib_init_atexit_1                   0x08000219   Thumb Code     0  libinit2.o(.ARM.Collect$$libinit$$0000001B)
    __rt_lib_init_clock_1                    0x08000219   Thumb Code     0  libinit2.o(.ARM.Collect$$libinit$$00000021)
    __rt_lib_init_cpp_1                      0x08000219   Thumb Code     0  libinit2.o(.ARM.Collect$$libinit$$00000032)
    __rt_lib_init_exceptions_1               0x08000219   Thumb Code     0  libinit2.o(.ARM.Collect$$libinit$$00000030)
    __rt_lib_init_fp_trap_1                  0x08000219   Thumb Code     0  libinit2.o(.ARM.Collect$$libinit$$0000001F)
    __rt_lib_init_getenv_1                   0x08000219   Thumb Code     0  libinit2.o(.ARM.Collect$$libinit$$00000023)
    __rt_lib_init_heap_1                     0x08000219   Thumb Code     0  libinit2.o(.ARM.Collect$$libinit$$0000000A)
    __rt_lib_init_lc_collate_1               0x08000219   Thumb Code     0  libinit2.o(.ARM.Collect$$libinit$$00000011)
    __rt_lib_init_lc_ctype_1                 0x08000219   Thumb Code     0  libinit2.o(.ARM.Collect$$libinit$$00000013)
    __rt_lib_init_lc_monetary_1              0x08000219   Thumb Code     0  libinit2.o(.ARM.Collect$$libinit$$00000015)
    __rt_lib_init_lc_numeric_1               0x08000219   Thumb Code     0  libinit2.o(.ARM.Collect$$libinit$$00000017)
    __rt_lib_init_lc_time_1                  0x08000219   Thumb Code     0  libinit2.o(.ARM.Collect$$libinit$$00000019)
    __rt_lib_init_preinit_1                  0x08000219   Thumb Code     0  libinit2.o(.ARM.Collect$$libinit$$00000004)
    __rt_lib_init_rand_1                     0x08000219   Thumb Code     0  libinit2.o(.ARM.Collect$$libinit$$0000000E)
    __rt_lib_init_return                     0x08000219   Thumb Code     0  libinit2.o(.ARM.Collect$$libinit$$00000033)
    __rt_lib_init_signal_1                   0x08000219   Thumb Code     0  libinit2.o(.ARM.Collect$$libinit$$0000001D)
    __rt_lib_init_stdio_1                    0x08000219   Thumb Code     0  libinit2.o(.ARM.Collect$$libinit$$00000025)
    __rt_lib_init_user_alloc_1               0x08000219   Thumb Code     0  libinit2.o(.ARM.Collect$$libinit$$0000000C)
    __rt_lib_shutdown                        0x0800021b   Thumb Code     0  libshutdown.o(.ARM.Collect$$libshutdown$$00000000)
    __rt_lib_shutdown_cpp_1                  0x0800021d   Thumb Code     0  libshutdown2.o(.ARM.Collect$$libshutdown$$00000004)
    __rt_lib_shutdown_fini_1                 0x0800021d   Thumb Code     0  libshutdown2.o(.ARM.Collect$$libshutdown$$00000002)
    __rt_lib_shutdown_fp_trap_1              0x0800021d   Thumb Code     0  libshutdown2.o(.ARM.Collect$$libshutdown$$00000009)
    __rt_lib_shutdown_heap_1                 0x0800021d   Thumb Code     0  libshutdown2.o(.ARM.Collect$$libshutdown$$00000011)
    __rt_lib_shutdown_return                 0x0800021d   Thumb Code     0  libshutdown2.o(.ARM.Collect$$libshutdown$$00000012)
    __rt_lib_shutdown_signal_1               0x0800021d   Thumb Code     0  libshutdown2.o(.ARM.Collect$$libshutdown$$0000000C)
    __rt_lib_shutdown_stdio_1                0x0800021d   Thumb Code     0  libshutdown2.o(.ARM.Collect$$libshutdown$$00000006)
    __rt_lib_shutdown_user_alloc_1           0x0800021d   Thumb Code     0  libshutdown2.o(.ARM.Collect$$libshutdown$$0000000E)
    __rt_entry                               0x0800021f   Thumb Code     0  __rtentry.o(.ARM.Collect$$rtentry$$00000000)
    __rt_entry_presh_1                       0x0800021f   Thumb Code     0  __rtentry2.o(.ARM.Collect$$rtentry$$00000002)
    __rt_entry_sh                            0x0800021f   Thumb Code     0  __rtentry4.o(.ARM.Collect$$rtentry$$00000004)
    __rt_entry_li                            0x08000225   Thumb Code     0  __rtentry2.o(.ARM.Collect$$rtentry$$0000000A)
    __rt_entry_postsh_1                      0x08000225   Thumb Code     0  __rtentry2.o(.ARM.Collect$$rtentry$$00000009)
    __rt_entry_main                          0x08000229   Thumb Code     0  __rtentry2.o(.ARM.Collect$$rtentry$$0000000D)
    __rt_entry_postli_1                      0x08000229   Thumb Code     0  __rtentry2.o(.ARM.Collect$$rtentry$$0000000C)
    __rt_exit                                0x08000231   Thumb Code     0  rtexit.o(.ARM.Collect$$rtexit$$00000000)
    __rt_exit_ls                             0x08000233   Thumb Code     0  rtexit2.o(.ARM.Collect$$rtexit$$00000003)
    __rt_exit_prels_1                        0x08000233   Thumb Code     0  rtexit2.o(.ARM.Collect$$rtexit$$00000002)
    __rt_exit_exit                           0x08000237   Thumb Code     0  rtexit2.o(.ARM.Collect$$rtexit$$00000004)
    Reset_Handler                            0x0800023d   Thumb Code     8  startup_stm32f40_41xxx.o(.text)
    ADC_IRQHandler                           0x08000257   Thumb Code     0  startup_stm32f40_41xxx.o(.text)
    CAN1_RX0_IRQHandler                      0x08000257   Thumb Code     0  startup_stm32f40_41xxx.o(.text)
    CAN1_RX1_IRQHandler                      0x08000257   Thumb Code     0  startup_stm32f40_41xxx.o(.text)
    CAN1_SCE_IRQHandler                      0x08000257   Thumb Code     0  startup_stm32f40_41xxx.o(.text)
    CAN1_TX_IRQHandler                       0x08000257   Thumb Code     0  startup_stm32f40_41xxx.o(.text)
    CAN2_RX0_IRQHandler                      0x08000257   Thumb Code     0  startup_stm32f40_41xxx.o(.text)
    CAN2_RX1_IRQHandler                      0x08000257   Thumb Code     0  startup_stm32f40_41xxx.o(.text)
    CAN2_SCE_IRQHandler                      0x08000257   Thumb Code     0  startup_stm32f40_41xxx.o(.text)
    CAN2_TX_IRQHandler                       0x08000257   Thumb Code     0  startup_stm32f40_41xxx.o(.text)
    CRYP_IRQHandler                          0x08000257   Thumb Code     0  startup_stm32f40_41xxx.o(.text)
    DCMI_IRQHandler                          0x08000257   Thumb Code     0  startup_stm32f40_41xxx.o(.text)
    DMA1_Stream0_IRQHandler                  0x08000257   Thumb Code     0  startup_stm32f40_41xxx.o(.text)
    DMA1_Stream1_IRQHandler                  0x08000257   Thumb Code     0  startup_stm32f40_41xxx.o(.text)
    DMA1_Stream2_IRQHandler                  0x08000257   Thumb Code     0  startup_stm32f40_41xxx.o(.text)
    DMA1_Stream3_IRQHandler                  0x08000257   Thumb Code     0  startup_stm32f40_41xxx.o(.text)
    DMA1_Stream4_IRQHandler                  0x08000257   Thumb Code     0  startup_stm32f40_41xxx.o(.text)
    DMA1_Stream5_IRQHandler                  0x08000257   Thumb Code     0  startup_stm32f40_41xxx.o(.text)
    DMA1_Stream6_IRQHandler                  0x08000257   Thumb Code     0  startup_stm32f40_41xxx.o(.text)
    DMA1_Stream7_IRQHandler                  0x08000257   Thumb Code     0  startup_stm32f40_41xxx.o(.text)
    DMA2_Stream0_IRQHandler                  0x08000257   Thumb Code     0  startup_stm32f40_41xxx.o(.text)
    DMA2_Stream1_IRQHandler                  0x08000257   Thumb Code     0  startup_stm32f40_41xxx.o(.text)
    DMA2_Stream2_IRQHandler                  0x08000257   Thumb Code     0  startup_stm32f40_41xxx.o(.text)
    DMA2_Stream3_IRQHandler                  0x08000257   Thumb Code     0  startup_stm32f40_41xxx.o(.text)
    DMA2_Stream4_IRQHandler                  0x08000257   Thumb Code     0  startup_stm32f40_41xxx.o(.text)
    DMA2_Stream5_IRQHandler                  0x08000257   Thumb Code     0  startup_stm32f40_41xxx.o(.text)
    DMA2_Stream6_IRQHandler                  0x08000257   Thumb Code     0  startup_stm32f40_41xxx.o(.text)
    DMA2_Stream7_IRQHandler                  0x08000257   Thumb Code     0  startup_stm32f40_41xxx.o(.text)
    ETH_IRQHandler                           0x08000257   Thumb Code     0  startup_stm32f40_41xxx.o(.text)
    ETH_WKUP_IRQHandler                      0x08000257   Thumb Code     0  startup_stm32f40_41xxx.o(.text)
    EXTI0_IRQHandler                         0x08000257   Thumb Code     0  startup_stm32f40_41xxx.o(.text)
    EXTI15_10_IRQHandler                     0x08000257   Thumb Code     0  startup_stm32f40_41xxx.o(.text)
    EXTI1_IRQHandler                         0x08000257   Thumb Code     0  startup_stm32f40_41xxx.o(.text)
    EXTI2_IRQHandler                         0x08000257   Thumb Code     0  startup_stm32f40_41xxx.o(.text)
    EXTI3_IRQHandler                         0x08000257   Thumb Code     0  startup_stm32f40_41xxx.o(.text)
    EXTI4_IRQHandler                         0x08000257   Thumb Code     0  startup_stm32f40_41xxx.o(.text)
    EXTI9_5_IRQHandler                       0x08000257   Thumb Code     0  startup_stm32f40_41xxx.o(.text)
    FLASH_IRQHandler                         0x08000257   Thumb Code     0  startup_stm32f40_41xxx.o(.text)
    FPU_IRQHandler                           0x08000257   Thumb Code     0  startup_stm32f40_41xxx.o(.text)
    FSMC_IRQHandler                          0x08000257   Thumb Code     0  startup_stm32f40_41xxx.o(.text)
    HASH_RNG_IRQHandler                      0x08000257   Thumb Code     0  startup_stm32f40_41xxx.o(.text)
    I2C1_ER_IRQHandler                       0x08000257   Thumb Code     0  startup_stm32f40_41xxx.o(.text)
    I2C1_EV_IRQHandler                       0x08000257   Thumb Code     0  startup_stm32f40_41xxx.o(.text)
    I2C2_ER_IRQHandler                       0x08000257   Thumb Code     0  startup_stm32f40_41xxx.o(.text)
    I2C2_EV_IRQHandler                       0x08000257   Thumb Code     0  startup_stm32f40_41xxx.o(.text)
    I2C3_ER_IRQHandler                       0x08000257   Thumb Code     0  startup_stm32f40_41xxx.o(.text)
    I2C3_EV_IRQHandler                       0x08000257   Thumb Code     0  startup_stm32f40_41xxx.o(.text)
    OTG_FS_IRQHandler                        0x08000257   Thumb Code     0  startup_stm32f40_41xxx.o(.text)
    OTG_FS_WKUP_IRQHandler                   0x08000257   Thumb Code     0  startup_stm32f40_41xxx.o(.text)
    OTG_HS_EP1_IN_IRQHandler                 0x08000257   Thumb Code     0  startup_stm32f40_41xxx.o(.text)
    OTG_HS_EP1_OUT_IRQHandler                0x08000257   Thumb Code     0  startup_stm32f40_41xxx.o(.text)
    OTG_HS_IRQHandler                        0x08000257   Thumb Code     0  startup_stm32f40_41xxx.o(.text)
    OTG_HS_WKUP_IRQHandler                   0x08000257   Thumb Code     0  startup_stm32f40_41xxx.o(.text)
    PVD_IRQHandler                           0x08000257   Thumb Code     0  startup_stm32f40_41xxx.o(.text)
    RCC_IRQHandler                           0x08000257   Thumb Code     0  startup_stm32f40_41xxx.o(.text)
    RTC_Alarm_IRQHandler                     0x08000257   Thumb Code     0  startup_stm32f40_41xxx.o(.text)
    RTC_WKUP_IRQHandler                      0x08000257   Thumb Code     0  startup_stm32f40_41xxx.o(.text)
    SDIO_IRQHandler                          0x08000257   Thumb Code     0  startup_stm32f40_41xxx.o(.text)
    SPI1_IRQHandler                          0x08000257   Thumb Code     0  startup_stm32f40_41xxx.o(.text)
    SPI2_IRQHandler                          0x08000257   Thumb Code     0  startup_stm32f40_41xxx.o(.text)
    SPI3_IRQHandler                          0x08000257   Thumb Code     0  startup_stm32f40_41xxx.o(.text)
    TAMP_STAMP_IRQHandler                    0x08000257   Thumb Code     0  startup_stm32f40_41xxx.o(.text)
    TIM1_BRK_TIM9_IRQHandler                 0x08000257   Thumb Code     0  startup_stm32f40_41xxx.o(.text)
    TIM1_CC_IRQHandler                       0x08000257   Thumb Code     0  startup_stm32f40_41xxx.o(.text)
    TIM1_TRG_COM_TIM11_IRQHandler            0x08000257   Thumb Code     0  startup_stm32f40_41xxx.o(.text)
    TIM1_UP_TIM10_IRQHandler                 0x08000257   Thumb Code     0  startup_stm32f40_41xxx.o(.text)
    TIM3_IRQHandler                          0x08000257   Thumb Code     0  startup_stm32f40_41xxx.o(.text)
    TIM4_IRQHandler                          0x08000257   Thumb Code     0  startup_stm32f40_41xxx.o(.text)
    TIM5_IRQHandler                          0x08000257   Thumb Code     0  startup_stm32f40_41xxx.o(.text)
    TIM6_DAC_IRQHandler                      0x08000257   Thumb Code     0  startup_stm32f40_41xxx.o(.text)
    TIM7_IRQHandler                          0x08000257   Thumb Code     0  startup_stm32f40_41xxx.o(.text)
    TIM8_BRK_TIM12_IRQHandler                0x08000257   Thumb Code     0  startup_stm32f40_41xxx.o(.text)
    TIM8_CC_IRQHandler                       0x08000257   Thumb Code     0  startup_stm32f40_41xxx.o(.text)
    TIM8_TRG_COM_TIM14_IRQHandler            0x08000257   Thumb Code     0  startup_stm32f40_41xxx.o(.text)
    TIM8_UP_TIM13_IRQHandler                 0x08000257   Thumb Code     0  startup_stm32f40_41xxx.o(.text)
    UART4_IRQHandler                         0x08000257   Thumb Code     0  startup_stm32f40_41xxx.o(.text)
    UART5_IRQHandler                         0x08000257   Thumb Code     0  startup_stm32f40_41xxx.o(.text)
    USART3_IRQHandler                        0x08000257   Thumb Code     0  startup_stm32f40_41xxx.o(.text)
    USART6_IRQHandler                        0x08000257   Thumb Code     0  startup_stm32f40_41xxx.o(.text)
    WWDG_IRQHandler                          0x08000257   Thumb Code     0  startup_stm32f40_41xxx.o(.text)
    __user_initial_stackheap                 0x08000259   Thumb Code     0  startup_stm32f40_41xxx.o(.text)
    __use_no_semihosting                     0x0800027d   Thumb Code     2  use_no_semi_2.o(.text)
    __2printf                                0x08000281   Thumb Code    20  noretval__2printf.o(.text)
    __2sprintf                               0x08000299   Thumb Code    34  noretval__2sprintf.o(.text)
    __printf                                 0x080002c1   Thumb Code   104  __printf.o(.text)
    _printf_str                              0x08000329   Thumb Code    82  _printf_str.o(.text)
    _printf_int_dec                          0x0800037d   Thumb Code   104  _printf_dec.o(.text)
    strstr                                   0x080003f5   Thumb Code    36  strstr.o(.text)
    strcpy                                   0x08000419   Thumb Code    72  strcpy.o(.text)
    strlen                                   0x08000461   Thumb Code    62  strlen.o(.text)
    __aeabi_memclr                           0x0800049f   Thumb Code     0  rt_memclr.o(.text)
    __rt_memclr                              0x0800049f   Thumb Code    68  rt_memclr.o(.text)
    _memset                                  0x080004a3   Thumb Code     0  rt_memclr.o(.text)
    __aeabi_memclr4                          0x080004e3   Thumb Code     0  rt_memclr_w.o(.text)
    __aeabi_memclr8                          0x080004e3   Thumb Code     0  rt_memclr_w.o(.text)
    __rt_memclr_w                            0x080004e3   Thumb Code    78  rt_memclr_w.o(.text)
    _memset_w                                0x080004e7   Thumb Code     0  rt_memclr_w.o(.text)
    strncpy                                  0x08000531   Thumb Code    86  strncpy.o(.text)
    __use_two_region_memory                  0x08000587   Thumb Code     2  heapauxi.o(.text)
    __rt_heap_escrow$2region                 0x08000589   Thumb Code     2  heapauxi.o(.text)
    __rt_heap_expand$2region                 0x0800058b   Thumb Code     2  heapauxi.o(.text)
    __I$use$semihosting                      0x0800058d   Thumb Code     0  use_no_semi.o(.text)
    __use_no_semihosting_swi                 0x0800058d   Thumb Code     2  use_no_semi.o(.text)
    _printf_int_common                       0x0800058f   Thumb Code   178  _printf_intcommon.o(.text)
    _printf_char_common                      0x0800064b   Thumb Code    32  _printf_char_common.o(.text)
    _sputc                                   0x08000671   Thumb Code    10  _sputc.o(.text)
    _printf_cs_common                        0x0800067b   Thumb Code    20  _printf_char.o(.text)
    _printf_char                             0x0800068f   Thumb Code    16  _printf_char.o(.text)
    _printf_string                           0x0800069f   Thumb Code     8  _printf_char.o(.text)
    _printf_char_file                        0x080006a9   Thumb Code    32  _printf_char_file.o(.text)
    ferror                                   0x080006cd   Thumb Code     8  ferror.o(.text)
    __user_setup_stackheap                   0x080006d5   Thumb Code    74  sys_stackheap_outer.o(.text)
    exit                                     0x0800071f   Thumb Code    18  exit.o(.text)
    __user_libspace                          0x08000731   Thumb Code     8  libspace.o(.text)
    __user_perproc_libspace                  0x08000731   Thumb Code     0  libspace.o(.text)
    __user_perthread_libspace                0x08000731   Thumb Code     0  libspace.o(.text)
    BusFault_Handler                         0x08000739   Thumb Code     4  stm32f4xx_it.o(i.BusFault_Handler)
    DebugMon_Handler                         0x0800073d   Thumb Code     2  stm32f4xx_it.o(i.DebugMon_Handler)
    Display_TongFei_LOGO                     0x08000741   Thumb Code    24  tftlcd.o(i.Display_TongFei_LOGO)
    FPGA_Bottom_TrashBin1                    0x0800075d   Thumb Code    18  fpga_signals.o(i.FPGA_Bottom_TrashBin1)
    FPGA_Bottom_TrashBin2                    0x0800077d   Thumb Code    20  fpga_signals.o(i.FPGA_Bottom_TrashBin2)
    FPGA_Bottom_TrashBin3                    0x0800079d   Thumb Code    22  fpga_signals.o(i.FPGA_Bottom_TrashBin3)
    FPGA_Bottom_TrashBin4                    0x080007c1   Thumb Code    20  fpga_signals.o(i.FPGA_Bottom_TrashBin4)
    FPGA_Cover_Close                         0x080007e1   Thumb Code     8  fpga_signals.o(i.FPGA_Cover_Close)
    FPGA_Cover_Open                          0x080007ed   Thumb Code     8  fpga_signals.o(i.FPGA_Cover_Open)
    FPGA_GPIO_Init                           0x080007f9   Thumb Code   122  fpga_signals.o(i.FPGA_GPIO_Init)
    FPGA_Recongize_Throw                     0x08000895   Thumb Code    16  fpga_signals.o(i.FPGA_Recongize_Throw)
    FPGA_Recongize_Wait                      0x080008ad   Thumb Code    14  fpga_signals.o(i.FPGA_Recongize_Wait)
    FPGA_Recongize_Watch                     0x080008c5   Thumb Code    16  fpga_signals.o(i.FPGA_Recongize_Watch)
    GPIO_Init                                0x080008dd   Thumb Code   144  stm32f4xx_gpio.o(i.GPIO_Init)
    GPIO_PinAFConfig                         0x0800096d   Thumb Code    70  stm32f4xx_gpio.o(i.GPIO_PinAFConfig)
    GPIO_ReadInputDataBit                    0x080009b3   Thumb Code    18  stm32f4xx_gpio.o(i.GPIO_ReadInputDataBit)
    GPIO_ResetBits                           0x080009c5   Thumb Code     4  stm32f4xx_gpio.o(i.GPIO_ResetBits)
    GPIO_SetBits                             0x080009c9   Thumb Code     4  stm32f4xx_gpio.o(i.GPIO_SetBits)
    HX711_All_Init                           0x080009cd   Thumb Code   330  hx711.o(i.HX711_All_Init)
    HX711_TrashBin1_GetWeight                0x08000b35   Thumb Code    58  hx711.o(i.HX711_TrashBin1_GetWeight)
    HX711_TrashBin1_Read                     0x08000b81   Thumb Code   160  hx711.o(i.HX711_TrashBin1_Read)
    HX711_TrashBin2_GetWeight                0x08000c25   Thumb Code    58  hx711.o(i.HX711_TrashBin2_GetWeight)
    HX711_TrashBin2_Read                     0x08000c71   Thumb Code   144  hx711.o(i.HX711_TrashBin2_Read)
    HX711_TrashBin3_GetWeight                0x08000d05   Thumb Code    58  hx711.o(i.HX711_TrashBin3_GetWeight)
    HX711_TrashBin3_Read                     0x08000d51   Thumb Code   144  hx711.o(i.HX711_TrashBin3_Read)
    HX711_TrashBin4_GetWeight                0x08000de5   Thumb Code    58  hx711.o(i.HX711_TrashBin4_GetWeight)
    HX711_TrashBin4_Read                     0x08000e31   Thumb Code   160  hx711.o(i.HX711_TrashBin4_Read)
    HardFault_Handler                        0x08000ed5   Thumb Code     4  stm32f4xx_it.o(i.HardFault_Handler)
    L610_Init                                0x08000ed9   Thumb Code   120  main.o(i.L610_Init)
    LCD_Address_Set                          0x08000fd5   Thumb Code    82  tftlcd.o(i.LCD_Address_Set)
    LCD_Clear                                0x08001029   Thumb Code   100  tftlcd.o(i.LCD_Clear)
    LCD_Fill                                 0x08001095   Thumb Code   140  tftlcd.o(i.LCD_Fill)
    LCD_Init                                 0x08001195   Thumb Code   406  tftlcd.o(i.LCD_Init)
    LCD_ShowChar                             0x08001391   Thumb Code   502  tftlcd.o(i.LCD_ShowChar)
    LCD_ShowNum                              0x080015a1   Thumb Code   136  tftlcd.o(i.LCD_ShowNum)
    LCD_ShowString                           0x08001629   Thumb Code    98  tftlcd.o(i.LCD_ShowString)
    LCD_Show_Image                           0x0800168d   Thumb Code    74  tftlcd.o(i.LCD_Show_Image)
    LCD_Write_HalfWord                       0x0800170d   Thumb Code    36  tftlcd.o(i.LCD_Write_HalfWord)
    MemManage_Handler                        0x08001735   Thumb Code     4  stm32f4xx_it.o(i.MemManage_Handler)
    NMI_Handler                              0x08001739   Thumb Code     2  stm32f4xx_it.o(i.NMI_Handler)
    NVIC_Init                                0x0800173d   Thumb Code   106  misc.o(i.NVIC_Init)
    NVIC_PriorityGroupConfig                 0x080017b5   Thumb Code    10  misc.o(i.NVIC_PriorityGroupConfig)
    PendSV_Handler                           0x080017c9   Thumb Code     2  stm32f4xx_it.o(i.PendSV_Handler)
    RCC_AHB1PeriphClockCmd                   0x080017cd   Thumb Code    26  stm32f4xx_rcc.o(i.RCC_AHB1PeriphClockCmd)
    RCC_APB1PeriphClockCmd                   0x080017ed   Thumb Code    26  stm32f4xx_rcc.o(i.RCC_APB1PeriphClockCmd)
    RCC_APB1PeriphResetCmd                   0x0800180d   Thumb Code    26  stm32f4xx_rcc.o(i.RCC_APB1PeriphResetCmd)
    RCC_APB2PeriphClockCmd                   0x0800182d   Thumb Code    26  stm32f4xx_rcc.o(i.RCC_APB2PeriphClockCmd)
    RCC_APB2PeriphResetCmd                   0x0800184d   Thumb Code    26  stm32f4xx_rcc.o(i.RCC_APB2PeriphResetCmd)
    RCC_GetClocksFreq                        0x0800186d   Thumb Code   214  stm32f4xx_rcc.o(i.RCC_GetClocksFreq)
    SPI1_Init                                0x08001955   Thumb Code   174  spi.o(i.SPI1_Init)
    SPI1_ReadWriteByte                       0x08001a0d   Thumb Code    50  spi.o(i.SPI1_ReadWriteByte)
    SPI1_WriteData                           0x08001a45   Thumb Code    64  spi.o(i.SPI1_WriteData)
    SPI_Cmd                                  0x08001a89   Thumb Code    24  stm32f4xx_spi.o(i.SPI_Cmd)
    SPI_I2S_GetFlagStatus                    0x08001aa1   Thumb Code    18  stm32f4xx_spi.o(i.SPI_I2S_GetFlagStatus)
    SPI_I2S_ReceiveData                      0x08001ab3   Thumb Code     6  stm32f4xx_spi.o(i.SPI_I2S_ReceiveData)
    SPI_I2S_SendData                         0x08001ab9   Thumb Code     4  stm32f4xx_spi.o(i.SPI_I2S_SendData)
    SPI_Init                                 0x08001abd   Thumb Code    60  stm32f4xx_spi.o(i.SPI_Init)
    SVC_Handler                              0x08001af9   Thumb Code     2  stm32f4xx_it.o(i.SVC_Handler)
    SysTick_CLKSourceConfig                  0x08001b99   Thumb Code    40  misc.o(i.SysTick_CLKSourceConfig)
    SysTick_Handler                          0x08001bc1   Thumb Code     2  stm32f4xx_it.o(i.SysTick_Handler)
    SystemInit                               0x08001bc5   Thumb Code    88  system_stm32f4xx.o(i.SystemInit)
    TCS34725_Enable                          0x08001c2d   Thumb Code    38  tcs34725_iic.o(i.TCS34725_Enable)
    TCS34725_GetChannelData                  0x08001c53   Thumb Code    34  tcs34725_iic.o(i.TCS34725_GetChannelData)
    TCS34725_GetRGB565Data                   0x08001c75   Thumb Code    90  tcs34725_iic.o(i.TCS34725_GetRGB565Data)
    TCS34725_I2C_ACK                         0x08001cd1   Thumb Code    70  tcs34725_iic.o(i.TCS34725_I2C_ACK)
    TCS34725_I2C_Init                        0x08001d1d   Thumb Code    74  tcs34725_iic.o(i.TCS34725_I2C_Init)
    TCS34725_I2C_NACK                        0x08001d6d   Thumb Code    70  tcs34725_iic.o(i.TCS34725_I2C_NACK)
    TCS34725_I2C_Read                        0x08001db9   Thumb Code    84  tcs34725_iic.o(i.TCS34725_I2C_Read)
    TCS34725_I2C_Read_Byte                   0x08001e0d   Thumb Code    98  tcs34725_iic.o(i.TCS34725_I2C_Read_Byte)
    TCS34725_I2C_Send_Byte                   0x08001e75   Thumb Code   114  tcs34725_iic.o(i.TCS34725_I2C_Send_Byte)
    TCS34725_I2C_Start                       0x08001eed   Thumb Code    70  tcs34725_iic.o(i.TCS34725_I2C_Start)
    TCS34725_I2C_Stop                        0x08001f39   Thumb Code    70  tcs34725_iic.o(i.TCS34725_I2C_Stop)
    TCS34725_I2C_Wait_ACK                    0x08001f85   Thumb Code    92  tcs34725_iic.o(i.TCS34725_I2C_Wait_ACK)
    TCS34725_I2C_Write                       0x08001fe5   Thumb Code    70  tcs34725_iic.o(i.TCS34725_I2C_Write)
    TCS34725_Init                            0x0800202b   Thumb Code    52  tcs34725_iic.o(i.TCS34725_Init)
    TCS34725_Read                            0x0800205f   Thumb Code    42  tcs34725_iic.o(i.TCS34725_Read)
    TCS34725_SetGain                         0x08002089   Thumb Code    18  tcs34725_iic.o(i.TCS34725_SetGain)
    TCS34725_SetIntegrationTime              0x0800209b   Thumb Code    18  tcs34725_iic.o(i.TCS34725_SetIntegrationTime)
    TCS34725_Write                           0x080020ad   Thumb Code    62  tcs34725_iic.o(i.TCS34725_Write)
    TIM2_IRQHandler                          0x080020ed   Thumb Code    28  hc_sr04.o(i.TIM2_IRQHandler)
    TIM2_init                                0x0800210d   Thumb Code    98  hc_sr04.o(i.TIM2_init)
    TIM_ClearITPendingBit                    0x0800216f   Thumb Code     6  stm32f4xx_tim.o(i.TIM_ClearITPendingBit)
    TIM_Cmd                                  0x08002175   Thumb Code    24  stm32f4xx_tim.o(i.TIM_Cmd)
    TIM_DeInit                               0x0800218d   Thumb Code   346  stm32f4xx_tim.o(i.TIM_DeInit)
    TIM_GetITStatus                          0x0800231d   Thumb Code    34  stm32f4xx_tim.o(i.TIM_GetITStatus)
    TIM_ITConfig                             0x0800233f   Thumb Code    18  stm32f4xx_tim.o(i.TIM_ITConfig)
    TIM_TimeBaseInit                         0x08002351   Thumb Code   104  stm32f4xx_tim.o(i.TIM_TimeBaseInit)
    USART1_IRQHandler                        0x080023d5   Thumb Code    78  usart1.o(i.USART1_IRQHandler)
    USART2_IRQHandler                        0x08002431   Thumb Code    94  usart2.o(i.USART2_IRQHandler)
    USART2_SendData                          0x080024a1   Thumb Code    56  usart2.o(i.USART2_SendData)
    USART_Cmd                                0x080024dd   Thumb Code    24  stm32f4xx_usart.o(i.USART_Cmd)
    USART_GetFlagStatus                      0x080024f5   Thumb Code    26  stm32f4xx_usart.o(i.USART_GetFlagStatus)
    USART_GetITStatus                        0x0800250f   Thumb Code    84  stm32f4xx_usart.o(i.USART_GetITStatus)
    USART_ITConfig                           0x08002563   Thumb Code    74  stm32f4xx_usart.o(i.USART_ITConfig)
    USART_Init                               0x080025ad   Thumb Code   204  stm32f4xx_usart.o(i.USART_Init)
    USART_ReceiveData                        0x08002681   Thumb Code    10  stm32f4xx_usart.o(i.USART_ReceiveData)
    USART_SendData                           0x0800268b   Thumb Code     8  stm32f4xx_usart.o(i.USART_SendData)
    UsageFault_Handler                       0x08002693   Thumb Code     4  stm32f4xx_it.o(i.UsageFault_Handler)
    VL6180X_IIC_Ack                          0x08002699   Thumb Code    66  vl6180x_iic.o(i.VL6180X_IIC_Ack)
    VL6180X_IIC_Init                         0x080026e9   Thumb Code    60  vl6180x_iic.o(i.VL6180X_IIC_Init)
    VL6180X_IIC_NAck                         0x08002731   Thumb Code    66  vl6180x_iic.o(i.VL6180X_IIC_NAck)
    VL6180X_IIC_Read_Byte                    0x08002781   Thumb Code    94  vl6180x_iic.o(i.VL6180X_IIC_Read_Byte)
    VL6180X_IIC_Send_Byte                    0x080027ed   Thumb Code    90  vl6180x_iic.o(i.VL6180X_IIC_Send_Byte)
    VL6180X_IIC_Start                        0x08002855   Thumb Code    64  vl6180x_iic.o(i.VL6180X_IIC_Start)
    VL6180X_IIC_Stop                         0x080028a1   Thumb Code    62  vl6180x_iic.o(i.VL6180X_IIC_Stop)
    VL6180X_IIC_Wait_Ack                     0x080028ed   Thumb Code    82  vl6180x_iic.o(i.VL6180X_IIC_Wait_Ack)
    VL6180X_Init                             0x0800294d   Thumb Code   366  vl6180x_iic.o(i.VL6180X_Init)
    VL6180X_ReadByte                         0x08002abb   Thumb Code    76  vl6180x_iic.o(i.VL6180X_ReadByte)
    VL6180X_Read_ID                          0x08002b07   Thumb Code    10  vl6180x_iic.o(i.VL6180X_Read_ID)
    VL6180X_Read_Range                       0x08002b11   Thumb Code    64  vl6180x_iic.o(i.VL6180X_Read_Range)
    VL6180X_WriteByte                        0x08002b51   Thumb Code    86  vl6180x_iic.o(i.VL6180X_WriteByte)
    _sys_exit                                0x08002ba7   Thumb Code     4  usart1.o(i._sys_exit)
    delay_init                               0x08002bad   Thumb Code    52  delay.o(i.delay_init)
    delay_ms                                 0x08002be9   Thumb Code    56  delay.o(i.delay_ms)
    delay_us                                 0x08002c21   Thumb Code    72  delay.o(i.delay_us)
    delay_xms                                0x08002c6d   Thumb Code    72  delay.o(i.delay_xms)
    fputc                                    0x08002cb9   Thumb Code    22  usart1.o(i.fputc)
    main                                     0x08002cd5   Thumb Code  2060  main.o(i.main)
    uart1_init                               0x0800354d   Thumb Code   164  usart1.o(i.uart1_init)
    uart2_init                               0x080035f9   Thumb Code   162  usart2.o(i.uart2_init)
    _fp_init                                 0x080036a5   Thumb Code    10  fpinit.o(x$fpl$fpinit)
    __fplib_config_fpu_vfp                   0x080036ad   Thumb Code     0  fpinit.o(x$fpl$fpinit)
    __fplib_config_pureend_doubles           0x080036ad   Thumb Code     0  fpinit.o(x$fpl$fpinit)
    asc2_1206                                0x080036ae   Data        1140  tftlcd.o(.constdata)
    asc2_1608                                0x08003b22   Data        1520  tftlcd.o(.constdata)
    asc2_2412                                0x08004112   Data        4560  tftlcd.o(.constdata)
    asc2_3216                                0x080052e2   Data       12160  tftlcd.o(.constdata)
    TongFei                                  0x08008262   Data       115200  tftlcd.o(.constdata)
    Region$$Table$$Base                      0x080245ac   Number         0  anon$$obj.o(Region$$Table)
    Region$$Table$$Limit                     0x080245cc   Number         0  anon$$obj.o(Region$$Table)
    ch                                       0x20000000   Data           1  main.o(.data)
    ch1                                      0x20000001   Data           1  main.o(.data)
    ay                                       0x20000002   Data           1  main.o(.data)
    fg                                       0x20000003   Data           1  main.o(.data)
    rgb                                      0x20000004   Data           8  main.o(.data)
    hsl                                      0x2000000c   Data           4  main.o(.data)
    __stdout                                 0x20000014   Data           4  usart1.o(.data)
    USART1_RX_STA                            0x20000018   Data           2  usart1.o(.data)
    USART2_RX_STA                            0x2000001a   Data           2  usart2.o(.data)
    POINT_COLOR                              0x2000001c   Data           2  tftlcd.o(.data)
    BACK_COLOR                               0x2000001e   Data           2  tftlcd.o(.data)
    TIM2_Flag                                0x20000020   Data           2  hc_sr04.o(.data)
    HX711_Buffer                             0x20000024   Data           4  hx711.o(.data)
    TrashBin1_Weight                         0x20000028   Data           4  hx711.o(.data)
    TrashBin1_Weight_NoLoad                  0x2000002c   Data           4  hx711.o(.data)
    TrashBin2_Weight                         0x20000030   Data           4  hx711.o(.data)
    TrashBin2_Weight_NoLoad                  0x20000034   Data           4  hx711.o(.data)
    TrashBin3_Weight                         0x20000038   Data           4  hx711.o(.data)
    TrashBin3_Weight_NoLoad                  0x2000003c   Data           4  hx711.o(.data)
    TrashBin4_Weight                         0x20000040   Data           4  hx711.o(.data)
    TrashBin4_Weight_NoLoad                  0x20000044   Data           4  hx711.o(.data)
    USART1_RX_BUF                            0x20000058   Data         200  usart1.o(.bss)
    USART2_RX_BUF                            0x20000120   Data         200  usart2.o(.bss)
    CMD                                      0x200001e8   Data         200  usart2.o(.bss)
    __libspace_start                         0x20000730   Data          96  libspace.o(.bss)
    __temporary_stack_top$libspace           0x20000790   Data           0  libspace.o(.bss)



==============================================================================

Memory Map of the image

  Image Entry point : 0x08000189

  Load Region LR_IROM1 (Base: 0x08000000, Size: 0x00024624, Max: 0x00080000, ABSOLUTE)

    Execution Region ER_IROM1 (Exec base: 0x08000000, Load base: 0x08000000, Size: 0x000245cc, Max: 0x00080000, ABSOLUTE)

    Exec Addr    Load Addr    Size         Type   Attr      Idx    E Section Name        Object

    0x08000000   0x08000000   0x00000188   Data   RO         1092    RESET               startup_stm32f40_41xxx.o
    0x08000188   0x08000188   0x00000008   Code   RO         5767  * !!!main             c_w.l(__main.o)
    0x08000190   0x08000190   0x00000034   Code   RO         5958    !!!scatter          c_w.l(__scatter.o)
    0x080001c4   0x080001c4   0x0000001a   Code   RO         5960    !!handler_copy      c_w.l(__scatter_copy.o)
    0x080001de   0x080001de   0x00000002   PAD
    0x080001e0   0x080001e0   0x0000001c   Code   RO         5962    !!handler_zi        c_w.l(__scatter_zi.o)
    0x080001fc   0x080001fc   0x00000000   Code   RO         5752    .ARM.Collect$$_printf_percent$$00000000  c_w.l(_printf_percent.o)
    0x080001fc   0x080001fc   0x00000006   Code   RO         5750    .ARM.Collect$$_printf_percent$$00000009  c_w.l(_printf_d.o)
    0x08000202   0x08000202   0x00000006   Code   RO         5751    .ARM.Collect$$_printf_percent$$0000000A  c_w.l(_printf_u.o)
    0x08000208   0x08000208   0x00000006   Code   RO         5749    .ARM.Collect$$_printf_percent$$00000013  c_w.l(_printf_c.o)
    0x0800020e   0x0800020e   0x00000004   Code   RO         5794    .ARM.Collect$$_printf_percent$$00000017  c_w.l(_printf_percent_end.o)
    0x08000212   0x08000212   0x00000002   Code   RO         5830    .ARM.Collect$$libinit$$00000000  c_w.l(libinit.o)
    0x08000214   0x08000214   0x00000004   Code   RO         5836    .ARM.Collect$$libinit$$00000001  c_w.l(libinit2.o)
    0x08000218   0x08000218   0x00000000   Code   RO         5839    .ARM.Collect$$libinit$$00000004  c_w.l(libinit2.o)
    0x08000218   0x08000218   0x00000000   Code   RO         5842    .ARM.Collect$$libinit$$0000000A  c_w.l(libinit2.o)
    0x08000218   0x08000218   0x00000000   Code   RO         5844    .ARM.Collect$$libinit$$0000000C  c_w.l(libinit2.o)
    0x08000218   0x08000218   0x00000000   Code   RO         5846    .ARM.Collect$$libinit$$0000000E  c_w.l(libinit2.o)
    0x08000218   0x08000218   0x00000000   Code   RO         5849    .ARM.Collect$$libinit$$00000011  c_w.l(libinit2.o)
    0x08000218   0x08000218   0x00000000   Code   RO         5851    .ARM.Collect$$libinit$$00000013  c_w.l(libinit2.o)
    0x08000218   0x08000218   0x00000000   Code   RO         5853    .ARM.Collect$$libinit$$00000015  c_w.l(libinit2.o)
    0x08000218   0x08000218   0x00000000   Code   RO         5855    .ARM.Collect$$libinit$$00000017  c_w.l(libinit2.o)
    0x08000218   0x08000218   0x00000000   Code   RO         5857    .ARM.Collect$$libinit$$00000019  c_w.l(libinit2.o)
    0x08000218   0x08000218   0x00000000   Code   RO         5859    .ARM.Collect$$libinit$$0000001B  c_w.l(libinit2.o)
    0x08000218   0x08000218   0x00000000   Code   RO         5861    .ARM.Collect$$libinit$$0000001D  c_w.l(libinit2.o)
    0x08000218   0x08000218   0x00000000   Code   RO         5863    .ARM.Collect$$libinit$$0000001F  c_w.l(libinit2.o)
    0x08000218   0x08000218   0x00000000   Code   RO         5865    .ARM.Collect$$libinit$$00000021  c_w.l(libinit2.o)
    0x08000218   0x08000218   0x00000000   Code   RO         5867    .ARM.Collect$$libinit$$00000023  c_w.l(libinit2.o)
    0x08000218   0x08000218   0x00000000   Code   RO         5869    .ARM.Collect$$libinit$$00000025  c_w.l(libinit2.o)
    0x08000218   0x08000218   0x00000000   Code   RO         5873    .ARM.Collect$$libinit$$0000002C  c_w.l(libinit2.o)
    0x08000218   0x08000218   0x00000000   Code   RO         5875    .ARM.Collect$$libinit$$0000002E  c_w.l(libinit2.o)
    0x08000218   0x08000218   0x00000000   Code   RO         5877    .ARM.Collect$$libinit$$00000030  c_w.l(libinit2.o)
    0x08000218   0x08000218   0x00000000   Code   RO         5879    .ARM.Collect$$libinit$$00000032  c_w.l(libinit2.o)
    0x08000218   0x08000218   0x00000002   Code   RO         5880    .ARM.Collect$$libinit$$00000033  c_w.l(libinit2.o)
    0x0800021a   0x0800021a   0x00000002   Code   RO         5898    .ARM.Collect$$libshutdown$$00000000  c_w.l(libshutdown.o)
    0x0800021c   0x0800021c   0x00000000   Code   RO         5908    .ARM.Collect$$libshutdown$$00000002  c_w.l(libshutdown2.o)
    0x0800021c   0x0800021c   0x00000000   Code   RO         5910    .ARM.Collect$$libshutdown$$00000004  c_w.l(libshutdown2.o)
    0x0800021c   0x0800021c   0x00000000   Code   RO         5912    .ARM.Collect$$libshutdown$$00000006  c_w.l(libshutdown2.o)
    0x0800021c   0x0800021c   0x00000000   Code   RO         5915    .ARM.Collect$$libshutdown$$00000009  c_w.l(libshutdown2.o)
    0x0800021c   0x0800021c   0x00000000   Code   RO         5918    .ARM.Collect$$libshutdown$$0000000C  c_w.l(libshutdown2.o)
    0x0800021c   0x0800021c   0x00000000   Code   RO         5920    .ARM.Collect$$libshutdown$$0000000E  c_w.l(libshutdown2.o)
    0x0800021c   0x0800021c   0x00000000   Code   RO         5923    .ARM.Collect$$libshutdown$$00000011  c_w.l(libshutdown2.o)
    0x0800021c   0x0800021c   0x00000002   Code   RO         5924    .ARM.Collect$$libshutdown$$00000012  c_w.l(libshutdown2.o)
    0x0800021e   0x0800021e   0x00000000   Code   RO         5783    .ARM.Collect$$rtentry$$00000000  c_w.l(__rtentry.o)
    0x0800021e   0x0800021e   0x00000000   Code   RO         5801    .ARM.Collect$$rtentry$$00000002  c_w.l(__rtentry2.o)
    0x0800021e   0x0800021e   0x00000006   Code   RO         5813    .ARM.Collect$$rtentry$$00000004  c_w.l(__rtentry4.o)
    0x08000224   0x08000224   0x00000000   Code   RO         5803    .ARM.Collect$$rtentry$$00000009  c_w.l(__rtentry2.o)
    0x08000224   0x08000224   0x00000004   Code   RO         5804    .ARM.Collect$$rtentry$$0000000A  c_w.l(__rtentry2.o)
    0x08000228   0x08000228   0x00000000   Code   RO         5806    .ARM.Collect$$rtentry$$0000000C  c_w.l(__rtentry2.o)
    0x08000228   0x08000228   0x00000008   Code   RO         5807    .ARM.Collect$$rtentry$$0000000D  c_w.l(__rtentry2.o)
    0x08000230   0x08000230   0x00000002   Code   RO         5834    .ARM.Collect$$rtexit$$00000000  c_w.l(rtexit.o)
    0x08000232   0x08000232   0x00000000   Code   RO         5882    .ARM.Collect$$rtexit$$00000002  c_w.l(rtexit2.o)
    0x08000232   0x08000232   0x00000004   Code   RO         5883    .ARM.Collect$$rtexit$$00000003  c_w.l(rtexit2.o)
    0x08000236   0x08000236   0x00000006   Code   RO         5884    .ARM.Collect$$rtexit$$00000004  c_w.l(rtexit2.o)
    0x0800023c   0x0800023c   0x00000040   Code   RO         1093    .text               startup_stm32f40_41xxx.o
    0x0800027c   0x0800027c   0x00000002   Code   RO         5713    .text               c_w.l(use_no_semi_2.o)
    0x0800027e   0x0800027e   0x00000002   PAD
    0x08000280   0x08000280   0x00000018   Code   RO         5719    .text               c_w.l(noretval__2printf.o)
    0x08000298   0x08000298   0x00000028   Code   RO         5721    .text               c_w.l(noretval__2sprintf.o)
    0x080002c0   0x080002c0   0x00000068   Code   RO         5723    .text               c_w.l(__printf.o)
    0x08000328   0x08000328   0x00000052   Code   RO         5725    .text               c_w.l(_printf_str.o)
    0x0800037a   0x0800037a   0x00000002   PAD
    0x0800037c   0x0800037c   0x00000078   Code   RO         5727    .text               c_w.l(_printf_dec.o)
    0x080003f4   0x080003f4   0x00000024   Code   RO         5753    .text               c_w.l(strstr.o)
    0x08000418   0x08000418   0x00000048   Code   RO         5755    .text               c_w.l(strcpy.o)
    0x08000460   0x08000460   0x0000003e   Code   RO         5757    .text               c_w.l(strlen.o)
    0x0800049e   0x0800049e   0x00000044   Code   RO         5759    .text               c_w.l(rt_memclr.o)
    0x080004e2   0x080004e2   0x0000004e   Code   RO         5761    .text               c_w.l(rt_memclr_w.o)
    0x08000530   0x08000530   0x00000056   Code   RO         5763    .text               c_w.l(strncpy.o)
    0x08000586   0x08000586   0x00000006   Code   RO         5765    .text               c_w.l(heapauxi.o)
    0x0800058c   0x0800058c   0x00000002   Code   RO         5781    .text               c_w.l(use_no_semi.o)
    0x0800058e   0x0800058e   0x000000b2   Code   RO         5784    .text               c_w.l(_printf_intcommon.o)
    0x08000640   0x08000640   0x00000030   Code   RO         5786    .text               c_w.l(_printf_char_common.o)
    0x08000670   0x08000670   0x0000000a   Code   RO         5788    .text               c_w.l(_sputc.o)
    0x0800067a   0x0800067a   0x0000002c   Code   RO         5790    .text               c_w.l(_printf_char.o)
    0x080006a6   0x080006a6   0x00000002   PAD
    0x080006a8   0x080006a8   0x00000024   Code   RO         5792    .text               c_w.l(_printf_char_file.o)
    0x080006cc   0x080006cc   0x00000008   Code   RO         5817    .text               c_w.l(ferror.o)
    0x080006d4   0x080006d4   0x0000004a   Code   RO         5821    .text               c_w.l(sys_stackheap_outer.o)
    0x0800071e   0x0800071e   0x00000012   Code   RO         5823    .text               c_w.l(exit.o)
    0x08000730   0x08000730   0x00000008   Code   RO         5831    .text               c_w.l(libspace.o)
    0x08000738   0x08000738   0x00000004   Code   RO          224    i.BusFault_Handler  stm32f4xx_it.o
    0x0800073c   0x0800073c   0x00000002   Code   RO          225    i.DebugMon_Handler  stm32f4xx_it.o
    0x0800073e   0x0800073e   0x00000002   PAD
    0x08000740   0x08000740   0x0000001c   Code   RO          503    i.Display_TongFei_LOGO  tftlcd.o
    0x0800075c   0x0800075c   0x00000020   Code   RO          906    i.FPGA_Bottom_TrashBin1  fpga_signals.o
    0x0800077c   0x0800077c   0x00000020   Code   RO          907    i.FPGA_Bottom_TrashBin2  fpga_signals.o
    0x0800079c   0x0800079c   0x00000024   Code   RO          908    i.FPGA_Bottom_TrashBin3  fpga_signals.o
    0x080007c0   0x080007c0   0x00000020   Code   RO          909    i.FPGA_Bottom_TrashBin4  fpga_signals.o
    0x080007e0   0x080007e0   0x0000000c   Code   RO          910    i.FPGA_Cover_Close  fpga_signals.o
    0x080007ec   0x080007ec   0x0000000c   Code   RO          911    i.FPGA_Cover_Open   fpga_signals.o
    0x080007f8   0x080007f8   0x0000009c   Code   RO          912    i.FPGA_GPIO_Init    fpga_signals.o
    0x08000894   0x08000894   0x00000018   Code   RO          913    i.FPGA_Recongize_Throw  fpga_signals.o
    0x080008ac   0x080008ac   0x00000018   Code   RO          914    i.FPGA_Recongize_Wait  fpga_signals.o
    0x080008c4   0x080008c4   0x00000018   Code   RO          915    i.FPGA_Recongize_Watch  fpga_signals.o
    0x080008dc   0x080008dc   0x00000090   Code   RO         2700    i.GPIO_Init         stm32f4xx_gpio.o
    0x0800096c   0x0800096c   0x00000046   Code   RO         2701    i.GPIO_PinAFConfig  stm32f4xx_gpio.o
    0x080009b2   0x080009b2   0x00000012   Code   RO         2704    i.GPIO_ReadInputDataBit  stm32f4xx_gpio.o
    0x080009c4   0x080009c4   0x00000004   Code   RO         2707    i.GPIO_ResetBits    stm32f4xx_gpio.o
    0x080009c8   0x080009c8   0x00000004   Code   RO         2708    i.GPIO_SetBits      stm32f4xx_gpio.o
    0x080009cc   0x080009cc   0x00000168   Code   RO         1021    i.HX711_All_Init    hx711.o
    0x08000b34   0x08000b34   0x0000004c   Code   RO         1022    i.HX711_TrashBin1_GetWeight  hx711.o
    0x08000b80   0x08000b80   0x000000a4   Code   RO         1023    i.HX711_TrashBin1_Read  hx711.o
    0x08000c24   0x08000c24   0x0000004c   Code   RO         1024    i.HX711_TrashBin2_GetWeight  hx711.o
    0x08000c70   0x08000c70   0x00000094   Code   RO         1025    i.HX711_TrashBin2_Read  hx711.o
    0x08000d04   0x08000d04   0x0000004c   Code   RO         1026    i.HX711_TrashBin3_GetWeight  hx711.o
    0x08000d50   0x08000d50   0x00000094   Code   RO         1027    i.HX711_TrashBin3_Read  hx711.o
    0x08000de4   0x08000de4   0x0000004c   Code   RO         1028    i.HX711_TrashBin4_GetWeight  hx711.o
    0x08000e30   0x08000e30   0x000000a4   Code   RO         1029    i.HX711_TrashBin4_Read  hx711.o
    0x08000ed4   0x08000ed4   0x00000004   Code   RO          226    i.HardFault_Handler  stm32f4xx_it.o
    0x08000ed8   0x08000ed8   0x000000fc   Code   RO            3    i.L610_Init         main.o
    0x08000fd4   0x08000fd4   0x00000052   Code   RO          504    i.LCD_Address_Set   tftlcd.o
    0x08001026   0x08001026   0x00000002   PAD
    0x08001028   0x08001028   0x0000006c   Code   RO          505    i.LCD_Clear         tftlcd.o
    0x08001094   0x08001094   0x00000094   Code   RO          513    i.LCD_Fill          tftlcd.o
    0x08001128   0x08001128   0x0000006c   Code   RO          514    i.LCD_Gpio_Init     tftlcd.o
    0x08001194   0x08001194   0x0000019c   Code   RO          515    i.LCD_Init          tftlcd.o
    0x08001330   0x08001330   0x00000016   Code   RO          516    i.LCD_Pow           tftlcd.o
    0x08001346   0x08001346   0x0000004a   Code   RO          517    i.LCD_SPI_Send      tftlcd.o
    0x08001390   0x08001390   0x00000210   Code   RO          518    i.LCD_ShowChar      tftlcd.o
    0x080015a0   0x080015a0   0x00000088   Code   RO          519    i.LCD_ShowNum       tftlcd.o
    0x08001628   0x08001628   0x00000062   Code   RO          520    i.LCD_ShowString    tftlcd.o
    0x0800168a   0x0800168a   0x00000002   PAD
    0x0800168c   0x0800168c   0x00000050   Code   RO          521    i.LCD_Show_Image    tftlcd.o
    0x080016dc   0x080016dc   0x00000018   Code   RO          523    i.LCD_Write_Cmd     tftlcd.o
    0x080016f4   0x080016f4   0x00000018   Code   RO          524    i.LCD_Write_Data    tftlcd.o
    0x0800170c   0x0800170c   0x00000028   Code   RO          525    i.LCD_Write_HalfWord  tftlcd.o
    0x08001734   0x08001734   0x00000004   Code   RO          227    i.MemManage_Handler  stm32f4xx_it.o
    0x08001738   0x08001738   0x00000002   Code   RO          228    i.NMI_Handler       stm32f4xx_it.o
    0x0800173a   0x0800173a   0x00000002   PAD
    0x0800173c   0x0800173c   0x00000078   Code   RO         1099    i.NVIC_Init         misc.o
    0x080017b4   0x080017b4   0x00000014   Code   RO         1100    i.NVIC_PriorityGroupConfig  misc.o
    0x080017c8   0x080017c8   0x00000002   Code   RO          229    i.PendSV_Handler    stm32f4xx_it.o
    0x080017ca   0x080017ca   0x00000002   PAD
    0x080017cc   0x080017cc   0x00000020   Code   RO         3567    i.RCC_AHB1PeriphClockCmd  stm32f4xx_rcc.o
    0x080017ec   0x080017ec   0x00000020   Code   RO         3576    i.RCC_APB1PeriphClockCmd  stm32f4xx_rcc.o
    0x0800180c   0x0800180c   0x00000020   Code   RO         3578    i.RCC_APB1PeriphResetCmd  stm32f4xx_rcc.o
    0x0800182c   0x0800182c   0x00000020   Code   RO         3579    i.RCC_APB2PeriphClockCmd  stm32f4xx_rcc.o
    0x0800184c   0x0800184c   0x00000020   Code   RO         3581    i.RCC_APB2PeriphResetCmd  stm32f4xx_rcc.o
    0x0800186c   0x0800186c   0x000000e8   Code   RO         3588    i.RCC_GetClocksFreq  stm32f4xx_rcc.o
    0x08001954   0x08001954   0x000000b8   Code   RO          465    i.SPI1_Init         spi.o
    0x08001a0c   0x08001a0c   0x00000038   Code   RO          466    i.SPI1_ReadWriteByte  spi.o
    0x08001a44   0x08001a44   0x00000044   Code   RO          468    i.SPI1_WriteData    spi.o
    0x08001a88   0x08001a88   0x00000018   Code   RO         4687    i.SPI_Cmd           stm32f4xx_spi.o
    0x08001aa0   0x08001aa0   0x00000012   Code   RO         4695    i.SPI_I2S_GetFlagStatus  stm32f4xx_spi.o
    0x08001ab2   0x08001ab2   0x00000006   Code   RO         4698    i.SPI_I2S_ReceiveData  stm32f4xx_spi.o
    0x08001ab8   0x08001ab8   0x00000004   Code   RO         4699    i.SPI_I2S_SendData  stm32f4xx_spi.o
    0x08001abc   0x08001abc   0x0000003c   Code   RO         4700    i.SPI_Init          stm32f4xx_spi.o
    0x08001af8   0x08001af8   0x00000002   Code   RO          230    i.SVC_Handler       stm32f4xx_it.o
    0x08001afa   0x08001afa   0x00000002   PAD
    0x08001afc   0x08001afc   0x0000009c   Code   RO          168    i.SetSysClock       system_stm32f4xx.o
    0x08001b98   0x08001b98   0x00000028   Code   RO         1103    i.SysTick_CLKSourceConfig  misc.o
    0x08001bc0   0x08001bc0   0x00000002   Code   RO          231    i.SysTick_Handler   stm32f4xx_it.o
    0x08001bc2   0x08001bc2   0x00000002   PAD
    0x08001bc4   0x08001bc4   0x00000068   Code   RO          170    i.SystemInit        system_stm32f4xx.o
    0x08001c2c   0x08001c2c   0x00000026   Code   RO          663    i.TCS34725_Enable   tcs34725_iic.o
    0x08001c52   0x08001c52   0x00000022   Code   RO          664    i.TCS34725_GetChannelData  tcs34725_iic.o
    0x08001c74   0x08001c74   0x0000005a   Code   RO          665    i.TCS34725_GetRGB565Data  tcs34725_iic.o
    0x08001cce   0x08001cce   0x00000002   PAD
    0x08001cd0   0x08001cd0   0x0000004c   Code   RO          667    i.TCS34725_I2C_ACK  tcs34725_iic.o
    0x08001d1c   0x08001d1c   0x00000050   Code   RO          668    i.TCS34725_I2C_Init  tcs34725_iic.o
    0x08001d6c   0x08001d6c   0x0000004c   Code   RO          669    i.TCS34725_I2C_NACK  tcs34725_iic.o
    0x08001db8   0x08001db8   0x00000054   Code   RO          670    i.TCS34725_I2C_Read  tcs34725_iic.o
    0x08001e0c   0x08001e0c   0x00000068   Code   RO          671    i.TCS34725_I2C_Read_Byte  tcs34725_iic.o
    0x08001e74   0x08001e74   0x00000078   Code   RO          672    i.TCS34725_I2C_Send_Byte  tcs34725_iic.o
    0x08001eec   0x08001eec   0x0000004c   Code   RO          673    i.TCS34725_I2C_Start  tcs34725_iic.o
    0x08001f38   0x08001f38   0x0000004c   Code   RO          674    i.TCS34725_I2C_Stop  tcs34725_iic.o
    0x08001f84   0x08001f84   0x00000060   Code   RO          675    i.TCS34725_I2C_Wait_ACK  tcs34725_iic.o
    0x08001fe4   0x08001fe4   0x00000046   Code   RO          676    i.TCS34725_I2C_Write  tcs34725_iic.o
    0x0800202a   0x0800202a   0x00000034   Code   RO          677    i.TCS34725_Init     tcs34725_iic.o
    0x0800205e   0x0800205e   0x0000002a   Code   RO          678    i.TCS34725_Read     tcs34725_iic.o
    0x08002088   0x08002088   0x00000012   Code   RO          679    i.TCS34725_SetGain  tcs34725_iic.o
    0x0800209a   0x0800209a   0x00000012   Code   RO          680    i.TCS34725_SetIntegrationTime  tcs34725_iic.o
    0x080020ac   0x080020ac   0x0000003e   Code   RO          682    i.TCS34725_Write    tcs34725_iic.o
    0x080020ea   0x080020ea   0x00000002   PAD
    0x080020ec   0x080020ec   0x00000020   Code   RO          982    i.TIM2_IRQHandler   hc_sr04.o
    0x0800210c   0x0800210c   0x00000062   Code   RO          983    i.TIM2_init         hc_sr04.o
    0x0800216e   0x0800216e   0x00000006   Code   RO         4912    i.TIM_ClearITPendingBit  stm32f4xx_tim.o
    0x08002174   0x08002174   0x00000018   Code   RO         4917    i.TIM_Cmd           stm32f4xx_tim.o
    0x0800218c   0x0800218c   0x00000190   Code   RO         4922    i.TIM_DeInit        stm32f4xx_tim.o
    0x0800231c   0x0800231c   0x00000022   Code   RO         4938    i.TIM_GetITStatus   stm32f4xx_tim.o
    0x0800233e   0x0800233e   0x00000012   Code   RO         4942    i.TIM_ITConfig      stm32f4xx_tim.o
    0x08002350   0x08002350   0x00000084   Code   RO         4989    i.TIM_TimeBaseInit  stm32f4xx_tim.o
    0x080023d4   0x080023d4   0x0000005c   Code   RO          357    i.USART1_IRQHandler  usart1.o
    0x08002430   0x08002430   0x00000070   Code   RO          406    i.USART2_IRQHandler  usart2.o
    0x080024a0   0x080024a0   0x0000003c   Code   RO          407    i.USART2_SendData   usart2.o
    0x080024dc   0x080024dc   0x00000018   Code   RO         5467    i.USART_Cmd         stm32f4xx_usart.o
    0x080024f4   0x080024f4   0x0000001a   Code   RO         5470    i.USART_GetFlagStatus  stm32f4xx_usart.o
    0x0800250e   0x0800250e   0x00000054   Code   RO         5471    i.USART_GetITStatus  stm32f4xx_usart.o
    0x08002562   0x08002562   0x0000004a   Code   RO         5473    i.USART_ITConfig    stm32f4xx_usart.o
    0x080025ac   0x080025ac   0x000000d4   Code   RO         5474    i.USART_Init        stm32f4xx_usart.o
    0x08002680   0x08002680   0x0000000a   Code   RO         5481    i.USART_ReceiveData  stm32f4xx_usart.o
    0x0800268a   0x0800268a   0x00000008   Code   RO         5484    i.USART_SendData    stm32f4xx_usart.o
    0x08002692   0x08002692   0x00000004   Code   RO          232    i.UsageFault_Handler  stm32f4xx_it.o
    0x08002696   0x08002696   0x00000002   PAD
    0x08002698   0x08002698   0x00000050   Code   RO          802    i.VL6180X_IIC_Ack   vl6180x_iic.o
    0x080026e8   0x080026e8   0x00000048   Code   RO          803    i.VL6180X_IIC_Init  vl6180x_iic.o
    0x08002730   0x08002730   0x00000050   Code   RO          804    i.VL6180X_IIC_NAck  vl6180x_iic.o
    0x08002780   0x08002780   0x0000006c   Code   RO          805    i.VL6180X_IIC_Read_Byte  vl6180x_iic.o
    0x080027ec   0x080027ec   0x00000068   Code   RO          806    i.VL6180X_IIC_Send_Byte  vl6180x_iic.o
    0x08002854   0x08002854   0x0000004c   Code   RO          807    i.VL6180X_IIC_Start  vl6180x_iic.o
    0x080028a0   0x080028a0   0x0000004c   Code   RO          808    i.VL6180X_IIC_Stop  vl6180x_iic.o
    0x080028ec   0x080028ec   0x00000060   Code   RO          809    i.VL6180X_IIC_Wait_Ack  vl6180x_iic.o
    0x0800294c   0x0800294c   0x0000016e   Code   RO          810    i.VL6180X_Init      vl6180x_iic.o
    0x08002aba   0x08002aba   0x0000004c   Code   RO          811    i.VL6180X_ReadByte  vl6180x_iic.o
    0x08002b06   0x08002b06   0x0000000a   Code   RO          813    i.VL6180X_Read_ID   vl6180x_iic.o
    0x08002b10   0x08002b10   0x00000040   Code   RO          815    i.VL6180X_Read_Range  vl6180x_iic.o
    0x08002b50   0x08002b50   0x00000056   Code   RO          816    i.VL6180X_WriteByte  vl6180x_iic.o
    0x08002ba6   0x08002ba6   0x00000004   Code   RO          358    i._sys_exit         usart1.o
    0x08002baa   0x08002baa   0x00000002   PAD
    0x08002bac   0x08002bac   0x0000003c   Code   RO          299    i.delay_init        delay.o
    0x08002be8   0x08002be8   0x00000038   Code   RO          300    i.delay_ms          delay.o
    0x08002c20   0x08002c20   0x0000004c   Code   RO          301    i.delay_us          delay.o
    0x08002c6c   0x08002c6c   0x0000004c   Code   RO          302    i.delay_xms         delay.o
    0x08002cb8   0x08002cb8   0x0000001c   Code   RO          359    i.fputc             usart1.o
    0x08002cd4   0x08002cd4   0x00000878   Code   RO            4    i.main              main.o
    0x0800354c   0x0800354c   0x000000ac   Code   RO          360    i.uart1_init        usart1.o
    0x080035f8   0x080035f8   0x000000ac   Code   RO          408    i.uart2_init        usart2.o
    0x080036a4   0x080036a4   0x0000000a   Code   RO         5890    x$fpl$fpinit        fz_wm.l(fpinit.o)
    0x080036ae   0x080036ae   0x00020db4   Data   RO          527    .constdata          tftlcd.o
    0x08024462   0x08024462   0x00000002   PAD
    0x08024464   0x08024464   0x00000147   Data   RO            5    .conststring        main.o
    0x080245ab   0x080245ab   0x00000001   PAD
    0x080245ac   0x080245ac   0x00000020   Data   RO         5956    Region$$Table       anon$$obj.o


    Execution Region RW_IRAM1 (Exec base: 0x20000000, Load base: 0x080245cc, Size: 0x00000d90, Max: 0x00020000, ABSOLUTE)

    Exec Addr    Load Addr    Size         Type   Attr      Idx    E Section Name        Object

    0x20000000   0x080245cc   0x00000010   Data   RW            6    .data               main.o
    0x20000010   0x080245dc   0x00000004   Data   RW          303    .data               delay.o
    0x20000014   0x080245e0   0x00000006   Data   RW          362    .data               usart1.o
    0x2000001a   0x080245e6   0x00000002   Data   RW          410    .data               usart2.o
    0x2000001c   0x080245e8   0x00000004   Data   RW          528    .data               tftlcd.o
    0x20000020   0x080245ec   0x00000002   Data   RW          984    .data               hc_sr04.o
    0x20000022   0x080245ee   0x00000002   PAD
    0x20000024   0x080245f0   0x00000024   Data   RW         1030    .data               hx711.o
    0x20000048   0x08024614   0x00000010   Data   RW         3620    .data               stm32f4xx_rcc.o
    0x20000058        -       0x000000c8   Zero   RW          361    .bss                usart1.o
    0x20000120        -       0x00000190   Zero   RW          409    .bss                usart2.o
    0x200002b0        -       0x00000480   Zero   RW          526    .bss                tftlcd.o
    0x20000730        -       0x00000060   Zero   RW         5832    .bss                c_w.l(libspace.o)
    0x20000790        -       0x00000200   Zero   RW         1091    HEAP                startup_stm32f40_41xxx.o
    0x20000990        -       0x00000400   Zero   RW         1090    STACK               startup_stm32f40_41xxx.o


==============================================================================

Image component sizes


      Code (inc. data)   RO Data    RW Data    ZI Data      Debug   Object Name

       268         16          0          4          0       2811   delay.o
       384        120          0          0          0       5898   fpga_signals.o
       130          4          0          2          0       1706   hc_sr04.o
      1288        118          0         36          0       7352   hx711.o
      2420        316        327         16          0     263018   main.o
       180         24          0          0          0       2305   misc.o
       308         20          0          0          0       2534   spi.o
        64         26        392          0       1536        904   startup_stm32f40_41xxx.o
       240          0          0          0          0       3871   stm32f4xx_gpio.o
        26          0          0          0          0       4598   stm32f4xx_it.o
       392         48          0         16          0       6265   stm32f4xx_rcc.o
       112          0          0          0          0       3846   stm32f4xx_spi.o
       614         82          0          0          0       4843   stm32f4xx_tim.o
       438          8          0          0          0       5941   stm32f4xx_usart.o
       260         34          0          0          0       1109   system_stm32f4xx.o
      1212         46          0          0          0      14446   tcs34725_iic.o
      1912         86     134580          4       1152      13408   tftlcd.o
       296         28          0          6        200       4655   usart1.o
       344         32          0          2        400       2985   usart2.o
      1294        108          0          0          0       9423   vl6180x_iic.o

    ----------------------------------------------------------------------
     12204       1116     135334         88       3288     361918   Object Totals
         0          0         32          0          0          0   (incl. Generated)
        22          0          3          2          0          0   (incl. Padding)

    ----------------------------------------------------------------------

      Code (inc. data)   RO Data    RW Data    ZI Data      Debug   Library Member Name

         8          0          0          0          0         68   __main.o
       104          0          0          0          0         84   __printf.o
         0          0          0          0          0          0   __rtentry.o
        12          0          0          0          0          0   __rtentry2.o
         6          0          0          0          0          0   __rtentry4.o
        52          8          0          0          0          0   __scatter.o
        26          0          0          0          0          0   __scatter_copy.o
        28          0          0          0          0          0   __scatter_zi.o
         6          0          0          0          0          0   _printf_c.o
        44          0          0          0          0        108   _printf_char.o
        48          6          0          0          0         96   _printf_char_common.o
        36          4          0          0          0         80   _printf_char_file.o
         6          0          0          0          0          0   _printf_d.o
       120         16          0          0          0         92   _printf_dec.o
       178          0          0          0          0         88   _printf_intcommon.o
         0          0          0          0          0          0   _printf_percent.o
         4          0          0          0          0          0   _printf_percent_end.o
        82          0          0          0          0         80   _printf_str.o
         6          0          0          0          0          0   _printf_u.o
        10          0          0          0          0         68   _sputc.o
        18          0          0          0          0         80   exit.o
         8          0          0          0          0         68   ferror.o
         6          0          0          0          0        152   heapauxi.o
         2          0          0          0          0          0   libinit.o
         6          0          0          0          0          0   libinit2.o
         2          0          0          0          0          0   libshutdown.o
         2          0          0          0          0          0   libshutdown2.o
         8          4          0          0         96         68   libspace.o
        24          4          0          0          0         84   noretval__2printf.o
        40          6          0          0          0         84   noretval__2sprintf.o
        68          0          0          0          0         68   rt_memclr.o
        78          0          0          0          0         80   rt_memclr_w.o
         2          0          0          0          0          0   rtexit.o
        10          0          0          0          0          0   rtexit2.o
        72          0          0          0          0         80   strcpy.o
        62          0          0          0          0         76   strlen.o
        86          0          0          0          0         76   strncpy.o
        36          0          0          0          0         80   strstr.o
        74          0          0          0          0         80   sys_stackheap_outer.o
         2          0          0          0          0         68   use_no_semi.o
         2          0          0          0          0         68   use_no_semi_2.o
        10          0          0          0          0        116   fpinit.o

    ----------------------------------------------------------------------
      1402         48          0          0         96       2092   Library Totals
         8          0          0          0          0          0   (incl. Padding)

    ----------------------------------------------------------------------

      Code (inc. data)   RO Data    RW Data    ZI Data      Debug   Library Name

      1384         48          0          0         96       1976   c_w.l
        10          0          0          0          0        116   fz_wm.l

    ----------------------------------------------------------------------
      1402         48          0          0         96       2092   Library Totals

    ----------------------------------------------------------------------

==============================================================================


      Code (inc. data)   RO Data    RW Data    ZI Data      Debug   

     13606       1164     135334         88       3384     350970   Grand Totals
     13606       1164     135334         88       3384     350970   ELF Image Totals
     13606       1164     135334         88          0          0   ROM Totals

==============================================================================

    Total RO  Size (Code + RO Data)               148940 ( 145.45kB)
    Total RW  Size (RW Data + ZI Data)              3472 (   3.39kB)
    Total ROM Size (Code + RO Data + RW Data)     149028 ( 145.54kB)

==============================================================================

