Component: ARM Compiler 5.06 update 7 (build 960) Tool: armlink [4d3601]

==============================================================================

Section Cross References

    main.o(i.main) refers to misc.o(i.NVIC_PriorityGroupConfig) for NVIC_PriorityGroupConfig
    main.o(i.main) refers to delay.o(i.delay_init) for delay_init
    main.o(i.main) refers to usart.o(i.uart_init) for uart_init
    main.o(i.main) refers to hc_sr04.o(i.TIM2_init) for TIM2_init
    main.o(i.main) refers to led.o(i.LED_Init) for LED_Init
    main.o(i.main) refers to tftlcd.o(i.LCD_Init) for LCD_Init
    main.o(i.main) refers to tcs34725_iic.o(i.TCS34725_Init) for TCS34725_Init
    main.o(i.main) refers to vl6180x_iic.o(i.VL6180X_Init) for VL6180X_Init
    main.o(i.main) refers to fpga_signals.o(i.FPGA_GPIO_Init) for FPGA_GPIO_Init
    main.o(i.main) refers to hc_sr04.o(i.HC_SR04_GPIO_Init) for HC_SR04_GPIO_Init
    main.o(i.main) refers to tftlcd.o(i.LCD_Clear) for LCD_Clear
    main.o(i.main) refers to tftlcd.o(i.Display_TongFei_LOGO) for Display_TongFei_LOGO
    main.o(i.main) refers to delay.o(i.delay_ms) for delay_ms
    main.o(i.main) refers to vl6180x_iic.o(i.VL6180X_Read_Range) for VL6180X_Read_Range
    main.o(i.main) refers to tcs34725_iic.o(i.TCS34725_GetRawData) for TCS34725_GetRawData
    main.o(i.main) refers to tcs34725_iic.o(i.TCS34725_GetRGB565Data) for TCS34725_GetRGB565Data
    main.o(i.main) refers to hc_sr04.o(i.HC_SR04_GetDiatance) for HC_SR04_GetDiatance
    main.o(i.main) refers to noretval__2printf.o(.text) for __2printf
    main.o(i.main) refers to fpga_signals.o(i.FPGA_Send_Rotate) for FPGA_Send_Rotate
    main.o(i.main) refers to tftlcd.o(i.LCD_ShowNum) for LCD_ShowNum
    main.o(i.main) refers to tftlcd.o(i.LCD_ShowString) for LCD_ShowString
    main.o(i.main) refers to tftlcd.o(i.LCD_Fill) for LCD_Fill
    main.o(i.main) refers to main.o(.data) for rgb
    main.o(i.main) refers to usart.o(.bss) for CMD
    system_stm32f4xx.o(i.SystemCoreClockUpdate) refers to system_stm32f4xx.o(.data) for SystemCoreClock
    system_stm32f4xx.o(i.SystemInit) refers to system_stm32f4xx.o(i.SetSysClock) for SetSysClock
    delay.o(i.delay_init) refers to misc.o(i.SysTick_CLKSourceConfig) for SysTick_CLKSourceConfig
    delay.o(i.delay_init) refers to delay.o(.data) for fac_us
    delay.o(i.delay_ms) refers to delay.o(i.delay_xms) for delay_xms
    delay.o(i.delay_us) refers to delay.o(.data) for fac_us
    delay.o(i.delay_xms) refers to delay.o(.data) for fac_ms
    usart.o(.rev16_text) refers (Special) to use_no_semi_2.o(.text) for __use_no_semihosting
    usart.o(.revsh_text) refers (Special) to use_no_semi_2.o(.text) for __use_no_semihosting
    usart.o(i.USART1_IRQHandler) refers (Special) to use_no_semi_2.o(.text) for __use_no_semihosting
    usart.o(i.USART1_IRQHandler) refers to stm32f4xx_usart.o(i.USART_GetITStatus) for USART_GetITStatus
    usart.o(i.USART1_IRQHandler) refers to stm32f4xx_usart.o(i.USART_ReceiveData) for USART_ReceiveData
    usart.o(i.USART1_IRQHandler) refers to strcpy.o(.text) for strcpy
    usart.o(i.USART1_IRQHandler) refers to rt_memclr.o(.text) for __aeabi_memclr
    usart.o(i.USART1_IRQHandler) refers to usart.o(.bss) for USART_RX_BUF
    usart.o(i.USART1_IRQHandler) refers to usart.o(.data) for USART_RX_STA
    usart.o(i._sys_exit) refers (Special) to use_no_semi_2.o(.text) for __use_no_semihosting
    usart.o(i.fputc) refers (Special) to use_no_semi_2.o(.text) for __use_no_semihosting
    usart.o(i.uart_init) refers (Special) to use_no_semi_2.o(.text) for __use_no_semihosting
    usart.o(i.uart_init) refers to stm32f4xx_rcc.o(i.RCC_AHB1PeriphClockCmd) for RCC_AHB1PeriphClockCmd
    usart.o(i.uart_init) refers to stm32f4xx_rcc.o(i.RCC_APB2PeriphClockCmd) for RCC_APB2PeriphClockCmd
    usart.o(i.uart_init) refers to stm32f4xx_gpio.o(i.GPIO_PinAFConfig) for GPIO_PinAFConfig
    usart.o(i.uart_init) refers to stm32f4xx_gpio.o(i.GPIO_Init) for GPIO_Init
    usart.o(i.uart_init) refers to stm32f4xx_usart.o(i.USART_Init) for USART_Init
    usart.o(i.uart_init) refers to stm32f4xx_usart.o(i.USART_Cmd) for USART_Cmd
    usart.o(i.uart_init) refers to stm32f4xx_usart.o(i.USART_ITConfig) for USART_ITConfig
    usart.o(i.uart_init) refers to misc.o(i.NVIC_Init) for NVIC_Init
    usart.o(.bss) refers (Special) to use_no_semi_2.o(.text) for __use_no_semihosting
    usart.o(.data) refers (Special) to use_no_semi_2.o(.text) for __use_no_semihosting
    led.o(i.LED_Init) refers to stm32f4xx_rcc.o(i.RCC_AHB1PeriphClockCmd) for RCC_AHB1PeriphClockCmd
    led.o(i.LED_Init) refers to stm32f4xx_gpio.o(i.GPIO_Init) for GPIO_Init
    led.o(i.LED_Init) refers to stm32f4xx_gpio.o(i.GPIO_SetBits) for GPIO_SetBits
    spi.o(i.SPI1_Init) refers to stm32f4xx_rcc.o(i.RCC_AHB1PeriphClockCmd) for RCC_AHB1PeriphClockCmd
    spi.o(i.SPI1_Init) refers to stm32f4xx_rcc.o(i.RCC_APB2PeriphClockCmd) for RCC_APB2PeriphClockCmd
    spi.o(i.SPI1_Init) refers to stm32f4xx_gpio.o(i.GPIO_Init) for GPIO_Init
[...]
    ..\FWLIB\src\misc.c                      0x00000000   Number         0  misc.o ABSOLUTE
    ..\FWLIB\src\stm32f4xx_adc.c             0x00000000   Number         0  stm32f4xx_adc.o ABSOLUTE
    ..\FWLIB\src\stm32f4xx_can.c             0x00000000   Number         0  stm32f4xx_can.o ABSOLUTE
    ..\FWLIB\src\stm32f4xx_crc.c             0x00000000   Number         0  stm32f4xx_crc.o ABSOLUTE
    ..\FWLIB\src\stm32f4xx_cryp.c            0x00000000   Number         0  stm32f4xx_cryp.o ABSOLUTE
    ..\FWLIB\src\stm32f4xx_cryp_aes.c        0x00000000   Number         0  stm32f4xx_cryp_aes.o ABSOLUTE
    ..\FWLIB\src\stm32f4xx_cryp_des.c        0x00000000   Number         0  stm32f4xx_cryp_des.o ABSOLUTE
    ..\FWLIB\src\stm32f4xx_cryp_tdes.c       0x00000000   Number         0  stm32f4xx_cryp_tdes.o ABSOLUTE
    ..\FWLIB\src\stm32f4xx_dac.c             0x00000000   Number         0  stm32f4xx_dac.o ABSOLUTE
    ..\FWLIB\src\stm32f4xx_dbgmcu.c          0x00000000   Number         0  stm32f4xx_dbgmcu.o ABSOLUTE
    ..\FWLIB\src\stm32f4xx_dcmi.c            0x00000000   Number         0  stm32f4xx_dcmi.o ABSOLUTE
    ..\FWLIB\src\stm32f4xx_dma.c             0x00000000   Number         0  stm32f4xx_dma.o ABSOLUTE
    ..\FWLIB\src\stm32f4xx_dma2d.c           0x00000000   Number         0  stm32f4xx_dma2d.o ABSOLUTE
    ..\FWLIB\src\stm32f4xx_exti.c            0x00000000   Number         0  stm32f4xx_exti.o ABSOLUTE
    ..\FWLIB\src\stm32f4xx_flash.c           0x00000000   Number         0  stm32f4xx_flash.o ABSOLUTE
    ..\FWLIB\src\stm32f4xx_flash_ramfunc.c   0x00000000   Number         0  stm32f4xx_flash_ramfunc.o ABSOLUTE
    ..\FWLIB\src\stm32f4xx_gpio.c            0x00000000   Number         0  stm32f4xx_gpio.o ABSOLUTE
    ..\FWLIB\src\stm32f4xx_hash.c            0x00000000   Number         0  stm32f4xx_hash.o ABSOLUTE
    ..\FWLIB\src\stm32f4xx_hash_md5.c        0x00000000   Number         0  stm32f4xx_hash_md5.o ABSOLUTE
    ..\FWLIB\src\stm32f4xx_hash_sha1.c       0x00000000   Number         0  stm32f4xx_hash_sha1.o ABSOLUTE
    ..\FWLIB\src\stm32f4xx_i2c.c             0x00000000   Number         0  stm32f4xx_i2c.o ABSOLUTE
    ..\FWLIB\src\stm32f4xx_iwdg.c            0x00000000   Number         0  stm32f4xx_iwdg.o ABSOLUTE
    ..\FWLIB\src\stm32f4xx_ltdc.c            0x00000000   Number         0  stm32f4xx_ltdc.o ABSOLUTE
    ..\FWLIB\src\stm32f4xx_pwr.c             0x00000000   Number         0  stm32f4xx_pwr.o ABSOLUTE
    ..\FWLIB\src\stm32f4xx_rcc.c             0x00000000   Number         0  stm32f4xx_rcc.o ABSOLUTE
    ..\FWLIB\src\stm32f4xx_rng.c             0x00000000   Number         0  stm32f4xx_rng.o ABSOLUTE
    ..\FWLIB\src\stm32f4xx_rtc.c             0x00000000   Number         0  stm32f4xx_rtc.o ABSOLUTE
    ..\FWLIB\src\stm32f4xx_sai.c             0x00000000   Number         0  stm32f4xx_sai.o ABSOLUTE
    ..\FWLIB\src\stm32f4xx_sdio.c            0x00000000   Number         0  stm32f4xx_sdio.o ABSOLUTE
    ..\FWLIB\src\stm32f4xx_spi.c             0x00000000   Number         0  stm32f4xx_spi.o ABSOLUTE
    ..\FWLIB\src\stm32f4xx_syscfg.c          0x00000000   Number         0  stm32f4xx_syscfg.o ABSOLUTE
    ..\FWLIB\src\stm32f4xx_tim.c             0x00000000   Number         0  stm32f4xx_tim.o ABSOLUTE
    ..\FWLIB\src\stm32f4xx_usart.c           0x00000000   Number         0  stm32f4xx_usart.o ABSOLUTE
    ..\FWLIB\src\stm32f4xx_wwdg.c            0x00000000   Number         0  stm32f4xx_wwdg.o ABSOLUTE
    ..\HARDWARE\COLOR_SENSOR_TCS34725\TCS34725_iic.c 0x00000000   Number         0  tcs34725_iic.o ABSOLUTE
    ..\HARDWARE\DISTANCE_SENSOR_HC-SR04\HC_SR04.c 0x00000000   Number         0  hc_sr04.o ABSOLUTE
    ..\HARDWARE\DISTANCE_SENSOR_VL6180X\VL6180X_iic.c 0x00000000   Number         0  vl6180x_iic.o ABSOLUTE
    ..\HARDWARE\FPGA_SIGNALS\FPGA_signals.c  0x00000000   Number         0  fpga_signals.o ABSOLUTE
    ..\HARDWARE\LED\led.c                    0x00000000   Number         0  led.o ABSOLUTE
    ..\HARDWARE\SPI\spi.c                    0x00000000   Number         0  spi.o ABSOLUTE
    ..\HARDWARE\TFTLCD\tftlcd.c              0x00000000   Number         0  tftlcd.o ABSOLUTE
    ..\SYSTEM\delay\delay.c                  0x00000000   Number         0  delay.o ABSOLUTE
    ..\SYSTEM\sys\sys.c                      0x00000000   Number         0  sys.o ABSOLUTE
    ..\SYSTEM\usart\usart.c                  0x00000000   Number         0  usart.o ABSOLUTE
    ..\\FWLIB\\src\\misc.c                   0x00000000   Number         0  misc.o ABSOLUTE
    ..\\FWLIB\\src\\stm32f4xx_adc.c          0x00000000   Number         0  stm32f4xx_adc.o ABSOLUTE
    ..\\FWLIB\\src\\stm32f4xx_can.c          0x00000000   Number         0  stm32f4xx_can.o ABSOLUTE
    ..\\FWLIB\\src\\stm32f4xx_crc.c          0x00000000   Number         0  stm32f4xx_crc.o ABSOLUTE
    ..\\FWLIB\\src\\stm32f4xx_cryp.c         0x00000000   Number         0  stm32f4xx_cryp.o ABSOLUTE
    ..\\FWLIB\\src\\stm32f4xx_cryp_aes.c     0x00000000   Number         0  stm32f4xx_cryp_aes.o ABSOLUTE
    ..\\FWLIB\\src\\stm32f4xx_cryp_des.c     0x00000000   Number         0  stm32f4xx_cryp_des.o ABSOLUTE
    ..\\FWLIB\\src\\stm32f4xx_cryp_tdes.c    0x00000000   Number         0  stm32f4xx_cryp_tdes.o ABSOLUTE
    ..\\FWLIB\\src\\stm32f4xx_dac.c          0x00000000   Number         0  stm32f4xx_dac.o ABSOLUTE
    ..\\FWLIB\\src\\stm32f4xx_dbgmcu.c       0x00000000   Number         0  stm32f4xx_dbgmcu.o ABSOLUTE
    ..\\FWLIB\\src\\stm32f4xx_dcmi.c         0x00000000   Number         0  stm32f4xx_dcmi.o ABSOLUTE
    ..\\FWLIB\\src\\stm32f4xx_dma.c          0x00000000   Number         0  stm32f4xx_dma.o ABSOLUTE
    ..\\FWLIB\\src\\stm32f4xx_dma2d.c        0x00000000   Number         0  stm32f4xx_dma2d.o ABSOLUTE
    ..\\FWLIB\\src\\stm32f4xx_exti.c         0x00000000   Number         0  stm32f4xx_exti.o ABSOLUTE
    ..\\FWLIB\\src\\stm32f4xx_flash.c        0x00000000   Number         0  stm32f4xx_flash.o ABSOLUTE
    ..\\FWLIB\\src\\stm32f4xx_flash_ramfunc.c 0x00000000   Number         0  stm32f4xx_flash_ramfunc.o ABSOLUTE
    ..\\FWLIB\\src\\stm32f4xx_gpio.c         0x00000000   Number         0  stm32f4xx_gpio.o ABSOLUTE
    ..\\FWLIB\\src\\stm32f4xx_hash.c         0x00000000   Number         0  stm32f4xx_hash.o ABSOLUTE
    ..\\FWLIB\\src\\stm32f4xx_hash_md5.c     0x00000000   Number         0  stm32f4xx_hash_md5.o ABSOLUTE
    ..\\FWLIB\\src\\stm32f4xx_hash_sha1.c    0x00000000   Number         0  stm32f4xx_hash_sha1.o ABSOLUTE
    ..\\FWLIB\\src\\stm32f4xx_i2c.c          0x00000000   Number         0  stm32f4xx_i2c.o ABSOLUTE
    ..\\FWLIB\\src\\stm32f4xx_iwdg.c         0x00000000   Number         0  stm32f4xx_iwdg.o ABSOLUTE
    ..\\FWLIB\\src\\stm32f4xx_ltdc.c         0x00000000   Number         0  stm32f4xx_ltdc.o ABSOLUTE
    ..\\FWLIB\\src\\stm32f4xx_pwr.c          0x00000000   Number         0  stm32f4xx_pwr.o ABSOLUTE
    ..\\FWLIB\\src\\stm32f4xx_rcc.c          0x00000000   Number         0  stm32f4xx_rcc.o ABSOLUTE
    ..\\FWLIB\\src\\stm32f4xx_rng.c          0x00000000   Number         0  stm32f4xx_rng.o ABSOLUTE
    ..\\FWLIB\\src\\stm32f4xx_rtc.c          0x00000000   Number         0  stm32f4xx_rtc.o ABSOLUTE
    ..\\FWLIB\\src\\stm32f4xx_sai.c          0x00000000   Number         0  stm32f4xx_sai.o ABSOLUTE
    ..\\FWLIB\\src\\stm32f4xx_sdio.c         0x00000000   Number         0  stm32f4xx_sdio.o ABSOLUTE
    ..\\FWLIB\\src\\stm32f4xx_spi.c          0x00000000   Number         0  stm32f4xx_spi.o ABSOLUTE
    ..\\FWLIB\\src\\stm32f4xx_syscfg.c       0x00000000   Number         0  stm32f4xx_syscfg.o ABSOLUTE
    ..\\FWLIB\\src\\stm32f4xx_tim.c          0x00000000   Number         0  stm32f4xx_tim.o ABSOLUTE
    ..\\FWLIB\\src\\stm32f4xx_usart.c        0x00000000   Number         0  stm32f4xx_usart.o ABSOLUTE
    ..\\FWLIB\\src\\stm32f4xx_wwdg.c         0x00000000   Number         0  stm32f4xx_wwdg.o ABSOLUTE
    ..\\HARDWARE\\COLOR_SENSOR_TCS34725\\TCS34725_iic.c 0x00000000   Number         0  tcs34725_iic.o ABSOLUTE
    ..\\HARDWARE\\DISTANCE_SENSOR_HC-SR04\\HC_SR04.c 0x00000000   Number         0  hc_sr04.o ABSOLUTE
    ..\\HARDWARE\\DISTANCE_SENSOR_VL6180X\\VL6180X_iic.c 0x00000000   Number         0  vl6180x_iic.o ABSOLUTE
    ..\\HARDWARE\\FPGA_SIGNALS\\FPGA_signals.c 0x00000000   Number         0  fpga_signals.o ABSOLUTE
    ..\\HARDWARE\\LED\\led.c                 0x00000000   Number         0  led.o ABSOLUTE
    ..\\HARDWARE\\SPI\\spi.c                 0x00000000   Number         0  spi.o ABSOLUTE
    ..\\HARDWARE\\TFTLCD\\tftlcd.c           0x00000000   Number         0  tftlcd.o ABSOLUTE
    ..\\SYSTEM\\delay\\delay.c               0x00000000   Number         0  delay.o ABSOLUTE
    ..\\SYSTEM\\sys\\sys.c                   0x00000000   Number         0  sys.o ABSOLUTE
    ..\\SYSTEM\\usart\\usart.c               0x00000000   Number         0  usart.o ABSOLUTE
    dc.s                                     0x00000000   Number         0  dc.o ABSOLUTE
    main.c                                   0x00000000   Number         0  main.o ABSOLUTE
    main.c                                   0x00000000   Number         0  main.o ABSOLUTE
    stm32f4xx_it.c                           0x00000000   Number         0  stm32f4xx_it.o ABSOLUTE
    stm32f4xx_it.c                           0x00000000   Number         0  stm32f4xx_it.o ABSOLUTE
    system_stm32f4xx.c                       0x00000000   Number         0  system_stm32f4xx.o ABSOLUTE
    system_stm32f4xx.c                       0x00000000   Number         0  system_stm32f4xx.o ABSOLUTE
    RESET                                    0x08000000   Section      392  startup_stm32f40_41xxx.o(RESET)
    !!!main                                  0x08000188   Section        8  __main.o(!!!main)
    !!!scatter                               0x08000190   Section       52  __scatter.o(!!!scatter)
    !!handler_copy                           0x080001c4   Section       26  __scatter_copy.o(!!handler_copy)
    !!handler_zi                             0x080001e0   Section       28  __scatter_zi.o(!!handler_zi)
    .ARM.Collect$$libinit$$00000000          0x080001fc   Section        2  libinit.o(.ARM.Collect$$libinit$$00000000)
    .ARM.Collect$$libinit$$00000001          0x080001fe   Section        4  libinit2.o(.ARM.Collect$$libinit$$00000001)
    .ARM.Collect$$libinit$$00000004          0x08000202   Section        0  libinit2.o(.ARM.Collect$$libinit$$00000004)
    .ARM.Collect$$libinit$$0000000A          0x08000202   Section        0  libinit2.o(.ARM.Collect$$libinit$$0000000A)
    .ARM.Collect$$libinit$$0000000C          0x08000202   Section        0  libinit2.o(.ARM.Collect$$libinit$$0000000C)
    .ARM.Collect$$libinit$$0000000E          0x08000202   Section        0  libinit2.o(.ARM.Collect$$libinit$$0000000E)
    .ARM.Collect$$libinit$$00000011          0x08000202   Section        0  libinit2.o(.ARM.Collect$$libinit$$00000011)
    .ARM.Collect$$libinit$$00000013          0x08000202   Section        0  libinit2.o(.ARM.Collect$$libinit$$00000013)
    .ARM.Collect$$libinit$$00000015          0x08000202   Section        0  libinit2.o(.ARM.Collect$$libinit$$00000015)
    .ARM.Collect$$libinit$$00000017          0x08000202   Section        0  libinit2.o(.ARM.Collect$$libinit$$00000017)
    .ARM.Collect$$libinit$$00000019          0x08000202   Section        0  libinit2.o(.ARM.Collect$$libinit$$00000019)
    .ARM.Collect$$libinit$$0000001B          0x08000202   Section        0  libinit2.o(.ARM.Collect$$libinit$$0000001B)
    .ARM.Collect$$libinit$$0000001D          0x08000202   Section        0  libinit2.o(.ARM.Collect$$libinit$$0000001D)
    .ARM.Collect$$libinit$$0000001F          0x08000202   Section        0  libinit2.o(.ARM.Collect$$libinit$$0000001F)
    .ARM.Collect$$libinit$$00000021          0x08000202   Section        0  libinit2.o(.ARM.Collect$$libinit$$00000021)
    .ARM.Collect$$libinit$$00000023          0x08000202   Section        0  libinit2.o(.ARM.Collect$$libinit$$00000023)
    .ARM.Collect$$libinit$$00000025          0x08000202   Section        0  libinit2.o(.ARM.Collect$$libinit$$00000025)
    .ARM.Collect$$libinit$$0000002C          0x08000202   Section        0  libinit2.o(.ARM.Collect$$libinit$$0000002C)
    .ARM.Collect$$libinit$$0000002E          0x08000202   Section        0  libinit2.o(.ARM.Collect$$libinit$$0000002E)
    .ARM.Collect$$libinit$$00000030          0x08000202   Section        0  libinit2.o(.ARM.Collect$$libinit$$00000030)
    .ARM.Collect$$libinit$$00000032          0x08000202   Section        0  libinit2.o(.ARM.Collect$$libinit$$00000032)
    .ARM.Collect$$libinit$$00000033          0x08000202   Section        2  libinit2.o(.ARM.Collect$$libinit$$00000033)
    .ARM.Collect$$libshutdown$$00000000      0x08000204   Section        2  libshutdown.o(.ARM.Collect$$libshutdown$$00000000)
    .ARM.Collect$$libshutdown$$00000002      0x08000206   Section        0  libshutdown2.o(.ARM.Collect$$libshutdown$$00000002)
    .ARM.Collect$$libshutdown$$00000004      0x08000206   Section        0  libshutdown2.o(.ARM.Collect$$libshutdown$$00000004)
    .ARM.Collect$$libshutdown$$00000006      0x08000206   Section        0  libshutdown2.o(.ARM.Collect$$libshutdown$$00000006)
    .ARM.Collect$$libshutdown$$00000009      0x08000206   Section        0  libshutdown2.o(.ARM.Collect$$libshutdown$$00000009)
    .ARM.Collect$$libshutdown$$0000000C      0x08000206   Section        0  libshutdown2.o(.ARM.Collect$$libshutdown$$0000000C)
    .ARM.Collect$$libshutdown$$0000000E      0x08000206   Section        0  libshutdown2.o(.ARM.Collect$$libshutdown$$0000000E)
    .ARM.Collect$$libshutdown$$00000011      0x08000206   Section        0  libshutdown2.o(.ARM.Collect$$libshutdown$$00000011)
    .ARM.Collect$$libshutdown$$00000012      0x08000206   Section        2  libshutdown2.o(.ARM.Collect$$libshutdown$$00000012)
    .ARM.Collect$$rtentry$$00000000          0x08000208   Section        0  __rtentry.o(.ARM.Collect$$rtentry$$00000000)
    .ARM.Collect$$rtentry$$00000002          0x08000208   Section        0  __rtentry2.o(.ARM.Collect$$rtentry$$00000002)
    .ARM.Collect$$rtentry$$00000004          0x08000208   Section        6  __rtentry4.o(.ARM.Collect$$rtentry$$00000004)
    .ARM.Collect$$rtentry$$00000009          0x0800020e   Section        0  __rtentry2.o(.ARM.Collect$$rtentry$$00000009)
    .ARM.Collect$$rtentry$$0000000A          0x0800020e   Section        4  __rtentry2.o(.ARM.Collect$$rtentry$$0000000A)
    .ARM.Collect$$rtentry$$0000000C          0x08000212   Section        0  __rtentry2.o(.ARM.Collect$$rtentry$$0000000C)
    .ARM.Collect$$rtentry$$0000000D          0x08000212   Section        8  __rtentry2.o(.ARM.Collect$$rtentry$$0000000D)
    .ARM.Collect$$rtexit$$00000000           0x0800021a   Section        2  rtexit.o(.ARM.Collect$$rtexit$$00000000)
    .ARM.Collect$$rtexit$$00000002           0x0800021c   Section        0  rtexit2.o(.ARM.Collect$$rtexit$$00000002)
    .ARM.Collect$$rtexit$$00000003           0x0800021c   Section        4  rtexit2.o(.ARM.Collect$$rtexit$$00000003)
    .ARM.Collect$$rtexit$$00000004           0x08000220   Section        6  rtexit2.o(.ARM.Collect$$rtexit$$00000004)
    .text                                    0x08000228   Section       64  startup_stm32f40_41xxx.o(.text)
    $v0                                      0x08000228   Number         0  startup_stm32f40_41xxx.o(.text)
    .text                                    0x08000268   Section        2  use_no_semi_2.o(.text)
    .text                                    0x0800026c   Section        0  noretval__2printf.o(.text)
    .text                                    0x08000284   Section        0  strcpy.o(.text)
    .text                                    0x080002cc   Section       68  rt_memclr.o(.text)
    .text                                    0x08000310   Section        0  heapauxi.o(.text)
    .text                                    0x08000316   Section        2  use_no_semi.o(.text)
    .text                                    0x08000318   Section        0  _printf_char_file.o(.text)
    .text                                    0x0800033c   Section       78  rt_memclr_w.o(.text)
    .text                                    0x0800038c   Section        0  _printf_char_common.o(.text)
    _printf_input_char                       0x0800038d   Thumb Code    10  _printf_char_common.o(.text)
    .text                                    0x080003bc   Section        0  ferror.o(.text)
    .text                                    0x080003c4   Section       74  sys_stackheap_outer.o(.text)
    .text                                    0x0800040e   Section        0  __printf_nopercent.o(.text)
    .text                                    0x08000436   Section        0  exit.o(.text)
    .text                                    0x08000448   Section        8  libspace.o(.text)
    i.BusFault_Handler                       0x08000450   Section        0  stm32f4xx_it.o(i.BusFault_Handler)
    i.DebugMon_Handler                       0x08000454   Section        0  stm32f4xx_it.o(i.DebugMon_Handler)
    i.Display_TongFei_LOGO                   0x08000458   Section        0  tftlcd.o(i.Display_TongFei_LOGO)
    i.FPGA_GPIO_Init                         0x08000474   Section        0  fpga_signals.o(i.FPGA_GPIO_Init)
    i.FPGA_Send_Rotate                       0x080004dc   Section        0  fpga_signals.o(i.FPGA_Send_Rotate)
    i.GPIO_Init                              0x08000570   Section        0  stm32f4xx_gpio.o(i.GPIO_Init)
    i.GPIO_PinAFConfig                       0x08000600   Section        0  stm32f4xx_gpio.o(i.GPIO_PinAFConfig)
    i.GPIO_ReadInputDataBit                  0x08000646   Section        0  stm32f4xx_gpio.o(i.GPIO_ReadInputDataBit)
    i.GPIO_ResetBits                         0x08000658   Section        0  stm32f4xx_gpio.o(i.GPIO_ResetBits)
    i.GPIO_SetBits                           0x0800065c   Section        0  stm32f4xx_gpio.o(i.GPIO_SetBits)
    i.HC_SR04_GPIO_Init                      0x08000660   Section        0  hc_sr04.o(i.HC_SR04_GPIO_Init)
    i.HC_SR04_GetDiatance                    0x08000694   Section        0  hc_sr04.o(i.HC_SR04_GetDiatance)
    i.HardFault_Handler                      0x08000748   Section        0  stm32f4xx_it.o(i.HardFault_Handler)
    i.LCD_Address_Set                        0x0800074c   Section        0  tftlcd.o(i.LCD_Address_Set)
    i.LCD_Clear                              0x080007a0   Section        0  tftlcd.o(i.LCD_Clear)
    i.LCD_Fill                               0x0800080c   Section        0  tftlcd.o(i.LCD_Fill)
    i.LCD_Gpio_Init                          0x080008a0   Section        0  tftlcd.o(i.LCD_Gpio_Init)
    LCD_Gpio_Init                            0x080008a1   Thumb Code    96  tftlcd.o(i.LCD_Gpio_Init)
    i.LCD_Init                               0x0800090c   Section        0  tftlcd.o(i.LCD_Init)
    i.LCD_Pow                                0x08000aa8   Section        0  tftlcd.o(i.LCD_Pow)
    LCD_Pow                                  0x08000aa9   Thumb Code    22  tftlcd.o(i.LCD_Pow)
    i.LCD_SPI_Send                           0x08000abe   Section        0  tftlcd.o(i.LCD_SPI_Send)
    LCD_SPI_Send                             0x08000abf   Thumb Code    74  tftlcd.o(i.LCD_SPI_Send)
    i.LCD_ShowChar                           0x08000b08   Section        0  tftlcd.o(i.LCD_ShowChar)
    i.LCD_ShowNum                            0x08000d18   Section        0  tftlcd.o(i.LCD_ShowNum)
    i.LCD_ShowString                         0x08000da0   Section        0  tftlcd.o(i.LCD_ShowString)
    i.LCD_Show_Image                         0x08000e04   Section        0  tftlcd.o(i.LCD_Show_Image)
    i.LCD_Write_Cmd                          0x08000e54   Section        0  tftlcd.o(i.LCD_Write_Cmd)
    LCD_Write_Cmd                            0x08000e55   Thumb Code    18  tftlcd.o(i.LCD_Write_Cmd)
    i.LCD_Write_Data                         0x08000e6c   Section        0  tftlcd.o(i.LCD_Write_Data)
    LCD_Write_Data                           0x08000e6d   Thumb Code    18  tftlcd.o(i.LCD_Write_Data)
    i.LCD_Write_HalfWord                     0x08000e84   Section        0  tftlcd.o(i.LCD_Write_HalfWord)
    i.LED_Init                               0x08000eac   Section        0  led.o(i.LED_Init)
    i.MemManage_Handler                      0x08000eec   Section        0  stm32f4xx_it.o(i.MemManage_Handler)
    i.NMI_Handler                            0x08000ef0   Section        0  stm32f4xx_it.o(i.NMI_Handler)
    i.NVIC_Init                              0x08000ef4   Section        0  misc.o(i.NVIC_Init)
    i.NVIC_PriorityGroupConfig               0x08000f6c   Section        0  misc.o(i.NVIC_PriorityGroupConfig)
    i.PendSV_Handler                         0x08000f80   Section        0  stm32f4xx_it.o(i.PendSV_Handler)
    i.RCC_AHB1PeriphClockCmd                 0x08000f84   Section        0  stm32f4xx_rcc.o(i.RCC_AHB1PeriphClockCmd)
    i.RCC_APB1PeriphClockCmd                 0x08000fa4   Section        0  stm32f4xx_rcc.o(i.RCC_APB1PeriphClockCmd)
    i.RCC_APB1PeriphResetCmd                 0x08000fc4   Section        0  stm32f4xx_rcc.o(i.RCC_APB1PeriphResetCmd)
    i.RCC_APB2PeriphClockCmd                 0x08000fe4   Section        0  stm32f4xx_rcc.o(i.RCC_APB2PeriphClockCmd)
    i.RCC_APB2PeriphResetCmd                 0x08001004   Section        0  stm32f4xx_rcc.o(i.RCC_APB2PeriphResetCmd)
    i.RCC_GetClocksFreq                      0x08001024   Section        0  stm32f4xx_rcc.o(i.RCC_GetClocksFreq)
    i.SPI1_Init                              0x0800110c   Section        0  spi.o(i.SPI1_Init)
    i.SPI1_ReadWriteByte                     0x080011c4   Section        0  spi.o(i.SPI1_ReadWriteByte)
    i.SPI1_WriteData                         0x080011fc   Section        0  spi.o(i.SPI1_WriteData)
    i.SPI_Cmd                                0x08001240   Section        0  stm32f4xx_spi.o(i.SPI_Cmd)
    i.SPI_I2S_GetFlagStatus                  0x08001258   Section        0  stm32f4xx_spi.o(i.SPI_I2S_GetFlagStatus)
    i.SPI_I2S_ReceiveData                    0x0800126a   Section        0  stm32f4xx_spi.o(i.SPI_I2S_ReceiveData)
    i.SPI_I2S_SendData                       0x08001270   Section        0  stm32f4xx_spi.o(i.SPI_I2S_SendData)
    i.SPI_Init                               0x08001274   Section        0  stm32f4xx_spi.o(i.SPI_Init)
    i.SVC_Handler                            0x080012b0   Section        0  stm32f4xx_it.o(i.SVC_Handler)
    i.SetSysClock                            0x080012b4   Section        0  system_stm32f4xx.o(i.SetSysClock)
    SetSysClock                              0x080012b5   Thumb Code   138  system_stm32f4xx.o(i.SetSysClock)
    i.SysTick_CLKSourceConfig                0x08001350   Section        0  misc.o(i.SysTick_CLKSourceConfig)
    i.SysTick_Handler                        0x08001378   Section        0  stm32f4xx_it.o(i.SysTick_Handler)
    i.SystemInit                             0x0800137c   Section        0  system_stm32f4xx.o(i.SystemInit)
    i.TCS34725_Enable                        0x080013e4   Section        0  tcs34725_iic.o(i.TCS34725_Enable)
    i.TCS34725_GetChannelData                0x0800140a   Section        0  tcs34725_iic.o(i.TCS34725_GetChannelData)
    i.TCS34725_GetRGB565Data                 0x0800142c   Section        0  tcs34725_iic.o(i.TCS34725_GetRGB565Data)
    i.TCS34725_GetRawData                    0x08001486   Section        0  tcs34725_iic.o(i.TCS34725_GetRawData)
    i.TCS34725_I2C_ACK                       0x080014c8   Section        0  tcs34725_iic.o(i.TCS34725_I2C_ACK)
    i.TCS34725_I2C_Init                      0x08001514   Section        0  tcs34725_iic.o(i.TCS34725_I2C_Init)
    i.TCS34725_I2C_NACK                      0x08001564   Section        0  tcs34725_iic.o(i.TCS34725_I2C_NACK)
    i.TCS34725_I2C_Read                      0x080015b0   Section        0  tcs34725_iic.o(i.TCS34725_I2C_Read)
    i.TCS34725_I2C_Read_Byte                 0x08001604   Section        0  tcs34725_iic.o(i.TCS34725_I2C_Read_Byte)
    i.TCS34725_I2C_Send_Byte                 0x0800166c   Section        0  tcs34725_iic.o(i.TCS34725_I2C_Send_Byte)
    i.TCS34725_I2C_Start                     0x080016e4   Section        0  tcs34725_iic.o(i.TCS34725_I2C_Start)
    i.TCS34725_I2C_Stop                      0x08001730   Section        0  tcs34725_iic.o(i.TCS34725_I2C_Stop)
    i.TCS34725_I2C_Wait_ACK                  0x0800177c   Section        0  tcs34725_iic.o(i.TCS34725_I2C_Wait_ACK)
    i.TCS34725_I2C_Write                     0x080017dc   Section        0  tcs34725_iic.o(i.TCS34725_I2C_Write)
    i.TCS34725_Init                          0x08001822   Section        0  tcs34725_iic.o(i.TCS34725_Init)
    i.TCS34725_Read                          0x08001856   Section        0  tcs34725_iic.o(i.TCS34725_Read)
    i.TCS34725_SetGain                       0x08001880   Section        0  tcs34725_iic.o(i.TCS34725_SetGain)
    i.TCS34725_SetIntegrationTime            0x08001892   Section        0  tcs34725_iic.o(i.TCS34725_SetIntegrationTime)
    i.TCS34725_Write                         0x080018a4   Section        0  tcs34725_iic.o(i.TCS34725_Write)
    i.TIM2_IRQHandler                        0x080018e4   Section        0  hc_sr04.o(i.TIM2_IRQHandler)
    i.TIM2_init                              0x08001904   Section        0  hc_sr04.o(i.TIM2_init)
    i.TIM_ClearITPendingBit                  0x08001966   Section        0  stm32f4xx_tim.o(i.TIM_ClearITPendingBit)
    i.TIM_Cmd                                0x0800196c   Section        0  stm32f4xx_tim.o(i.TIM_Cmd)
    i.TIM_DeInit                             0x08001984   Section        0  stm32f4xx_tim.o(i.TIM_DeInit)
    i.TIM_GetCounter                         0x08001b14   Section        0  stm32f4xx_tim.o(i.TIM_GetCounter)
    i.TIM_GetITStatus                        0x08001b1a   Section        0  stm32f4xx_tim.o(i.TIM_GetITStatus)
    i.TIM_ITConfig                           0x08001b3c   Section        0  stm32f4xx_tim.o(i.TIM_ITConfig)
    i.TIM_TimeBaseInit                       0x08001b50   Section        0  stm32f4xx_tim.o(i.TIM_TimeBaseInit)
    i.USART1_IRQHandler                      0x08001bd4   Section        0  usart.o(i.USART1_IRQHandler)
    i.USART_Cmd                              0x08001c44   Section        0  stm32f4xx_usart.o(i.USART_Cmd)
    i.USART_GetITStatus                      0x08001c5c   Section        0  stm32f4xx_usart.o(i.USART_GetITStatus)
    i.USART_ITConfig                         0x08001cb0   Section        0  stm32f4xx_usart.o(i.USART_ITConfig)
    i.USART_Init                             0x08001cfc   Section        0  stm32f4xx_usart.o(i.USART_Init)
    i.USART_ReceiveData                      0x08001dd0   Section        0  stm32f4xx_usart.o(i.USART_ReceiveData)
    i.UsageFault_Handler                     0x08001dda   Section        0  stm32f4xx_it.o(i.UsageFault_Handler)
    i.VL6180X_IIC_Ack                        0x08001de0   Section        0  vl6180x_iic.o(i.VL6180X_IIC_Ack)
    i.VL6180X_IIC_Init                       0x08001e30   Section        0  vl6180x_iic.o(i.VL6180X_IIC_Init)
    i.VL6180X_IIC_NAck                       0x08001e7c   Section        0  vl6180x_iic.o(i.VL6180X_IIC_NAck)
    i.VL6180X_IIC_Read_Byte                  0x08001ecc   Section        0  vl6180x_iic.o(i.VL6180X_IIC_Read_Byte)
    i.VL6180X_IIC_Send_Byte                  0x08001f38   Section        0  vl6180x_iic.o(i.VL6180X_IIC_Send_Byte)
    i.VL6180X_IIC_Start                      0x08001fa0   Section        0  vl6180x_iic.o(i.VL6180X_IIC_Start)
    i.VL6180X_IIC_Stop                       0x08001fec   Section        0  vl6180x_iic.o(i.VL6180X_IIC_Stop)
    i.VL6180X_IIC_Wait_Ack                   0x08002038   Section        0  vl6180x_iic.o(i.VL6180X_IIC_Wait_Ack)
    i.VL6180X_Init                           0x08002098   Section        0  vl6180x_iic.o(i.VL6180X_Init)
    i.VL6180X_ReadByte                       0x08002206   Section        0  vl6180x_iic.o(i.VL6180X_ReadByte)
    i.VL6180X_Read_ID                        0x08002252   Section        0  vl6180x_iic.o(i.VL6180X_Read_ID)
    i.VL6180X_Read_Range                     0x0800225c   Section        0  vl6180x_iic.o(i.VL6180X_Read_Range)
    i.VL6180X_WriteByte                      0x0800229c   Section        0  vl6180x_iic.o(i.VL6180X_WriteByte)
    i._sys_exit                              0x080022f2   Section        0  usart.o(i._sys_exit)
    i.delay_init                             0x080022f8   Section        0  delay.o(i.delay_init)
    i.delay_ms                               0x08002334   Section        0  delay.o(i.delay_ms)
    i.delay_us                               0x0800236c   Section        0  delay.o(i.delay_us)
    i.delay_xms                              0x080023b8   Section        0  delay.o(i.delay_xms)
    i.fputc                                  0x08002404   Section        0  usart.o(i.fputc)
    i.main                                   0x08002420   Section        0  main.o(i.main)
    i.uart_init                              0x08002594   Section        0  usart.o(i.uart_init)
    x$fpl$dfix                               0x08002640   Section       94  dfix.o(x$fpl$dfix)
    $v0                                      0x08002640   Number         0  dfix.o(x$fpl$dfix)
    x$fpl$dfltu                              0x0800269e   Section       38  dflt_clz.o(x$fpl$dfltu)
    $v0                                      0x0800269e   Number         0  dflt_clz.o(x$fpl$dfltu)
    x$fpl$dmul                               0x080026c4   Section      340  dmul.o(x$fpl$dmul)
    $v0                                      0x080026c4   Number         0  dmul.o(x$fpl$dmul)
    x$fpl$dnaninf                            0x08002818   Section      156  dnaninf.o(x$fpl$dnaninf)
    $v0                                      0x08002818   Number         0  dnaninf.o(x$fpl$dnaninf)
    x$fpl$dretinf                            0x080028b4   Section       12  dretinf.o(x$fpl$dretinf)
    $v0                                      0x080028b4   Number         0  dretinf.o(x$fpl$dretinf)
    x$fpl$fpinit                             0x080028c0   Section       10  fpinit.o(x$fpl$fpinit)
    $v0                                      0x080028c0   Number         0  fpinit.o(x$fpl$fpinit)
    .constdata                               0x080028ca   Section    134580  tftlcd.o(.constdata)
    x$fpl$usenofp                            0x080028ca   Section        0  usenofp.o(x$fpl$usenofp)
    .data                                    0x20000000   Section       12  main.o(.data)
    .data                                    0x2000000c   Section        4  delay.o(.data)
    fac_us                                   0x2000000c   Data           1  delay.o(.data)
    fac_ms                                   0x2000000e   Data           2  delay.o(.data)
    .data                                    0x20000010   Section        6  usart.o(.data)
    .data                                    0x20000016   Section        4  tftlcd.o(.data)
    .data                                    0x2000001a   Section        2  hc_sr04.o(.data)
    .data                                    0x2000001c   Section       16  stm32f4xx_rcc.o(.data)
    APBAHBPrescTable                         0x2000001c   Data          16  stm32f4xx_rcc.o(.data)
    .bss                                     0x2000002c   Section      400  usart.o(.bss)
    .bss                                     0x200001bc   Section     1152  tftlcd.o(.bss)
    lcd_buf                                  0x200001bc   Data        1152  tftlcd.o(.bss)
    .bss                                     0x2000063c   Section       96  libspace.o(.bss)
    HEAP                                     0x200006a0   Section      512  startup_stm32f40_41xxx.o(HEAP)
    Heap_Mem                                 0x200006a0   Data         512  startup_stm32f40_41xxx.o(HEAP)
    STACK                                    0x200008a0   Section     1024  startup_stm32f40_41xxx.o(STACK)
    Stack_Mem                                0x200008a0   Data        1024  startup_stm32f40_41xxx.o(STACK)
    __initial_sp                             0x20000ca0   Data           0  startup_stm32f40_41xxx.o(STACK)

    Global Symbols

    Symbol Name                              Value     Ov Type        Size  Object(Section)

    BuildAttributes$$THM_ISAv4$E$P$D$K$B$S$7EM$VFPi3$EXTD16$VFPS$VFMA$PE$A:L22UL41UL21$X:L11$S22US41US21$IEEE1$IW$USESV6$~STKCKD$USESV7$~SHL$OSPACE$ROPI$EBA8$UX$STANDARDLIB$REQ8$PRES8$EABIv2 0x00000000   Number         0  anon$$obj.o ABSOLUTE
    __ARM_use_no_argv                        0x00000000   Number         0  main.o ABSOLUTE
    __ARM_exceptions_init                     - Undefined Weak Reference
    __alloca_initialize                       - Undefined Weak Reference
    __arm_fini_                               - Undefined Weak Reference
    __arm_preinit_                            - Undefined Weak Reference
    __cpp_initialize__aeabi_                  - Undefined Weak Reference
    __cxa_finalize                            - Undefined Weak Reference
    __rt_locale                               - Undefined Weak Reference
    __sigvec_lookup                           - Undefined Weak Reference
    _atexit_init                              - Undefined Weak Reference
    _call_atexit_fns                          - Undefined Weak Reference
    _clock_init                               - Undefined Weak Reference
    _fp_trap_init                             - Undefined Weak Reference
    _fp_trap_shutdown                         - Undefined Weak Reference
    _get_lc_collate                           - Undefined Weak Reference
    _get_lc_ctype                             - Undefined Weak Reference
    _get_lc_monetary                          - Undefined Weak Reference
    _get_lc_numeric                           - Undefined Weak Reference
    _get_lc_time                              - Undefined Weak Reference
    _getenv_init                              - Undefined Weak Reference
    _handle_redirection                       - Undefined Weak Reference
    _init_alloc                               - Undefined Weak Reference
    _init_user_alloc                          - Undefined Weak Reference
    _initio                                   - Undefined Weak Reference
    _mutex_acquire                            - Undefined Weak Reference
    _mutex_release                            - Undefined Weak Reference
    _rand_init                                - Undefined Weak Reference
    _signal_finish                            - Undefined Weak Reference
    _signal_init                              - Undefined Weak Reference
    _terminate_alloc                          - Undefined Weak Reference
    _terminate_user_alloc                     - Undefined Weak Reference
    _terminateio                              - Undefined Weak Reference
    __Vectors_Size                           0x00000188   Number         0  startup_stm32f40_41xxx.o ABSOLUTE
    __Vectors                                0x08000000   Data           4  startup_stm32f40_41xxx.o(RESET)
    __Vectors_End                            0x08000188   Data           0  startup_stm32f40_41xxx.o(RESET)
    __main                                   0x08000189   Thumb Code     8  __main.o(!!!main)
    __scatterload                            0x08000191   Thumb Code     0  __scatter.o(!!!scatter)
    __scatterload_rt2                        0x08000191   Thumb Code    44  __scatter.o(!!!scatter)
    __scatterload_rt2_thumb_only             0x08000191   Thumb Code     0  __scatter.o(!!!scatter)
    __scatterload_null                       0x0800019f   Thumb Code     0  __scatter.o(!!!scatter)
    __scatterload_copy                       0x080001c5   Thumb Code    26  __scatter_copy.o(!!handler_copy)
    __scatterload_zeroinit                   0x080001e1   Thumb Code    28  __scatter_zi.o(!!handler_zi)
    __rt_lib_init                            0x080001fd   Thumb Code     0  libinit.o(.ARM.Collect$$libinit$$00000000)
    __rt_lib_init_fp_1                       0x080001ff   Thumb Code     0  libinit2.o(.ARM.Collect$$libinit$$00000001)
    __rt_lib_init_alloca_1                   0x08000203   Thumb Code     0  libinit2.o(.ARM.Collect$$libinit$$0000002E)
    __rt_lib_init_argv_1                     0x08000203   Thumb Code     0  libinit2.o(.ARM.Collect$$libinit$$0000002C)
    __rt_lib_init_atexit_1                   0x08000203   Thumb Code     0  libinit2.o(.ARM.Collect$$libinit$$0000001B)
    __rt_lib_init_clock_1                    0x08000203   Thumb Code     0  libinit2.o(.ARM.Collect$$libinit$$00000021)
    __rt_lib_init_cpp_1                      0x08000203   Thumb Code     0  libinit2.o(.ARM.Collect$$libinit$$00000032)
    __rt_lib_init_exceptions_1               0x08000203   Thumb Code     0  libinit2.o(.ARM.Collect$$libinit$$00000030)
    __rt_lib_init_fp_trap_1                  0x08000203   Thumb Code     0  libinit2.o(.ARM.Collect$$libinit$$0000001F)
    __rt_lib_init_getenv_1                   0x08000203   Thumb Code     0  libinit2.o(.ARM.Collect$$libinit$$00000023)
    __rt_lib_init_heap_1                     0x08000203   Thumb Code     0  libinit2.o(.ARM.Collect$$libinit$$0000000A)
    __rt_lib_init_lc_collate_1               0x08000203   Thumb Code     0  libinit2.o(.ARM.Collect$$libinit$$00000011)
    __rt_lib_init_lc_ctype_1                 0x08000203   Thumb Code     0  libinit2.o(.ARM.Collect$$libinit$$00000013)
    __rt_lib_init_lc_monetary_1              0x08000203   Thumb Code     0  libinit2.o(.ARM.Collect$$libinit$$00000015)
    __rt_lib_init_lc_numeric_1               0x08000203   Thumb Code     0  libinit2.o(.ARM.Collect$$libinit$$00000017)
    __rt_lib_init_lc_time_1                  0x08000203   Thumb Code     0  libinit2.o(.ARM.Collect$$libinit$$00000019)
    __rt_lib_init_preinit_1                  0x08000203   Thumb Code     0  libinit2.o(.ARM.Collect$$libinit$$00000004)
    __rt_lib_init_rand_1                     0x08000203   Thumb Code     0  libinit2.o(.ARM.Collect$$libinit$$0000000E)
    __rt_lib_init_return                     0x08000203   Thumb Code     0  libinit2.o(.ARM.Collect$$libinit$$00000033)
    __rt_lib_init_signal_1                   0x08000203   Thumb Code     0  libinit2.o(.ARM.Collect$$libinit$$0000001D)
    __rt_lib_init_stdio_1                    0x08000203   Thumb Code     0  libinit2.o(.ARM.Collect$$libinit$$00000025)
    __rt_lib_init_user_alloc_1               0x08000203   Thumb Code     0  libinit2.o(.ARM.Collect$$libinit$$0000000C)
    __rt_lib_shutdown                        0x08000205   Thumb Code     0  libshutdown.o(.ARM.Collect$$libshutdown$$00000000)
    __rt_lib_shutdown_cpp_1                  0x08000207   Thumb Code     0  libshutdown2.o(.ARM.Collect$$libshutdown$$00000004)
    __rt_lib_shutdown_fini_1                 0x08000207   Thumb Code     0  libshutdown2.o(.ARM.Collect$$libshutdown$$00000002)
    __rt_lib_shutdown_fp_trap_1              0x08000207   Thumb Code     0  libshutdown2.o(.ARM.Collect$$libshutdown$$00000009)
    __rt_lib_shutdown_heap_1                 0x08000207   Thumb Code     0  libshutdown2.o(.ARM.Collect$$libshutdown$$00000011)
    __rt_lib_shutdown_return                 0x08000207   Thumb Code     0  libshutdown2.o(.ARM.Collect$$libshutdown$$00000012)
    __rt_lib_shutdown_signal_1               0x08000207   Thumb Code     0  libshutdown2.o(.ARM.Collect$$libshutdown$$0000000C)
    __rt_lib_shutdown_stdio_1                0x08000207   Thumb Code     0  libshutdown2.o(.ARM.Collect$$libshutdown$$00000006)
    __rt_lib_shutdown_user_alloc_1           0x08000207   Thumb Code     0  libshutdown2.o(.ARM.Collect$$libshutdown$$0000000E)
    __rt_entry                               0x08000209   Thumb Code     0  __rtentry.o(.ARM.Collect$$rtentry$$00000000)
    __rt_entry_presh_1                       0x08000209   Thumb Code     0  __rtentry2.o(.ARM.Collect$$rtentry$$00000002)
    __rt_entry_sh                            0x08000209   Thumb Code     0  __rtentry4.o(.ARM.Collect$$rtentry$$00000004)
    __rt_entry_li                            0x0800020f   Thumb Code     0  __rtentry2.o(.ARM.Collect$$rtentry$$0000000A)
    __rt_entry_postsh_1                      0x0800020f   Thumb Code     0  __rtentry2.o(.ARM.Collect$$rtentry$$00000009)
    __rt_entry_main                          0x08000213   Thumb Code     0  __rtentry2.o(.ARM.Collect$$rtentry$$0000000D)
    __rt_entry_postli_1                      0x08000213   Thumb Code     0  __rtentry2.o(.ARM.Collect$$rtentry$$0000000C)
    __rt_exit                                0x0800021b   Thumb Code     0  rtexit.o(.ARM.Collect$$rtexit$$00000000)
    __rt_exit_ls                             0x0800021d   Thumb Code     0  rtexit2.o(.ARM.Collect$$rtexit$$00000003)
    __rt_exit_prels_1                        0x0800021d   Thumb Code     0  rtexit2.o(.ARM.Collect$$rtexit$$00000002)
    __rt_exit_exit                           0x08000221   Thumb Code     0  rtexit2.o(.ARM.Collect$$rtexit$$00000004)
    Reset_Handler                            0x08000229   Thumb Code     8  startup_stm32f40_41xxx.o(.text)
    ADC_IRQHandler                           0x08000243   Thumb Code     0  startup_stm32f40_41xxx.o(.text)
    CAN1_RX0_IRQHandler                      0x08000243   Thumb Code     0  startup_stm32f40_41xxx.o(.text)
    CAN1_RX1_IRQHandler                      0x08000243   Thumb Code     0  startup_stm32f40_41xxx.o(.text)
    CAN1_SCE_IRQHandler                      0x08000243   Thumb Code     0  startup_stm32f40_41xxx.o(.text)
    CAN1_TX_IRQHandler                       0x08000243   Thumb Code     0  startup_stm32f40_41xxx.o(.text)
    CAN2_RX0_IRQHandler                      0x08000243   Thumb Code     0  startup_stm32f40_41xxx.o(.text)
    CAN2_RX1_IRQHandler                      0x08000243   Thumb Code     0  startup_stm32f40_41xxx.o(.text)
    CAN2_SCE_IRQHandler                      0x08000243   Thumb Code     0  startup_stm32f40_41xxx.o(.text)
    CAN2_TX_IRQHandler                       0x08000243   Thumb Code     0  startup_stm32f40_41xxx.o(.text)
    CRYP_IRQHandler                          0x08000243   Thumb Code     0  startup_stm32f40_41xxx.o(.text)
    DCMI_IRQHandler                          0x08000243   Thumb Code     0  startup_stm32f40_41xxx.o(.text)
    DMA1_Stream0_IRQHandler                  0x08000243   Thumb Code     0  startup_stm32f40_41xxx.o(.text)
    DMA1_Stream1_IRQHandler                  0x08000243   Thumb Code     0  startup_stm32f40_41xxx.o(.text)
    DMA1_Stream2_IRQHandler                  0x08000243   Thumb Code     0  startup_stm32f40_41xxx.o(.text)
    DMA1_Stream3_IRQHandler                  0x08000243   Thumb Code     0  startup_stm32f40_41xxx.o(.text)
    DMA1_Stream4_IRQHandler                  0x08000243   Thumb Code     0  startup_stm32f40_41xxx.o(.text)
    DMA1_Stream5_IRQHandler                  0x08000243   Thumb Code     0  startup_stm32f40_41xxx.o(.text)
    DMA1_Stream6_IRQHandler                  0x08000243   Thumb Code     0  startup_stm32f40_41xxx.o(.text)
    DMA1_Stream7_IRQHandler                  0x08000243   Thumb Code     0  startup_stm32f40_41xxx.o(.text)
    DMA2_Stream0_IRQHandler                  0x08000243   Thumb Code     0  startup_stm32f40_41xxx.o(.text)
    DMA2_Stream1_IRQHandler                  0x08000243   Thumb Code     0  startup_stm32f40_41xxx.o(.text)
    DMA2_Stream2_IRQHandler                  0x08000243   Thumb Code     0  startup_stm32f40_41xxx.o(.text)
    DMA2_Stream3_IRQHandler                  0x08000243   Thumb Code     0  startup_stm32f40_41xxx.o(.text)
    DMA2_Stream4_IRQHandler                  0x08000243   Thumb Code     0  startup_stm32f40_41xxx.o(.text)
    DMA2_Stream5_IRQHandler                  0x08000243   Thumb Code     0  startup_stm32f40_41xxx.o(.text)
    DMA2_Stream6_IRQHandler                  0x08000243   Thumb Code     0  startup_stm32f40_41xxx.o(.text)
    DMA2_Stream7_IRQHandler                  0x08000243   Thumb Code     0  startup_stm32f40_41xxx.o(.text)
    ETH_IRQHandler                           0x08000243   Thumb Code     0  startup_stm32f40_41xxx.o(.text)
    ETH_WKUP_IRQHandler                      0x08000243   Thumb Code     0  startup_stm32f40_41xxx.o(.text)
    EXTI0_IRQHandler                         0x08000243   Thumb Code     0  startup_stm32f40_41xxx.o(.text)
    EXTI15_10_IRQHandler                     0x08000243   Thumb Code     0  startup_stm32f40_41xxx.o(.text)
    EXTI1_IRQHandler                         0x08000243   Thumb Code     0  startup_stm32f40_41xxx.o(.text)
    EXTI2_IRQHandler                         0x08000243   Thumb Code     0  startup_stm32f40_41xxx.o(.text)
    EXTI3_IRQHandler                         0x08000243   Thumb Code     0  startup_stm32f40_41xxx.o(.text)
    EXTI4_IRQHandler                         0x08000243   Thumb Code     0  startup_stm32f40_41xxx.o(.text)
    EXTI9_5_IRQHandler                       0x08000243   Thumb Code     0  startup_stm32f40_41xxx.o(.text)
    FLASH_IRQHandler                         0x08000243   Thumb Code     0  startup_stm32f40_41xxx.o(.text)
    FPU_IRQHandler                           0x08000243   Thumb Code     0  startup_stm32f40_41xxx.o(.text)
    FSMC_IRQHandler                          0x08000243   Thumb Code     0  startup_stm32f40_41xxx.o(.text)
    HASH_RNG_IRQHandler                      0x08000243   Thumb Code     0  startup_stm32f40_41xxx.o(.text)
    I2C1_ER_IRQHandler                       0x08000243   Thumb Code     0  startup_stm32f40_41xxx.o(.text)
    I2C1_EV_IRQHandler                       0x08000243   Thumb Code     0  startup_stm32f40_41xxx.o(.text)
    I2C2_ER_IRQHandler                       0x08000243   Thumb Code     0  startup_stm32f40_41xxx.o(.text)
    I2C2_EV_IRQHandler                       0x08000243   Thumb Code     0  startup_stm32f40_41xxx.o(.text)
    I2C3_ER_IRQHandler                       0x08000243   Thumb Code     0  startup_stm32f40_41xxx.o(.text)
    I2C3_EV_IRQHandler                       0x08000243   Thumb Code     0  startup_stm32f40_41xxx.o(.text)
    OTG_FS_IRQHandler                        0x08000243   Thumb Code     0  startup_stm32f40_41xxx.o(.text)
    OTG_FS_WKUP_IRQHandler                   0x08000243   Thumb Code     0  startup_stm32f40_41xxx.o(.text)
    OTG_HS_EP1_IN_IRQHandler                 0x08000243   Thumb Code     0  startup_stm32f40_41xxx.o(.text)
    OTG_HS_EP1_OUT_IRQHandler                0x08000243   Thumb Code     0  startup_stm32f40_41xxx.o(.text)
    OTG_HS_IRQHandler                        0x08000243   Thumb Code     0  startup_stm32f40_41xxx.o(.text)
    OTG_HS_WKUP_IRQHandler                   0x08000243   Thumb Code     0  startup_stm32f40_41xxx.o(.text)
    PVD_IRQHandler                           0x08000243   Thumb Code     0  startup_stm32f40_41xxx.o(.text)
    RCC_IRQHandler                           0x08000243   Thumb Code     0  startup_stm32f40_41xxx.o(.text)
    RTC_Alarm_IRQHandler                     0x08000243   Thumb Code     0  startup_stm32f40_41xxx.o(.text)
    RTC_WKUP_IRQHandler                      0x08000243   Thumb Code     0  startup_stm32f40_41xxx.o(.text)
    SDIO_IRQHandler                          0x08000243   Thumb Code     0  startup_stm32f40_41xxx.o(.text)
    SPI1_IRQHandler                          0x08000243   Thumb Code     0  startup_stm32f40_41xxx.o(.text)
    SPI2_IRQHandler                          0x08000243   Thumb Code     0  startup_stm32f40_41xxx.o(.text)
    SPI3_IRQHandler                          0x08000243   Thumb Code     0  startup_stm32f40_41xxx.o(.text)
    TAMP_STAMP_IRQHandler                    0x08000243   Thumb Code     0  startup_stm32f40_41xxx.o(.text)
    TIM1_BRK_TIM9_IRQHandler                 0x08000243   Thumb Code     0  startup_stm32f40_41xxx.o(.text)
    TIM1_CC_IRQHandler                       0x08000243   Thumb Code     0  startup_stm32f40_41xxx.o(.text)
    TIM1_TRG_COM_TIM11_IRQHandler            0x08000243   Thumb Code     0  startup_stm32f40_41xxx.o(.text)
    TIM1_UP_TIM10_IRQHandler                 0x08000243   Thumb Code     0  startup_stm32f40_41xxx.o(.text)
    TIM3_IRQHandler                          0x08000243   Thumb Code     0  startup_stm32f40_41xxx.o(.text)
    TIM4_IRQHandler                          0x08000243   Thumb Code     0  startup_stm32f40_41xxx.o(.text)
    TIM5_IRQHandler                          0x08000243   Thumb Code     0  startup_stm32f40_41xxx.o(.text)
    TIM6_DAC_IRQHandler                      0x08000243   Thumb Code     0  startup_stm32f40_41xxx.o(.text)
    TIM7_IRQHandler                          0x08000243   Thumb Code     0  startup_stm32f40_41xxx.o(.text)
    TIM8_BRK_TIM12_IRQHandler                0x08000243   Thumb Code     0  startup_stm32f40_41xxx.o(.text)
    TIM8_CC_IRQHandler                       0x08000243   Thumb Code     0  startup_stm32f40_41xxx.o(.text)
    TIM8_TRG_COM_TIM14_IRQHandler            0x08000243   Thumb Code     0  startup_stm32f40_41xxx.o(.text)
    TIM8_UP_TIM13_IRQHandler                 0x08000243   Thumb Code     0  startup_stm32f40_41xxx.o(.text)
    UART4_IRQHandler                         0x08000243   Thumb Code     0  startup_stm32f40_41xxx.o(.text)
    UART5_IRQHandler                         0x08000243   Thumb Code     0  startup_stm32f40_41xxx.o(.text)
    USART2_IRQHandler                        0x08000243   Thumb Code     0  startup_stm32f40_41xxx.o(.text)
    USART3_IRQHandler                        0x08000243   Thumb Code     0  startup_stm32f40_41xxx.o(.text)
    USART6_IRQHandler                        0x08000243   Thumb Code     0  startup_stm32f40_41xxx.o(.text)
    WWDG_IRQHandler                          0x08000243   Thumb Code     0  startup_stm32f40_41xxx.o(.text)
    __user_initial_stackheap                 0x08000245   Thumb Code     0  startup_stm32f40_41xxx.o(.text)
    __use_no_semihosting                     0x08000269   Thumb Code     2  use_no_semi_2.o(.text)
    __2printf                                0x0800026d   Thumb Code    20  noretval__2printf.o(.text)
    strcpy                                   0x08000285   Thumb Code    72  strcpy.o(.text)
    __aeabi_memclr                           0x080002cd   Thumb Code     0  rt_memclr.o(.text)
    __rt_memclr                              0x080002cd   Thumb Code    68  rt_memclr.o(.text)
    _memset                                  0x080002d1   Thumb Code     0  rt_memclr.o(.text)
    __use_two_region_memory                  0x08000311   Thumb Code     2  heapauxi.o(.text)
    __rt_heap_escrow$2region                 0x08000313   Thumb Code     2  heapauxi.o(.text)
    __rt_heap_expand$2region                 0x08000315   Thumb Code     2  heapauxi.o(.text)
    __I$use$semihosting                      0x08000317   Thumb Code     0  use_no_semi.o(.text)
    __use_no_semihosting_swi                 0x08000317   Thumb Code     2  use_no_semi.o(.text)
    _printf_char_file                        0x08000319   Thumb Code    32  _printf_char_file.o(.text)
    __aeabi_memclr4                          0x0800033d   Thumb Code     0  rt_memclr_w.o(.text)
    __aeabi_memclr8                          0x0800033d   Thumb Code     0  rt_memclr_w.o(.text)
    __rt_memclr_w                            0x0800033d   Thumb Code    78  rt_memclr_w.o(.text)
    _memset_w                                0x08000341   Thumb Code     0  rt_memclr_w.o(.text)
    _printf_char_common                      0x08000397   Thumb Code    32  _printf_char_common.o(.text)
    ferror                                   0x080003bd   Thumb Code     8  ferror.o(.text)
    __user_setup_stackheap                   0x080003c5   Thumb Code    74  sys_stackheap_outer.o(.text)
    __printf                                 0x0800040f   Thumb Code    40  __printf_nopercent.o(.text)
    exit                                     0x08000437   Thumb Code    18  exit.o(.text)
    __user_libspace                          0x08000449   Thumb Code     8  libspace.o(.text)
    __user_perproc_libspace                  0x08000449   Thumb Code     0  libspace.o(.text)
    __user_perthread_libspace                0x08000449   Thumb Code     0  libspace.o(.text)
    BusFault_Handler                         0x08000451   Thumb Code     4  stm32f4xx_it.o(i.BusFault_Handler)
    DebugMon_Handler                         0x08000455   Thumb Code     2  stm32f4xx_it.o(i.DebugMon_Handler)
    Display_TongFei_LOGO                     0x08000459   Thumb Code    24  tftlcd.o(i.Display_TongFei_LOGO)
    FPGA_GPIO_Init                           0x08000475   Thumb Code    84  fpga_signals.o(i.FPGA_GPIO_Init)
    FPGA_Send_Rotate                         0x080004dd   Thumb Code   136  fpga_signals.o(i.FPGA_Send_Rotate)
    GPIO_Init                                0x08000571   Thumb Code   144  stm32f4xx_gpio.o(i.GPIO_Init)
    GPIO_PinAFConfig                         0x08000601   Thumb Code    70  stm32f4xx_gpio.o(i.GPIO_PinAFConfig)
    GPIO_ReadInputDataBit                    0x08000647   Thumb Code    18  stm32f4xx_gpio.o(i.GPIO_ReadInputDataBit)
    GPIO_ResetBits                           0x08000659   Thumb Code     4  stm32f4xx_gpio.o(i.GPIO_ResetBits)
    GPIO_SetBits                             0x0800065d   Thumb Code     4  stm32f4xx_gpio.o(i.GPIO_SetBits)
    HC_SR04_GPIO_Init                        0x08000661   Thumb Code    48  hc_sr04.o(i.HC_SR04_GPIO_Init)
    HC_SR04_GetDiatance                      0x08000695   Thumb Code   162  hc_sr04.o(i.HC_SR04_GetDiatance)
    HardFault_Handler                        0x08000749   Thumb Code     4  stm32f4xx_it.o(i.HardFault_Handler)
    LCD_Address_Set                          0x0800074d   Thumb Code    82  tftlcd.o(i.LCD_Address_Set)
    LCD_Clear                                0x080007a1   Thumb Code   100  tftlcd.o(i.LCD_Clear)
    LCD_Fill                                 0x0800080d   Thumb Code   140  tftlcd.o(i.LCD_Fill)
    LCD_Init                                 0x0800090d   Thumb Code   406  tftlcd.o(i.LCD_Init)
    LCD_ShowChar                             0x08000b09   Thumb Code   502  tftlcd.o(i.LCD_ShowChar)
    LCD_ShowNum                              0x08000d19   Thumb Code   136  tftlcd.o(i.LCD_ShowNum)
    LCD_ShowString                           0x08000da1   Thumb Code    98  tftlcd.o(i.LCD_ShowString)
    LCD_Show_Image                           0x08000e05   Thumb Code    74  tftlcd.o(i.LCD_Show_Image)
    LCD_Write_HalfWord                       0x08000e85   Thumb Code    36  tftlcd.o(i.LCD_Write_HalfWord)
    LED_Init                                 0x08000ead   Thumb Code    60  led.o(i.LED_Init)
    MemManage_Handler                        0x08000eed   Thumb Code     4  stm32f4xx_it.o(i.MemManage_Handler)
    NMI_Handler                              0x08000ef1   Thumb Code     2  stm32f4xx_it.o(i.NMI_Handler)
    NVIC_Init                                0x08000ef5   Thumb Code   106  misc.o(i.NVIC_Init)
    NVIC_PriorityGroupConfig                 0x08000f6d   Thumb Code    10  misc.o(i.NVIC_PriorityGroupConfig)
    PendSV_Handler                           0x08000f81   Thumb Code     2  stm32f4xx_it.o(i.PendSV_Handler)
    RCC_AHB1PeriphClockCmd                   0x08000f85   Thumb Code    26  stm32f4xx_rcc.o(i.RCC_AHB1PeriphClockCmd)
    RCC_APB1PeriphClockCmd                   0x08000fa5   Thumb Code    26  stm32f4xx_rcc.o(i.RCC_APB1PeriphClockCmd)
    RCC_APB1PeriphResetCmd                   0x08000fc5   Thumb Code    26  stm32f4xx_rcc.o(i.RCC_APB1PeriphResetCmd)
    RCC_APB2PeriphClockCmd                   0x08000fe5   Thumb Code    26  stm32f4xx_rcc.o(i.RCC_APB2PeriphClockCmd)
    RCC_APB2PeriphResetCmd                   0x08001005   Thumb Code    26  stm32f4xx_rcc.o(i.RCC_APB2PeriphResetCmd)
    RCC_GetClocksFreq                        0x08001025   Thumb Code   214  stm32f4xx_rcc.o(i.RCC_GetClocksFreq)
    SPI1_Init                                0x0800110d   Thumb Code   174  spi.o(i.SPI1_Init)
    SPI1_ReadWriteByte                       0x080011c5   Thumb Code    50  spi.o(i.SPI1_ReadWriteByte)
    SPI1_WriteData                           0x080011fd   Thumb Code    64  spi.o(i.SPI1_WriteData)
    SPI_Cmd                                  0x08001241   Thumb Code    24  stm32f4xx_spi.o(i.SPI_Cmd)
    SPI_I2S_GetFlagStatus                    0x08001259   Thumb Code    18  stm32f4xx_spi.o(i.SPI_I2S_GetFlagStatus)
    SPI_I2S_ReceiveData                      0x0800126b   Thumb Code     6  stm32f4xx_spi.o(i.SPI_I2S_ReceiveData)
    SPI_I2S_SendData                         0x08001271   Thumb Code     4  stm32f4xx_spi.o(i.SPI_I2S_SendData)
    SPI_Init                                 0x08001275   Thumb Code    60  stm32f4xx_spi.o(i.SPI_Init)
    SVC_Handler                              0x080012b1   Thumb Code     2  stm32f4xx_it.o(i.SVC_Handler)
    SysTick_CLKSourceConfig                  0x08001351   Thumb Code    40  misc.o(i.SysTick_CLKSourceConfig)
    SysTick_Handler                          0x08001379   Thumb Code     2  stm32f4xx_it.o(i.SysTick_Handler)
    SystemInit                               0x0800137d   Thumb Code    88  system_stm32f4xx.o(i.SystemInit)
    TCS34725_Enable                          0x080013e5   Thumb Code    38  tcs34725_iic.o(i.TCS34725_Enable)
    TCS34725_GetChannelData                  0x0800140b   Thumb Code    34  tcs34725_iic.o(i.TCS34725_GetChannelData)
    TCS34725_GetRGB565Data                   0x0800142d   Thumb Code    90  tcs34725_iic.o(i.TCS34725_GetRGB565Data)
    TCS34725_GetRawData                      0x08001487   Thumb Code    64  tcs34725_iic.o(i.TCS34725_GetRawData)
    TCS34725_I2C_ACK                         0x080014c9   Thumb Code    70  tcs34725_iic.o(i.TCS34725_I2C_ACK)
    TCS34725_I2C_Init                        0x08001515   Thumb Code    74  tcs34725_iic.o(i.TCS34725_I2C_Init)
    TCS34725_I2C_NACK                        0x08001565   Thumb Code    70  tcs34725_iic.o(i.TCS34725_I2C_NACK)
    TCS34725_I2C_Read                        0x080015b1   Thumb Code    84  tcs34725_iic.o(i.TCS34725_I2C_Read)
    TCS34725_I2C_Read_Byte                   0x08001605   Thumb Code    98  tcs34725_iic.o(i.TCS34725_I2C_Read_Byte)
    TCS34725_I2C_Send_Byte                   0x0800166d   Thumb Code   114  tcs34725_iic.o(i.TCS34725_I2C_Send_Byte)
    TCS34725_I2C_Start                       0x080016e5   Thumb Code    70  tcs34725_iic.o(i.TCS34725_I2C_Start)
    TCS34725_I2C_Stop                        0x08001731   Thumb Code    70  tcs34725_iic.o(i.TCS34725_I2C_Stop)
    TCS34725_I2C_Wait_ACK                    0x0800177d   Thumb Code    92  tcs34725_iic.o(i.TCS34725_I2C_Wait_ACK)
    TCS34725_I2C_Write                       0x080017dd   Thumb Code    70  tcs34725_iic.o(i.TCS34725_I2C_Write)
    TCS34725_Init                            0x08001823   Thumb Code    52  tcs34725_iic.o(i.TCS34725_Init)
    TCS34725_Read                            0x08001857   Thumb Code    42  tcs34725_iic.o(i.TCS34725_Read)
    TCS34725_SetGain                         0x08001881   Thumb Code    18  tcs34725_iic.o(i.TCS34725_SetGain)
    TCS34725_SetIntegrationTime              0x08001893   Thumb Code    18  tcs34725_iic.o(i.TCS34725_SetIntegrationTime)
    TCS34725_Write                           0x080018a5   Thumb Code    62  tcs34725_iic.o(i.TCS34725_Write)
    TIM2_IRQHandler                          0x080018e5   Thumb Code    28  hc_sr04.o(i.TIM2_IRQHandler)
    TIM2_init                                0x08001905   Thumb Code    98  hc_sr04.o(i.TIM2_init)
    TIM_ClearITPendingBit                    0x08001967   Thumb Code     6  stm32f4xx_tim.o(i.TIM_ClearITPendingBit)
    TIM_Cmd                                  0x0800196d   Thumb Code    24  stm32f4xx_tim.o(i.TIM_Cmd)
    TIM_DeInit                               0x08001985   Thumb Code   346  stm32f4xx_tim.o(i.TIM_DeInit)
    TIM_GetCounter                           0x08001b15   Thumb Code     6  stm32f4xx_tim.o(i.TIM_GetCounter)
    TIM_GetITStatus                          0x08001b1b   Thumb Code    34  stm32f4xx_tim.o(i.TIM_GetITStatus)
    TIM_ITConfig                             0x08001b3d   Thumb Code    18  stm32f4xx_tim.o(i.TIM_ITConfig)
    TIM_TimeBaseInit                         0x08001b51   Thumb Code   104  stm32f4xx_tim.o(i.TIM_TimeBaseInit)
    USART1_IRQHandler                        0x08001bd5   Thumb Code    94  usart.o(i.USART1_IRQHandler)
    USART_Cmd                                0x08001c45   Thumb Code    24  stm32f4xx_usart.o(i.USART_Cmd)
    USART_GetITStatus                        0x08001c5d   Thumb Code    84  stm32f4xx_usart.o(i.USART_GetITStatus)
    USART_ITConfig                           0x08001cb1   Thumb Code    74  stm32f4xx_usart.o(i.USART_ITConfig)
    USART_Init                               0x08001cfd   Thumb Code   204  stm32f4xx_usart.o(i.USART_Init)
    USART_ReceiveData                        0x08001dd1   Thumb Code    10  stm32f4xx_usart.o(i.USART_ReceiveData)
    UsageFault_Handler                       0x08001ddb   Thumb Code     4  stm32f4xx_it.o(i.UsageFault_Handler)
    VL6180X_IIC_Ack                          0x08001de1   Thumb Code    66  vl6180x_iic.o(i.VL6180X_IIC_Ack)
    VL6180X_IIC_Init                         0x08001e31   Thumb Code    62  vl6180x_iic.o(i.VL6180X_IIC_Init)
    VL6180X_IIC_NAck                         0x08001e7d   Thumb Code    66  vl6180x_iic.o(i.VL6180X_IIC_NAck)
    VL6180X_IIC_Read_Byte                    0x08001ecd   Thumb Code    94  vl6180x_iic.o(i.VL6180X_IIC_Read_Byte)
    VL6180X_IIC_Send_Byte                    0x08001f39   Thumb Code    90  vl6180x_iic.o(i.VL6180X_IIC_Send_Byte)
    VL6180X_IIC_Start                        0x08001fa1   Thumb Code    64  vl6180x_iic.o(i.VL6180X_IIC_Start)
    VL6180X_IIC_Stop                         0x08001fed   Thumb Code    62  vl6180x_iic.o(i.VL6180X_IIC_Stop)
    VL6180X_IIC_Wait_Ack                     0x08002039   Thumb Code    82  vl6180x_iic.o(i.VL6180X_IIC_Wait_Ack)
    VL6180X_Init                             0x08002099   Thumb Code   366  vl6180x_iic.o(i.VL6180X_Init)
    VL6180X_ReadByte                         0x08002207   Thumb Code    76  vl6180x_iic.o(i.VL6180X_ReadByte)
    VL6180X_Read_ID                          0x08002253   Thumb Code    10  vl6180x_iic.o(i.VL6180X_Read_ID)
    VL6180X_Read_Range                       0x0800225d   Thumb Code    64  vl6180x_iic.o(i.VL6180X_Read_Range)
    VL6180X_WriteByte                        0x0800229d   Thumb Code    86  vl6180x_iic.o(i.VL6180X_WriteByte)
    _sys_exit                                0x080022f3   Thumb Code     4  usart.o(i._sys_exit)
    delay_init                               0x080022f9   Thumb Code    52  delay.o(i.delay_init)
    delay_ms                                 0x08002335   Thumb Code    56  delay.o(i.delay_ms)
    delay_us                                 0x0800236d   Thumb Code    72  delay.o(i.delay_us)
    delay_xms                                0x080023b9   Thumb Code    72  delay.o(i.delay_xms)
    fputc                                    0x08002405   Thumb Code    22  usart.o(i.fputc)
    main                                     0x08002421   Thumb Code   328  main.o(i.main)
    uart_init                                0x08002595   Thumb Code   164  usart.o(i.uart_init)
    __aeabi_d2iz                             0x08002641   Thumb Code     0  dfix.o(x$fpl$dfix)
    _dfix                                    0x08002641   Thumb Code    94  dfix.o(x$fpl$dfix)
    __aeabi_ui2d                             0x0800269f   Thumb Code     0  dflt_clz.o(x$fpl$dfltu)
    _dfltu                                   0x0800269f   Thumb Code    38  dflt_clz.o(x$fpl$dfltu)
    __aeabi_dmul                             0x080026c5   Thumb Code     0  dmul.o(x$fpl$dmul)
    _dmul                                    0x080026c5   Thumb Code   332  dmul.o(x$fpl$dmul)
    __fpl_dnaninf                            0x08002819   Thumb Code   156  dnaninf.o(x$fpl$dnaninf)
    __fpl_dretinf                            0x080028b5   Thumb Code    12  dretinf.o(x$fpl$dretinf)
    _fp_init                                 0x080028c1   Thumb Code    10  fpinit.o(x$fpl$fpinit)
    __fplib_config_fpu_vfp                   0x080028c9   Thumb Code     0  fpinit.o(x$fpl$fpinit)
    __fplib_config_pureend_doubles           0x080028c9   Thumb Code     0  fpinit.o(x$fpl$fpinit)
    __I$use$fp                               0x080028ca   Number         0  usenofp.o(x$fpl$usenofp)
    asc2_1206                                0x080028ca   Data        1140  tftlcd.o(.constdata)
    asc2_1608                                0x08002d3e   Data        1520  tftlcd.o(.constdata)
    asc2_2412                                0x0800332e   Data        4560  tftlcd.o(.constdata)
    asc2_3216                                0x080044fe   Data       12160  tftlcd.o(.constdata)
    TongFei                                  0x0800747e   Data       115200  tftlcd.o(.constdata)
    Region$$Table$$Base                      0x08023680   Number         0  anon$$obj.o(Region$$Table)
    Region$$Table$$Limit                     0x080236a0   Number         0  anon$$obj.o(Region$$Table)
    rgb                                      0x20000000   Data           8  main.o(.data)
    hsl                                      0x20000008   Data           4  main.o(.data)
    __stdout                                 0x20000010   Data           4  usart.o(.data)
    USART_RX_STA                             0x20000014   Data           2  usart.o(.data)
    POINT_COLOR                              0x20000016   Data           2  tftlcd.o(.data)
    BACK_COLOR                               0x20000018   Data           2  tftlcd.o(.data)
    TIM2_Flag                                0x2000001a   Data           2  hc_sr04.o(.data)
    USART_RX_BUF                             0x2000002c   Data         200  usart.o(.bss)
    CMD                                      0x200000f4   Data         200  usart.o(.bss)
    __libspace_start                         0x2000063c   Data          96  libspace.o(.bss)
    __temporary_stack_top$libspace           0x2000069c   Data           0  libspace.o(.bss)



==============================================================================

Memory Map of the image

  Image Entry point : 0x08000189

  Load Region LR_IROM1 (Base: 0x08000000, Size: 0x000236cc, Max: 0x00080000, ABSOLUTE)

    Execution Region ER_IROM1 (Exec base: 0x08000000, Load base: 0x08000000, Size: 0x000236a0, Max: 0x00080000, ABSOLUTE)

    Exec Addr    Load Addr    Size         Type   Attr      Idx    E Section Name        Object

    0x08000000   0x08000000   0x00000188   Data   RO          920    RESET               startup_stm32f40_41xxx.o
    0x08000188   0x08000188   0x00000008   Code   RO         5553  * !!!main             c_w.l(__main.o)
    0x08000190   0x08000190   0x00000034   Code   RO         5739    !!!scatter          c_w.l(__scatter.o)
    0x080001c4   0x080001c4   0x0000001a   Code   RO         5741    !!handler_copy      c_w.l(__scatter_copy.o)
    0x080001de   0x080001de   0x00000002   PAD
    0x080001e0   0x080001e0   0x0000001c   Code   RO         5743    !!handler_zi        c_w.l(__scatter_zi.o)
    0x080001fc   0x080001fc   0x00000002   Code   RO         5611    .ARM.Collect$$libinit$$00000000  c_w.l(libinit.o)
    0x080001fe   0x080001fe   0x00000004   Code   RO         5617    .ARM.Collect$$libinit$$00000001  c_w.l(libinit2.o)
    0x08000202   0x08000202   0x00000000   Code   RO         5620    .ARM.Collect$$libinit$$00000004  c_w.l(libinit2.o)
    0x08000202   0x08000202   0x00000000   Code   RO         5623    .ARM.Collect$$libinit$$0000000A  c_w.l(libinit2.o)
    0x08000202   0x08000202   0x00000000   Code   RO         5625    .ARM.Collect$$libinit$$0000000C  c_w.l(libinit2.o)
    0x08000202   0x08000202   0x00000000   Code   RO         5627    .ARM.Collect$$libinit$$0000000E  c_w.l(libinit2.o)
    0x08000202   0x08000202   0x00000000   Code   RO         5630    .ARM.Collect$$libinit$$00000011  c_w.l(libinit2.o)
    0x08000202   0x08000202   0x00000000   Code   RO         5632    .ARM.Collect$$libinit$$00000013  c_w.l(libinit2.o)
    0x08000202   0x08000202   0x00000000   Code   RO         5634    .ARM.Collect$$libinit$$00000015  c_w.l(libinit2.o)
    0x08000202   0x08000202   0x00000000   Code   RO         5636    .ARM.Collect$$libinit$$00000017  c_w.l(libinit2.o)
    0x08000202   0x08000202   0x00000000   Code   RO         5638    .ARM.Collect$$libinit$$00000019  c_w.l(libinit2.o)
    0x08000202   0x08000202   0x00000000   Code   RO         5640    .ARM.Collect$$libinit$$0000001B  c_w.l(libinit2.o)
    0x08000202   0x08000202   0x00000000   Code   RO         5642    .ARM.Collect$$libinit$$0000001D  c_w.l(libinit2.o)
    0x08000202   0x08000202   0x00000000   Code   RO         5644    .ARM.Collect$$libinit$$0000001F  c_w.l(libinit2.o)
    0x08000202   0x08000202   0x00000000   Code   RO         5646    .ARM.Collect$$libinit$$00000021  c_w.l(libinit2.o)
    0x08000202   0x08000202   0x00000000   Code   RO         5648    .ARM.Collect$$libinit$$00000023  c_w.l(libinit2.o)
    0x08000202   0x08000202   0x00000000   Code   RO         5650    .ARM.Collect$$libinit$$00000025  c_w.l(libinit2.o)
    0x08000202   0x08000202   0x00000000   Code   RO         5654    .ARM.Collect$$libinit$$0000002C  c_w.l(libinit2.o)
    0x08000202   0x08000202   0x00000000   Code   RO         5656    .ARM.Collect$$libinit$$0000002E  c_w.l(libinit2.o)
    0x08000202   0x08000202   0x00000000   Code   RO         5658    .ARM.Collect$$libinit$$00000030  c_w.l(libinit2.o)
    0x08000202   0x08000202   0x00000000   Code   RO         5660    .ARM.Collect$$libinit$$00000032  c_w.l(libinit2.o)
    0x08000202   0x08000202   0x00000002   Code   RO         5661    .ARM.Collect$$libinit$$00000033  c_w.l(libinit2.o)
    0x08000204   0x08000204   0x00000002   Code   RO         5679    .ARM.Collect$$libshutdown$$00000000  c_w.l(libshutdown.o)
    0x08000206   0x08000206   0x00000000   Code   RO         5689    .ARM.Collect$$libshutdown$$00000002  c_w.l(libshutdown2.o)
    0x08000206   0x08000206   0x00000000   Code   RO         5691    .ARM.Collect$$libshutdown$$00000004  c_w.l(libshutdown2.o)
    0x08000206   0x08000206   0x00000000   Code   RO         5693    .ARM.Collect$$libshutdown$$00000006  c_w.l(libshutdown2.o)
    0x08000206   0x08000206   0x00000000   Code   RO         5696    .ARM.Collect$$libshutdown$$00000009  c_w.l(libshutdown2.o)
    0x08000206   0x08000206   0x00000000   Code   RO         5699    .ARM.Collect$$libshutdown$$0000000C  c_w.l(libshutdown2.o)
    0x08000206   0x08000206   0x00000000   Code   RO         5701    .ARM.Collect$$libshutdown$$0000000E  c_w.l(libshutdown2.o)
    0x08000206   0x08000206   0x00000000   Code   RO         5704    .ARM.Collect$$libshutdown$$00000011  c_w.l(libshutdown2.o)
    0x08000206   0x08000206   0x00000002   Code   RO         5705    .ARM.Collect$$libshutdown$$00000012  c_w.l(libshutdown2.o)
    0x08000208   0x08000208   0x00000000   Code   RO         5569    .ARM.Collect$$rtentry$$00000000  c_w.l(__rtentry.o)
    0x08000208   0x08000208   0x00000000   Code   RO         5580    .ARM.Collect$$rtentry$$00000002  c_w.l(__rtentry2.o)
    0x08000208   0x08000208   0x00000006   Code   RO         5592    .ARM.Collect$$rtentry$$00000004  c_w.l(__rtentry4.o)
    0x0800020e   0x0800020e   0x00000000   Code   RO         5582    .ARM.Collect$$rtentry$$00000009  c_w.l(__rtentry2.o)
    0x0800020e   0x0800020e   0x00000004   Code   RO         5583    .ARM.Collect$$rtentry$$0000000A  c_w.l(__rtentry2.o)
    0x08000212   0x08000212   0x00000000   Code   RO         5585    .ARM.Collect$$rtentry$$0000000C  c_w.l(__rtentry2.o)
    0x08000212   0x08000212   0x00000008   Code   RO         5586    .ARM.Collect$$rtentry$$0000000D  c_w.l(__rtentry2.o)
    0x0800021a   0x0800021a   0x00000002   Code   RO         5615    .ARM.Collect$$rtexit$$00000000  c_w.l(rtexit.o)
    0x0800021c   0x0800021c   0x00000000   Code   RO         5663    .ARM.Collect$$rtexit$$00000002  c_w.l(rtexit2.o)
    0x0800021c   0x0800021c   0x00000004   Code   RO         5664    .ARM.Collect$$rtexit$$00000003  c_w.l(rtexit2.o)
    0x08000220   0x08000220   0x00000006   Code   RO         5665    .ARM.Collect$$rtexit$$00000004  c_w.l(rtexit2.o)
    0x08000226   0x08000226   0x00000002   PAD
    0x08000228   0x08000228   0x00000040   Code   RO          921    .text               startup_stm32f40_41xxx.o
    0x08000268   0x08000268   0x00000002   Code   RO         5541    .text               c_w.l(use_no_semi_2.o)
    0x0800026a   0x0800026a   0x00000002   PAD
    0x0800026c   0x0800026c   0x00000018   Code   RO         5545    .text               c_w.l(noretval__2printf.o)
    0x08000284   0x08000284   0x00000048   Code   RO         5547    .text               c_w.l(strcpy.o)
    0x080002cc   0x080002cc   0x00000044   Code   RO         5549    .text               c_w.l(rt_memclr.o)
    0x08000310   0x08000310   0x00000006   Code   RO         5551    .text               c_w.l(heapauxi.o)
    0x08000316   0x08000316   0x00000002   Code   RO         5567    .text               c_w.l(use_no_semi.o)
    0x08000318   0x08000318   0x00000024   Code   RO         5570    .text               c_w.l(_printf_char_file.o)
    0x0800033c   0x0800033c   0x0000004e   Code   RO         5572    .text               c_w.l(rt_memclr_w.o)
    0x0800038a   0x0800038a   0x00000002   PAD
    0x0800038c   0x0800038c   0x00000030   Code   RO         5594    .text               c_w.l(_printf_char_common.o)
    0x080003bc   0x080003bc   0x00000008   Code   RO         5596    .text               c_w.l(ferror.o)
    0x080003c4   0x080003c4   0x0000004a   Code   RO         5600    .text               c_w.l(sys_stackheap_outer.o)
    0x0800040e   0x0800040e   0x00000028   Code   RO         5602    .text               c_w.l(__printf_nopercent.o)
    0x08000436   0x08000436   0x00000012   Code   RO         5604    .text               c_w.l(exit.o)
    0x08000448   0x08000448   0x00000008   Code   RO         5612    .text               c_w.l(libspace.o)
    0x08000450   0x08000450   0x00000004   Code   RO          210    i.BusFault_Handler  stm32f4xx_it.o
    0x08000454   0x08000454   0x00000002   Code   RO          211    i.DebugMon_Handler  stm32f4xx_it.o
    0x08000456   0x08000456   0x00000002   PAD
    0x08000458   0x08000458   0x0000001c   Code   RO          450    i.Display_TongFei_LOGO  tftlcd.o
    0x08000474   0x08000474   0x00000068   Code   RO          853    i.FPGA_GPIO_Init    fpga_signals.o
    0x080004dc   0x080004dc   0x00000094   Code   RO          854    i.FPGA_Send_Rotate  fpga_signals.o
    0x08000570   0x08000570   0x00000090   Code   RO         2528    i.GPIO_Init         stm32f4xx_gpio.o
    0x08000600   0x08000600   0x00000046   Code   RO         2529    i.GPIO_PinAFConfig  stm32f4xx_gpio.o
    0x08000646   0x08000646   0x00000012   Code   RO         2532    i.GPIO_ReadInputDataBit  stm32f4xx_gpio.o
    0x08000658   0x08000658   0x00000004   Code   RO         2535    i.GPIO_ResetBits    stm32f4xx_gpio.o
    0x0800065c   0x0800065c   0x00000004   Code   RO         2536    i.GPIO_SetBits      stm32f4xx_gpio.o
    0x08000660   0x08000660   0x00000034   Code   RO          879    i.HC_SR04_GPIO_Init  hc_sr04.o
    0x08000694   0x08000694   0x000000b4   Code   RO          880    i.HC_SR04_GetDiatance  hc_sr04.o
    0x08000748   0x08000748   0x00000004   Code   RO          212    i.HardFault_Handler  stm32f4xx_it.o
    0x0800074c   0x0800074c   0x00000052   Code   RO          451    i.LCD_Address_Set   tftlcd.o
    0x0800079e   0x0800079e   0x00000002   PAD
    0x080007a0   0x080007a0   0x0000006c   Code   RO          452    i.LCD_Clear         tftlcd.o
    0x0800080c   0x0800080c   0x00000094   Code   RO          460    i.LCD_Fill          tftlcd.o
    0x080008a0   0x080008a0   0x0000006c   Code   RO          461    i.LCD_Gpio_Init     tftlcd.o
    0x0800090c   0x0800090c   0x0000019c   Code   RO          462    i.LCD_Init          tftlcd.o
    0x08000aa8   0x08000aa8   0x00000016   Code   RO          463    i.LCD_Pow           tftlcd.o
    0x08000abe   0x08000abe   0x0000004a   Code   RO          464    i.LCD_SPI_Send      tftlcd.o
    0x08000b08   0x08000b08   0x00000210   Code   RO          465    i.LCD_ShowChar      tftlcd.o
    0x08000d18   0x08000d18   0x00000088   Code   RO          466    i.LCD_ShowNum       tftlcd.o
    0x08000da0   0x08000da0   0x00000062   Code   RO          467    i.LCD_ShowString    tftlcd.o
    0x08000e02   0x08000e02   0x00000002   PAD
    0x08000e04   0x08000e04   0x00000050   Code   RO          468    i.LCD_Show_Image    tftlcd.o
    0x08000e54   0x08000e54   0x00000018   Code   RO          470    i.LCD_Write_Cmd     tftlcd.o
    0x08000e6c   0x08000e6c   0x00000018   Code   RO          471    i.LCD_Write_Data    tftlcd.o
    0x08000e84   0x08000e84   0x00000028   Code   RO          472    i.LCD_Write_HalfWord  tftlcd.o
    0x08000eac   0x08000eac   0x00000040   Code   RO          392    i.LED_Init          led.o
    0x08000eec   0x08000eec   0x00000004   Code   RO          213    i.MemManage_Handler  stm32f4xx_it.o
    0x08000ef0   0x08000ef0   0x00000002   Code   RO          214    i.NMI_Handler       stm32f4xx_it.o
    0x08000ef2   0x08000ef2   0x00000002   PAD
    0x08000ef4   0x08000ef4   0x00000078   Code   RO          927    i.NVIC_Init         misc.o
    0x08000f6c   0x08000f6c   0x00000014   Code   RO          928    i.NVIC_PriorityGroupConfig  misc.o
    0x08000f80   0x08000f80   0x00000002   Code   RO          215    i.PendSV_Handler    stm32f4xx_it.o
    0x08000f82   0x08000f82   0x00000002   PAD
    0x08000f84   0x08000f84   0x00000020   Code   RO         3395    i.RCC_AHB1PeriphClockCmd  stm32f4xx_rcc.o
    0x08000fa4   0x08000fa4   0x00000020   Code   RO         3404    i.RCC_APB1PeriphClockCmd  stm32f4xx_rcc.o
    0x08000fc4   0x08000fc4   0x00000020   Code   RO         3406    i.RCC_APB1PeriphResetCmd  stm32f4xx_rcc.o
    0x08000fe4   0x08000fe4   0x00000020   Code   RO         3407    i.RCC_APB2PeriphClockCmd  stm32f4xx_rcc.o
    0x08001004   0x08001004   0x00000020   Code   RO         3409    i.RCC_APB2PeriphResetCmd  stm32f4xx_rcc.o
    0x08001024   0x08001024   0x000000e8   Code   RO         3416    i.RCC_GetClocksFreq  stm32f4xx_rcc.o
    0x0800110c   0x0800110c   0x000000b8   Code   RO          412    i.SPI1_Init         spi.o
    0x080011c4   0x080011c4   0x00000038   Code   RO          413    i.SPI1_ReadWriteByte  spi.o
    0x080011fc   0x080011fc   0x00000044   Code   RO          415    i.SPI1_WriteData    spi.o
    0x08001240   0x08001240   0x00000018   Code   RO         4515    i.SPI_Cmd           stm32f4xx_spi.o
    0x08001258   0x08001258   0x00000012   Code   RO         4523    i.SPI_I2S_GetFlagStatus  stm32f4xx_spi.o
    0x0800126a   0x0800126a   0x00000006   Code   RO         4526    i.SPI_I2S_ReceiveData  stm32f4xx_spi.o
    0x08001270   0x08001270   0x00000004   Code   RO         4527    i.SPI_I2S_SendData  stm32f4xx_spi.o
    0x08001274   0x08001274   0x0000003c   Code   RO         4528    i.SPI_Init          stm32f4xx_spi.o
    0x080012b0   0x080012b0   0x00000002   Code   RO          216    i.SVC_Handler       stm32f4xx_it.o
    0x080012b2   0x080012b2   0x00000002   PAD
    0x080012b4   0x080012b4   0x0000009c   Code   RO          154    i.SetSysClock       system_stm32f4xx.o
    0x08001350   0x08001350   0x00000028   Code   RO          931    i.SysTick_CLKSourceConfig  misc.o
    0x08001378   0x08001378   0x00000002   Code   RO          217    i.SysTick_Handler   stm32f4xx_it.o
    0x0800137a   0x0800137a   0x00000002   PAD
    0x0800137c   0x0800137c   0x00000068   Code   RO          156    i.SystemInit        system_stm32f4xx.o
    0x080013e4   0x080013e4   0x00000026   Code   RO          610    i.TCS34725_Enable   tcs34725_iic.o
    0x0800140a   0x0800140a   0x00000022   Code   RO          611    i.TCS34725_GetChannelData  tcs34725_iic.o
    0x0800142c   0x0800142c   0x0000005a   Code   RO          612    i.TCS34725_GetRGB565Data  tcs34725_iic.o
    0x08001486   0x08001486   0x00000040   Code   RO          613    i.TCS34725_GetRawData  tcs34725_iic.o
    0x080014c6   0x080014c6   0x00000002   PAD
    0x080014c8   0x080014c8   0x0000004c   Code   RO          614    i.TCS34725_I2C_ACK  tcs34725_iic.o
    0x08001514   0x08001514   0x00000050   Code   RO          615    i.TCS34725_I2C_Init  tcs34725_iic.o
    0x08001564   0x08001564   0x0000004c   Code   RO          616    i.TCS34725_I2C_NACK  tcs34725_iic.o
    0x080015b0   0x080015b0   0x00000054   Code   RO          617    i.TCS34725_I2C_Read  tcs34725_iic.o
    0x08001604   0x08001604   0x00000068   Code   RO          618    i.TCS34725_I2C_Read_Byte  tcs34725_iic.o
    0x0800166c   0x0800166c   0x00000078   Code   RO          619    i.TCS34725_I2C_Send_Byte  tcs34725_iic.o
    0x080016e4   0x080016e4   0x0000004c   Code   RO          620    i.TCS34725_I2C_Start  tcs34725_iic.o
    0x08001730   0x08001730   0x0000004c   Code   RO          621    i.TCS34725_I2C_Stop  tcs34725_iic.o
    0x0800177c   0x0800177c   0x00000060   Code   RO          622    i.TCS34725_I2C_Wait_ACK  tcs34725_iic.o
    0x080017dc   0x080017dc   0x00000046   Code   RO          623    i.TCS34725_I2C_Write  tcs34725_iic.o
    0x08001822   0x08001822   0x00000034   Code   RO          624    i.TCS34725_Init     tcs34725_iic.o
    0x08001856   0x08001856   0x0000002a   Code   RO          625    i.TCS34725_Read     tcs34725_iic.o
    0x08001880   0x08001880   0x00000012   Code   RO          626    i.TCS34725_SetGain  tcs34725_iic.o
    0x08001892   0x08001892   0x00000012   Code   RO          627    i.TCS34725_SetIntegrationTime  tcs34725_iic.o
    0x080018a4   0x080018a4   0x0000003e   Code   RO          629    i.TCS34725_Write    tcs34725_iic.o
    0x080018e2   0x080018e2   0x00000002   PAD
    0x080018e4   0x080018e4   0x00000020   Code   RO          881    i.TIM2_IRQHandler   hc_sr04.o
    0x08001904   0x08001904   0x00000062   Code   RO          882    i.TIM2_init         hc_sr04.o
    0x08001966   0x08001966   0x00000006   Code   RO         4740    i.TIM_ClearITPendingBit  stm32f4xx_tim.o
    0x0800196c   0x0800196c   0x00000018   Code   RO         4745    i.TIM_Cmd           stm32f4xx_tim.o
    0x08001984   0x08001984   0x00000190   Code   RO         4750    i.TIM_DeInit        stm32f4xx_tim.o
    0x08001b14   0x08001b14   0x00000006   Code   RO         4764    i.TIM_GetCounter    stm32f4xx_tim.o
    0x08001b1a   0x08001b1a   0x00000022   Code   RO         4766    i.TIM_GetITStatus   stm32f4xx_tim.o
    0x08001b3c   0x08001b3c   0x00000012   Code   RO         4770    i.TIM_ITConfig      stm32f4xx_tim.o
    0x08001b4e   0x08001b4e   0x00000002   PAD
    0x08001b50   0x08001b50   0x00000084   Code   RO         4817    i.TIM_TimeBaseInit  stm32f4xx_tim.o
    0x08001bd4   0x08001bd4   0x00000070   Code   RO          343    i.USART1_IRQHandler  usart.o
    0x08001c44   0x08001c44   0x00000018   Code   RO         5295    i.USART_Cmd         stm32f4xx_usart.o
    0x08001c5c   0x08001c5c   0x00000054   Code   RO         5299    i.USART_GetITStatus  stm32f4xx_usart.o
    0x08001cb0   0x08001cb0   0x0000004a   Code   RO         5301    i.USART_ITConfig    stm32f4xx_usart.o
    0x08001cfa   0x08001cfa   0x00000002   PAD
    0x08001cfc   0x08001cfc   0x000000d4   Code   RO         5302    i.USART_Init        stm32f4xx_usart.o
    0x08001dd0   0x08001dd0   0x0000000a   Code   RO         5309    i.USART_ReceiveData  stm32f4xx_usart.o
    0x08001dda   0x08001dda   0x00000004   Code   RO          218    i.UsageFault_Handler  stm32f4xx_it.o
    0x08001dde   0x08001dde   0x00000002   PAD
    0x08001de0   0x08001de0   0x00000050   Code   RO          749    i.VL6180X_IIC_Ack   vl6180x_iic.o
    0x08001e30   0x08001e30   0x0000004c   Code   RO          750    i.VL6180X_IIC_Init  vl6180x_iic.o
    0x08001e7c   0x08001e7c   0x00000050   Code   RO          751    i.VL6180X_IIC_NAck  vl6180x_iic.o
    0x08001ecc   0x08001ecc   0x0000006c   Code   RO          752    i.VL6180X_IIC_Read_Byte  vl6180x_iic.o
    0x08001f38   0x08001f38   0x00000068   Code   RO          753    i.VL6180X_IIC_Send_Byte  vl6180x_iic.o
    0x08001fa0   0x08001fa0   0x0000004c   Code   RO          754    i.VL6180X_IIC_Start  vl6180x_iic.o
    0x08001fec   0x08001fec   0x0000004c   Code   RO          755    i.VL6180X_IIC_Stop  vl6180x_iic.o
    0x08002038   0x08002038   0x00000060   Code   RO          756    i.VL6180X_IIC_Wait_Ack  vl6180x_iic.o
    0x08002098   0x08002098   0x0000016e   Code   RO          757    i.VL6180X_Init      vl6180x_iic.o
    0x08002206   0x08002206   0x0000004c   Code   RO          758    i.VL6180X_ReadByte  vl6180x_iic.o
    0x08002252   0x08002252   0x0000000a   Code   RO          760    i.VL6180X_Read_ID   vl6180x_iic.o
    0x0800225c   0x0800225c   0x00000040   Code   RO          762    i.VL6180X_Read_Range  vl6180x_iic.o
    0x0800229c   0x0800229c   0x00000056   Code   RO          763    i.VL6180X_WriteByte  vl6180x_iic.o
    0x080022f2   0x080022f2   0x00000004   Code   RO          344    i._sys_exit         usart.o
    0x080022f6   0x080022f6   0x00000002   PAD
    0x080022f8   0x080022f8   0x0000003c   Code   RO          285    i.delay_init        delay.o
    0x08002334   0x08002334   0x00000038   Code   RO          286    i.delay_ms          delay.o
    0x0800236c   0x0800236c   0x0000004c   Code   RO          287    i.delay_us          delay.o
    0x080023b8   0x080023b8   0x0000004c   Code   RO          288    i.delay_xms         delay.o
    0x08002404   0x08002404   0x0000001c   Code   RO          345    i.fputc             usart.o
    0x08002420   0x08002420   0x00000174   Code   RO            3    i.main              main.o
    0x08002594   0x08002594   0x000000ac   Code   RO          346    i.uart_init         usart.o
    0x08002640   0x08002640   0x0000005e   Code   RO         5555    x$fpl$dfix          fz_wm.l(dfix.o)
    0x0800269e   0x0800269e   0x00000026   Code   RO         5559    x$fpl$dfltu         fz_wm.l(dflt_clz.o)
    0x080026c4   0x080026c4   0x00000154   Code   RO         5565    x$fpl$dmul          fz_wm.l(dmul.o)
    0x08002818   0x08002818   0x0000009c   Code   RO         5574    x$fpl$dnaninf       fz_wm.l(dnaninf.o)
    0x080028b4   0x080028b4   0x0000000c   Code   RO         5576    x$fpl$dretinf       fz_wm.l(dretinf.o)
    0x080028c0   0x080028c0   0x0000000a   Code   RO         5671    x$fpl$fpinit        fz_wm.l(fpinit.o)
    0x080028ca   0x080028ca   0x00000000   Code   RO         5578    x$fpl$usenofp       fz_wm.l(usenofp.o)
    0x080028ca   0x080028ca   0x00020db4   Data   RO          474    .constdata          tftlcd.o
    0x0802367e   0x0802367e   0x00000002   PAD
    0x08023680   0x08023680   0x00000020   Data   RO         5737    Region$$Table       anon$$obj.o


    Execution Region RW_IRAM1 (Exec base: 0x20000000, Load base: 0x080236a0, Size: 0x00000ca0, Max: 0x00020000, ABSOLUTE)

    Exec Addr    Load Addr    Size         Type   Attr      Idx    E Section Name        Object

    0x20000000   0x080236a0   0x0000000c   Data   RW            4    .data               main.o
    0x2000000c   0x080236ac   0x00000004   Data   RW          289    .data               delay.o
    0x20000010   0x080236b0   0x00000006   Data   RW          348    .data               usart.o
    0x20000016   0x080236b6   0x00000004   Data   RW          475    .data               tftlcd.o
    0x2000001a   0x080236ba   0x00000002   Data   RW          883    .data               hc_sr04.o
    0x2000001c   0x080236bc   0x00000010   Data   RW         3448    .data               stm32f4xx_rcc.o
    0x2000002c        -       0x00000190   Zero   RW          347    .bss                usart.o
    0x200001bc        -       0x00000480   Zero   RW          473    .bss                tftlcd.o
    0x2000063c        -       0x00000060   Zero   RW         5613    .bss                c_w.l(libspace.o)
    0x2000069c   0x080236cc   0x00000004   PAD
    0x200006a0        -       0x00000200   Zero   RW          919    HEAP                startup_stm32f40_41xxx.o
    0x200008a0        -       0x00000400   Zero   RW          918    STACK               startup_stm32f40_41xxx.o


==============================================================================

Image component sizes


      Code (inc. data)   RO Data    RW Data    ZI Data      Debug   Object Name

       268         16          0          4          0       2811   delay.o
       252         32          0          0          0       1368   fpga_signals.o
       362         26          0          2          0       3160   hc_sr04.o
        64          4          0          0          0        595   led.o
       372         44          0         12          0     261557   main.o
       180         24          0          0          0       2305   misc.o
       308         20          0          0          0       2534   spi.o
        64         26        392          0       1536        904   startup_stm32f40_41xxx.o
       240          0          0          0          0       3871   stm32f4xx_gpio.o
        26          0          0          0          0       4598   stm32f4xx_it.o
       392         48          0         16          0       6265   stm32f4xx_rcc.o
       112          0          0          0          0       3846   stm32f4xx_spi.o
       620         82          0          0          0       5456   stm32f4xx_tim.o
       404          8          0          0          0       4614   stm32f4xx_usart.o
       260         34          0          0          0       1109   system_stm32f4xx.o
      1276         46          0          0          0      15184   tcs34725_iic.o
      1912         86     134580          4       1152      13408   tftlcd.o
       316         32          0          6        400       4692   usart.o
      1298        110          0          0          0       9423   vl6180x_iic.o

    ----------------------------------------------------------------------
      8752        638     135006         44       3088     347700   Object Totals
         0          0         32          0          0          0   (incl. Generated)
        26          0          2          0          0          0   (incl. Padding)

    ----------------------------------------------------------------------

      Code (inc. data)   RO Data    RW Data    ZI Data      Debug   Library Member Name

         8          0          0          0          0         68   __main.o
        40          0          0          0          0         84   __printf_nopercent.o
         0          0          0          0          0          0   __rtentry.o
        12          0          0          0          0          0   __rtentry2.o
         6          0          0          0          0          0   __rtentry4.o
        52          8          0          0          0          0   __scatter.o
        26          0          0          0          0          0   __scatter_copy.o
        28          0          0          0          0          0   __scatter_zi.o
        48          6          0          0          0         96   _printf_char_common.o
        36          4          0          0          0         80   _printf_char_file.o
        18          0          0          0          0         80   exit.o
         8          0          0          0          0         68   ferror.o
         6          0          0          0          0        152   heapauxi.o
         2          0          0          0          0          0   libinit.o
         6          0          0          0          0          0   libinit2.o
         2          0          0          0          0          0   libshutdown.o
         2          0          0          0          0          0   libshutdown2.o
         8          4          0          0         96         68   libspace.o
        24          4          0          0          0         84   noretval__2printf.o
        68          0          0          0          0         68   rt_memclr.o
        78          0          0          0          0         80   rt_memclr_w.o
         2          0          0          0          0          0   rtexit.o
        10          0          0          0          0          0   rtexit2.o
        72          0          0          0          0         80   strcpy.o
        74          0          0          0          0         80   sys_stackheap_outer.o
         2          0          0          0          0         68   use_no_semi.o
         2          0          0          0          0         68   use_no_semi_2.o
        94          4          0          0          0        140   dfix.o
        38          0          0          0          0        116   dflt_clz.o
       340         12          0          0          0        152   dmul.o
       156          4          0          0          0        140   dnaninf.o
        12          0          0          0          0        116   dretinf.o
        10          0          0          0          0        116   fpinit.o
         0          0          0          0          0          0   usenofp.o

    ----------------------------------------------------------------------
      1298         46          0          0        100       2004   Library Totals
         8          0          0          0          4          0   (incl. Padding)

    ----------------------------------------------------------------------

      Code (inc. data)   RO Data    RW Data    ZI Data      Debug   Library Name

       640         26          0          0         96       1224   c_w.l
       650         20          0          0          0        780   fz_wm.l

    ----------------------------------------------------------------------
      1298         46          0          0        100       2004   Library Totals

    ----------------------------------------------------------------------

==============================================================================


      Code (inc. data)   RO Data    RW Data    ZI Data      Debug   

     10050        684     135006         44       3188     338432   Grand Totals
     10050        684     135006         44       3188     338432   ELF Image Totals
     10050        684     135006         44          0          0   ROM Totals

==============================================================================

    Total RO  Size (Code + RO Data)               145056 ( 141.66kB)
    Total RW  Size (RW Data + ZI Data)              3232 (   3.16kB)
    Total ROM Size (Code + RO Data + RW Data)     145100 ( 141.70kB)

==============================================================================

